Component: ARM Compiler 5.05 update 1 (build 106) Tool: armlink [4d0efa]

==============================================================================

Section Cross References

    main.o(.text) refers to _printf_percent.o(.ARM.Collect$$_printf_percent$$00000000) for _printf_percent
    main.o(.text) refers to _printf_x.o(.ARM.Collect$$_printf_percent$$0000000C) for _printf_x
    main.o(.text) refers to _printf_hex_int.o(.text) for _printf_longlong_hex
    main.o(.text) refers to _printf_s.o(.ARM.Collect$$_printf_percent$$00000014) for _printf_s
    main.o(.text) refers to _printf_str.o(.text) for _printf_str
    main.o(.text) refers to _printf_pad.o(.text) for _printf_pre_padding
    main.o(.text) refers to _printf_d.o(.ARM.Collect$$_printf_percent$$00000009) for _printf_d
    main.o(.text) refers to _printf_dec.o(.text) for _printf_int_dec
    main.o(.text) refers to _printf_c.o(.ARM.Collect$$_printf_percent$$00000013) for _printf_c
    main.o(.text) refers to noretval__2printf.o(.text) for __2printf
    main.o(.text) refers to hc595.o(.text) for SwitchOut
    main.o(.text) refers to tasks.o(.text) for vTaskDelay
    main.o(.text) refers to stepmoto.o(.text) for StepMotoMove
    main.o(.text) refers to queue.o(.text) for xQueueGenericReceive
    main.o(.text) refers to main.o(.data) for motion_state1
    main.o(.text) refers to stepmoto.o(.data) for StepMotor
    main.o(.text) refers to usart.o(.text) for Uart3_PutString
    main.o(.text) refers to rtc.o(.text) for RTC_Set_Time
    main.o(.text) refers to strlen.o(.text) for strlen
    main.o(.text) refers to ff.o(.text) for f_getfree
    main.o(.text) refers to rt_memclr_w.o(.text) for __aeabi_memclr4
    main.o(.text) refers to strcpy.o(.text) for strcpy
    main.o(.text) refers to noretval__2sprintf.o(.text) for __2sprintf
    main.o(.text) refers to main.o(.bss) for fileinfo
    main.o(.text) refers to rt_memcpy_v6.o(.text) for __aeabi_memcpy
    main.o(.text) refers to port.o(.text) for vPortEnterCritical
    main.o(.text) refers to misc.o(.text) for NVIC_PriorityGroupConfig
    main.o(.text) refers to delay.o(.text) for delay_init
    main.o(.text) refers to exti.o(.text) for EXTIX_Init
    main.o(.text) refers to timer.o(.text) for TIM2_PWM_Init
    main.o(.text) refers to ad7799.o(.text) for AD7799_Init
    main.o(.text) refers to w25qxx.o(.text) for W25QXX_Init
    system_stm32f4xx.o(.text) refers to system_stm32f4xx.o(.data) for SystemCoreClock
    startup_stm32f40_41xxx.o(STACK) refers (Special) to heapauxi.o(.text) for __use_two_region_memory
    startup_stm32f40_41xxx.o(HEAP) refers (Special) to heapauxi.o(.text) for __use_two_region_memory
    startup_stm32f40_41xxx.o(RESET) refers (Special) to heapauxi.o(.text) for __use_two_region_memory
    startup_stm32f40_41xxx.o(RESET) refers to startup_stm32f40_41xxx.o(STACK) for __initial_sp
    startup_stm32f40_41xxx.o(RESET) refers to startup_stm32f40_41xxx.o(.text) for Reset_Handler
    startup_stm32f40_41xxx.o(RESET) refers to stm32f4xx_it.o(.text) for NMI_Handler
    startup_stm32f40_41xxx.o(RESET) refers to port.o(.emb_text) for SVC_Handler
    startup_stm32f40_41xxx.o(RESET) refers to delay.o(.text) for SysTick_Handler
    startup_stm32f40_41xxx.o(RESET) refers to stepmoto.o(.text) for DMA1_Stream0_IRQHandler
    startup_stm32f40_41xxx.o(RESET) refers to exti.o(.text) for EXTI9_5_IRQHandler
    startup_stm32f40_41xxx.o(RESET) refers to usart.o(.text) for USART1_IRQHandler
    startup_stm32f40_41xxx.o(.text) refers (Special) to heapauxi.o(.text) for __use_two_region_memory
    startup_stm32f40_41xxx.o(.text) refers to system_stm32f4xx.o(.text) for SystemInit
    startup_stm32f40_41xxx.o(.text) refers to __main.o(!!!main) for __main
    startup_stm32f40_41xxx.o(.text) refers to startup_stm32f40_41xxx.o(HEAP) for Heap_Mem
    startup_stm32f40_41xxx.o(.text) refers to startup_stm32f40_41xxx.o(STACK) for Stack_Mem
    stm32f4xx_gpio.o(.text) refers to stm32f4xx_rcc.o(.text) for RCC_AHB1PeriphResetCmd
    stm32f4xx_rcc.o(.text) refers to stm32f4xx_rcc.o(.data) for APBAHBPrescTable
    stm32f4xx_spi.o(.text) refers to stm32f4xx_rcc.o(.text) for RCC_APB2PeriphResetCmd
    stm32f4xx_syscfg.o(.text) refers to stm32f4xx_rcc.o(.text) for RCC_APB2PeriphResetCmd
    stm32f4xx_tim.o(.text) refers to stm32f4xx_rcc.o(.text) for RCC_APB2PeriphResetCmd
    stm32f4xx_usart.o(.text) refers to stm32f4xx_rcc.o(.text) for RCC_APB2PeriphResetCmd
    stm32f4xx_pwr.o(.text) refers to stm32f4xx_rcc.o(.text) for RCC_APB1PeriphResetCmd
    delay.o(.text) refers to tasks.o(.text) for xTaskGetSchedulerState
    delay.o(.text) refers to port.o(.text) for xPortSysTickHandler
    delay.o(.text) refers to misc.o(.text) for SysTick_CLKSourceConfig
    delay.o(.text) refers to delay.o(.data) for fac_us
    usart.o(.rev16_text) refers (Special) to use_no_semi_2.o(.text) for __use_no_semihosting
    usart.o(.revsh_text) refers (Special) to use_no_semi_2.o(.text) for __use_no_semihosting
[...]
    TIM6_DAC_IRQHandler                      0x0800271b   Thumb Code     0  startup_stm32f40_41xxx.o(.text)
    TIM7_IRQHandler                          0x0800271b   Thumb Code     0  startup_stm32f40_41xxx.o(.text)
    TIM8_BRK_TIM12_IRQHandler                0x0800271b   Thumb Code     0  startup_stm32f40_41xxx.o(.text)
    TIM8_CC_IRQHandler                       0x0800271b   Thumb Code     0  startup_stm32f40_41xxx.o(.text)
    TIM8_TRG_COM_TIM14_IRQHandler            0x0800271b   Thumb Code     0  startup_stm32f40_41xxx.o(.text)
    TIM8_UP_TIM13_IRQHandler                 0x0800271b   Thumb Code     0  startup_stm32f40_41xxx.o(.text)
    UART4_IRQHandler                         0x0800271b   Thumb Code     0  startup_stm32f40_41xxx.o(.text)
    UART5_IRQHandler                         0x0800271b   Thumb Code     0  startup_stm32f40_41xxx.o(.text)
    USART2_IRQHandler                        0x0800271b   Thumb Code     0  startup_stm32f40_41xxx.o(.text)
    USART6_IRQHandler                        0x0800271b   Thumb Code     0  startup_stm32f40_41xxx.o(.text)
    WWDG_IRQHandler                          0x0800271b   Thumb Code     0  startup_stm32f40_41xxx.o(.text)
    __user_initial_stackheap                 0x0800271d   Thumb Code     0  startup_stm32f40_41xxx.o(.text)
    NVIC_PriorityGroupConfig                 0x08002741   Thumb Code    10  misc.o(.text)
    NVIC_Init                                0x0800274b   Thumb Code   106  misc.o(.text)
    NVIC_SetVectorTable                      0x080027b5   Thumb Code    14  misc.o(.text)
    NVIC_SystemLPConfig                      0x080027c3   Thumb Code    34  misc.o(.text)
    SysTick_CLKSourceConfig                  0x080027e5   Thumb Code    40  misc.o(.text)
    DMA_DeInit                               0x08002821   Thumb Code   324  stm32f4xx_dma.o(.text)
    DMA_Init                                 0x08002965   Thumb Code    82  stm32f4xx_dma.o(.text)
    DMA_StructInit                           0x080029b7   Thumb Code    34  stm32f4xx_dma.o(.text)
    DMA_Cmd                                  0x080029d9   Thumb Code    22  stm32f4xx_dma.o(.text)
    DMA_PeriphIncOffsetSizeConfig            0x080029ef   Thumb Code    22  stm32f4xx_dma.o(.text)
    DMA_FlowControllerConfig                 0x08002a05   Thumb Code    22  stm32f4xx_dma.o(.text)
    DMA_SetCurrDataCounter                   0x08002a1b   Thumb Code     4  stm32f4xx_dma.o(.text)
    DMA_GetCurrDataCounter                   0x08002a1f   Thumb Code     8  stm32f4xx_dma.o(.text)
    DMA_DoubleBufferModeConfig               0x08002a27   Thumb Code    24  stm32f4xx_dma.o(.text)
    DMA_DoubleBufferModeCmd                  0x08002a3f   Thumb Code    22  stm32f4xx_dma.o(.text)
    DMA_MemoryTargetConfig                   0x08002a55   Thumb Code    10  stm32f4xx_dma.o(.text)
    DMA_GetCurrentMemoryTarget               0x08002a5f   Thumb Code    20  stm32f4xx_dma.o(.text)
    DMA_GetCmdStatus                         0x08002a73   Thumb Code    20  stm32f4xx_dma.o(.text)
    DMA_GetFIFOStatus                        0x08002a87   Thumb Code    12  stm32f4xx_dma.o(.text)
    DMA_GetFlagStatus                        0x08002a93   Thumb Code    56  stm32f4xx_dma.o(.text)
    DMA_ClearFlag                            0x08002acb   Thumb Code    40  stm32f4xx_dma.o(.text)
    DMA_ITConfig                             0x08002af3   Thumb Code    58  stm32f4xx_dma.o(.text)
    DMA_GetITStatus                          0x08002b2d   Thumb Code    84  stm32f4xx_dma.o(.text)
    DMA_ClearITPendingBit                    0x08002b81   Thumb Code    40  stm32f4xx_dma.o(.text)
    GPIO_DeInit                              0x08002bc9   Thumb Code   268  stm32f4xx_gpio.o(.text)
    GPIO_Init                                0x08002cd5   Thumb Code   144  stm32f4xx_gpio.o(.text)
    GPIO_StructInit                          0x08002d65   Thumb Code    18  stm32f4xx_gpio.o(.text)
    GPIO_PinLockConfig                       0x08002d77   Thumb Code    34  stm32f4xx_gpio.o(.text)
    GPIO_ReadInputDataBit                    0x08002d99   Thumb Code    18  stm32f4xx_gpio.o(.text)
    GPIO_ReadInputData                       0x08002dab   Thumb Code     8  stm32f4xx_gpio.o(.text)
    GPIO_ReadOutputDataBit                   0x08002db3   Thumb Code    18  stm32f4xx_gpio.o(.text)
    GPIO_ReadOutputData                      0x08002dc5   Thumb Code     8  stm32f4xx_gpio.o(.text)
    GPIO_SetBits                             0x08002dcd   Thumb Code     4  stm32f4xx_gpio.o(.text)
    GPIO_ResetBits                           0x08002dd1   Thumb Code     4  stm32f4xx_gpio.o(.text)
    GPIO_WriteBit                            0x08002dd5   Thumb Code    10  stm32f4xx_gpio.o(.text)
    GPIO_Write                               0x08002ddf   Thumb Code     4  stm32f4xx_gpio.o(.text)
    GPIO_ToggleBits                          0x08002de3   Thumb Code     8  stm32f4xx_gpio.o(.text)
    GPIO_PinAFConfig                         0x08002deb   Thumb Code    70  stm32f4xx_gpio.o(.text)
    RCC_DeInit                               0x08002e5d   Thumb Code    82  stm32f4xx_rcc.o(.text)
    RCC_HSEConfig                            0x08002eaf   Thumb Code    14  stm32f4xx_rcc.o(.text)
    RCC_GetFlagStatus                        0x08002ebd   Thumb Code    60  stm32f4xx_rcc.o(.text)
    RCC_WaitForHSEStartUp                    0x08002ef9   Thumb Code    56  stm32f4xx_rcc.o(.text)
    RCC_AdjustHSICalibrationValue            0x08002f31   Thumb Code    20  stm32f4xx_rcc.o(.text)
    RCC_HSICmd                               0x08002f45   Thumb Code     6  stm32f4xx_rcc.o(.text)
    RCC_LSEConfig                            0x08002f4b   Thumb Code    46  stm32f4xx_rcc.o(.text)
    RCC_LSICmd                               0x08002f79   Thumb Code     6  stm32f4xx_rcc.o(.text)
    RCC_PLLConfig                            0x08002f7f   Thumb Code    32  stm32f4xx_rcc.o(.text)
    RCC_PLLCmd                               0x08002f9f   Thumb Code     6  stm32f4xx_rcc.o(.text)
    RCC_PLLI2SConfig                         0x08002fa5   Thumb Code    14  stm32f4xx_rcc.o(.text)
    RCC_PLLI2SCmd                            0x08002fb3   Thumb Code     6  stm32f4xx_rcc.o(.text)
    RCC_PLLSAIConfig                         0x08002fb9   Thumb Code    20  stm32f4xx_rcc.o(.text)
    RCC_PLLSAICmd                            0x08002fcd   Thumb Code     6  stm32f4xx_rcc.o(.text)
    RCC_ClockSecuritySystemCmd               0x08002fd3   Thumb Code     6  stm32f4xx_rcc.o(.text)
    RCC_MCO1Config                           0x08002fd9   Thumb Code    28  stm32f4xx_rcc.o(.text)
    RCC_MCO2Config                           0x08002ff5   Thumb Code    28  stm32f4xx_rcc.o(.text)
    RCC_SYSCLKConfig                         0x08003011   Thumb Code    20  stm32f4xx_rcc.o(.text)
    RCC_GetSYSCLKSource                      0x08003025   Thumb Code    12  stm32f4xx_rcc.o(.text)
    RCC_HCLKConfig                           0x08003031   Thumb Code    20  stm32f4xx_rcc.o(.text)
    RCC_PCLK1Config                          0x08003045   Thumb Code    20  stm32f4xx_rcc.o(.text)
    RCC_PCLK2Config                          0x08003059   Thumb Code    22  stm32f4xx_rcc.o(.text)
    RCC_GetClocksFreq                        0x0800306f   Thumb Code   222  stm32f4xx_rcc.o(.text)
    RCC_RTCCLKConfig                         0x0800314d   Thumb Code    54  stm32f4xx_rcc.o(.text)
    RCC_RTCCLKCmd                            0x08003183   Thumb Code     8  stm32f4xx_rcc.o(.text)
    RCC_BackupResetCmd                       0x0800318b   Thumb Code     8  stm32f4xx_rcc.o(.text)
    RCC_I2SCLKConfig                         0x08003193   Thumb Code     6  stm32f4xx_rcc.o(.text)
    RCC_SAIPLLI2SClkDivConfig                0x08003199   Thumb Code    26  stm32f4xx_rcc.o(.text)
    RCC_SAIPLLSAIClkDivConfig                0x080031b3   Thumb Code    28  stm32f4xx_rcc.o(.text)
    RCC_SAIBlockACLKConfig                   0x080031cf   Thumb Code    20  stm32f4xx_rcc.o(.text)
    RCC_SAIBlockBCLKConfig                   0x080031e3   Thumb Code    20  stm32f4xx_rcc.o(.text)
    RCC_LTDCCLKDivConfig                     0x080031f7   Thumb Code    20  stm32f4xx_rcc.o(.text)
    RCC_TIMCLKPresConfig                     0x0800320b   Thumb Code     6  stm32f4xx_rcc.o(.text)
    RCC_AHB1PeriphClockCmd                   0x08003211   Thumb Code    34  stm32f4xx_rcc.o(.text)
    RCC_AHB2PeriphClockCmd                   0x08003233   Thumb Code    78  stm32f4xx_rcc.o(.text)
    RCC_AHB3PeriphClockCmd                   0x08003281   Thumb Code    34  stm32f4xx_rcc.o(.text)
    RCC_APB1PeriphClockCmd                   0x080032a3   Thumb Code    34  stm32f4xx_rcc.o(.text)
    RCC_APB2PeriphClockCmd                   0x080032c5   Thumb Code    34  stm32f4xx_rcc.o(.text)
    RCC_AHB1PeriphResetCmd                   0x080032e7   Thumb Code    34  stm32f4xx_rcc.o(.text)
    RCC_AHB2PeriphResetCmd                   0x08003309   Thumb Code    34  stm32f4xx_rcc.o(.text)
    RCC_AHB3PeriphResetCmd                   0x0800332b   Thumb Code    34  stm32f4xx_rcc.o(.text)
    RCC_APB1PeriphResetCmd                   0x0800334d   Thumb Code    34  stm32f4xx_rcc.o(.text)
    RCC_APB2PeriphResetCmd                   0x0800336f   Thumb Code    34  stm32f4xx_rcc.o(.text)
    RCC_AHB1PeriphClockLPModeCmd             0x08003391   Thumb Code    34  stm32f4xx_rcc.o(.text)
    RCC_AHB2PeriphClockLPModeCmd             0x080033b3   Thumb Code    34  stm32f4xx_rcc.o(.text)
    RCC_AHB3PeriphClockLPModeCmd             0x080033d5   Thumb Code    34  stm32f4xx_rcc.o(.text)
    RCC_APB1PeriphClockLPModeCmd             0x080033f7   Thumb Code    34  stm32f4xx_rcc.o(.text)
    RCC_APB2PeriphClockLPModeCmd             0x08003419   Thumb Code    34  stm32f4xx_rcc.o(.text)
    RCC_LSEModeConfig                        0x0800343b   Thumb Code    40  stm32f4xx_rcc.o(.text)
    RCC_ITConfig                             0x08003463   Thumb Code    34  stm32f4xx_rcc.o(.text)
    RCC_ClearFlag                            0x08003485   Thumb Code    18  stm32f4xx_rcc.o(.text)
    RCC_GetITStatus                          0x08003497   Thumb Code    22  stm32f4xx_rcc.o(.text)
    RCC_ClearITPendingBit                    0x080034ad   Thumb Code     8  stm32f4xx_rcc.o(.text)
    SPI_I2S_DeInit                           0x080034b9   Thumb Code   152  stm32f4xx_spi.o(.text)
    SPI_Init                                 0x08003551   Thumb Code    60  stm32f4xx_spi.o(.text)
    I2S_Init                                 0x0800358d   Thumb Code   396  stm32f4xx_spi.o(.text)
    SPI_StructInit                           0x08003719   Thumb Code    24  stm32f4xx_spi.o(.text)
    I2S_StructInit                           0x08003731   Thumb Code    20  stm32f4xx_spi.o(.text)
    SPI_Cmd                                  0x08003745   Thumb Code    24  stm32f4xx_spi.o(.text)
    I2S_Cmd                                  0x0800375d   Thumb Code    24  stm32f4xx_spi.o(.text)
    SPI_DataSizeConfig                       0x08003775   Thumb Code    18  stm32f4xx_spi.o(.text)
    SPI_BiDirectionalLineConfig              0x08003787   Thumb Code    28  stm32f4xx_spi.o(.text)
    SPI_NSSInternalSoftwareConfig            0x080037a3   Thumb Code    30  stm32f4xx_spi.o(.text)
    SPI_SSOutputCmd                          0x080037c1   Thumb Code    24  stm32f4xx_spi.o(.text)
    SPI_TIModeCmd                            0x080037d9   Thumb Code    24  stm32f4xx_spi.o(.text)
    I2S_FullDuplexConfig                     0x080037f1   Thumb Code    80  stm32f4xx_spi.o(.text)
    SPI_I2S_ReceiveData                      0x08003841   Thumb Code     6  stm32f4xx_spi.o(.text)
    SPI_I2S_SendData                         0x08003847   Thumb Code     4  stm32f4xx_spi.o(.text)
    SPI_CalculateCRC                         0x0800384b   Thumb Code    24  stm32f4xx_spi.o(.text)
    SPI_TransmitCRC                          0x08003863   Thumb Code    10  stm32f4xx_spi.o(.text)
    SPI_GetCRC                               0x0800386d   Thumb Code    16  stm32f4xx_spi.o(.text)
    SPI_GetCRCPolynomial                     0x0800387d   Thumb Code     6  stm32f4xx_spi.o(.text)
    SPI_I2S_DMACmd                           0x08003883   Thumb Code    18  stm32f4xx_spi.o(.text)
    SPI_I2S_ITConfig                         0x08003895   Thumb Code    68  stm32f4xx_spi.o(.text)
    SPI_I2S_GetFlagStatus                    0x080038d9   Thumb Code    18  stm32f4xx_spi.o(.text)
    SPI_I2S_ClearFlag                        0x080038eb   Thumb Code     6  stm32f4xx_spi.o(.text)
    SPI_I2S_GetITStatus                      0x080038f1   Thumb Code    52  stm32f4xx_spi.o(.text)
    SPI_I2S_ClearITPendingBit                0x08003925   Thumb Code    20  stm32f4xx_spi.o(.text)
    SYSCFG_DeInit                            0x08003939   Thumb Code    22  stm32f4xx_syscfg.o(.text)
    SYSCFG_MemoryRemapConfig                 0x0800394f   Thumb Code     6  stm32f4xx_syscfg.o(.text)
    SYSCFG_MemorySwappingBank                0x08003955   Thumb Code     6  stm32f4xx_syscfg.o(.text)
    SYSCFG_EXTILineConfig                    0x0800395b   Thumb Code    66  stm32f4xx_syscfg.o(.text)
    SYSCFG_ETH_MediaInterfaceConfig          0x0800399d   Thumb Code     8  stm32f4xx_syscfg.o(.text)
    SYSCFG_CompensationCellCmd               0x080039a5   Thumb Code     6  stm32f4xx_syscfg.o(.text)
    SYSCFG_GetCompensationCellStatus         0x080039ab   Thumb Code    22  stm32f4xx_syscfg.o(.text)
    TIM_DeInit                               0x080039cd   Thumb Code   346  stm32f4xx_tim.o(.text)
    TIM_TimeBaseInit                         0x08003b27   Thumb Code   104  stm32f4xx_tim.o(.text)
    TIM_TimeBaseStructInit                   0x08003b8f   Thumb Code    18  stm32f4xx_tim.o(.text)
    TIM_PrescalerConfig                      0x08003ba1   Thumb Code     6  stm32f4xx_tim.o(.text)
    TIM_CounterModeConfig                    0x08003ba7   Thumb Code    18  stm32f4xx_tim.o(.text)
    TIM_SetCounter                           0x08003bb9   Thumb Code     4  stm32f4xx_tim.o(.text)
    TIM_SetAutoreload                        0x08003bbd   Thumb Code     4  stm32f4xx_tim.o(.text)
    TIM_GetCounter                           0x08003bc1   Thumb Code     6  stm32f4xx_tim.o(.text)
    TIM_GetPrescaler                         0x08003bc7   Thumb Code     6  stm32f4xx_tim.o(.text)
    TIM_UpdateDisableConfig                  0x08003bcd   Thumb Code    24  stm32f4xx_tim.o(.text)
    TIM_UpdateRequestConfig                  0x08003be5   Thumb Code    24  stm32f4xx_tim.o(.text)
    TIM_ARRPreloadConfig                     0x08003bfd   Thumb Code    24  stm32f4xx_tim.o(.text)
    TIM_SelectOnePulseMode                   0x08003c15   Thumb Code    18  stm32f4xx_tim.o(.text)
    TIM_SetClockDivision                     0x08003c27   Thumb Code    18  stm32f4xx_tim.o(.text)
    TIM_Cmd                                  0x08003c39   Thumb Code    24  stm32f4xx_tim.o(.text)
    TIM_OC1Init                              0x08003c51   Thumb Code   114  stm32f4xx_tim.o(.text)
    TIM_OC2Init                              0x08003cc3   Thumb Code   154  stm32f4xx_tim.o(.text)
    TIM_OC3Init                              0x08003d5d   Thumb Code   204  stm32f4xx_tim.o(.text)
    TIM_OC4Init                              0x08003e29   Thumb Code   112  stm32f4xx_tim.o(.text)
    TIM_OCStructInit                         0x08003e99   Thumb Code    20  stm32f4xx_tim.o(.text)
    TIM_SelectOCxM                           0x08003ead   Thumb Code    86  stm32f4xx_tim.o(.text)
    TIM_SetCompare1                          0x08003f03   Thumb Code     4  stm32f4xx_tim.o(.text)
    TIM_SetCompare2                          0x08003f07   Thumb Code     4  stm32f4xx_tim.o(.text)
    TIM_SetCompare3                          0x08003f0b   Thumb Code     4  stm32f4xx_tim.o(.text)
    TIM_SetCompare4                          0x08003f0f   Thumb Code     4  stm32f4xx_tim.o(.text)
    TIM_ForcedOC1Config                      0x08003f13   Thumb Code    18  stm32f4xx_tim.o(.text)
    TIM_ForcedOC2Config                      0x08003f25   Thumb Code    26  stm32f4xx_tim.o(.text)
    TIM_ForcedOC3Config                      0x08003f3f   Thumb Code    18  stm32f4xx_tim.o(.text)
    TIM_ForcedOC4Config                      0x08003f51   Thumb Code    26  stm32f4xx_tim.o(.text)
    TIM_OC1PreloadConfig                     0x08003f6b   Thumb Code    18  stm32f4xx_tim.o(.text)
    TIM_OC2PreloadConfig                     0x08003f7d   Thumb Code    26  stm32f4xx_tim.o(.text)
    TIM_OC3PreloadConfig                     0x08003f97   Thumb Code    18  stm32f4xx_tim.o(.text)
    TIM_OC4PreloadConfig                     0x08003fa9   Thumb Code    26  stm32f4xx_tim.o(.text)
    TIM_OC1FastConfig                        0x08003fc3   Thumb Code    18  stm32f4xx_tim.o(.text)
    TIM_OC2FastConfig                        0x08003fd5   Thumb Code    26  stm32f4xx_tim.o(.text)
    TIM_OC3FastConfig                        0x08003fef   Thumb Code    18  stm32f4xx_tim.o(.text)
    TIM_OC4FastConfig                        0x08004001   Thumb Code    26  stm32f4xx_tim.o(.text)
    TIM_ClearOC1Ref                          0x0800401b   Thumb Code    18  stm32f4xx_tim.o(.text)
    TIM_ClearOC2Ref                          0x0800402d   Thumb Code    24  stm32f4xx_tim.o(.text)
    TIM_ClearOC3Ref                          0x08004045   Thumb Code    18  stm32f4xx_tim.o(.text)
    TIM_ClearOC4Ref                          0x08004057   Thumb Code    24  stm32f4xx_tim.o(.text)
    TIM_OC1PolarityConfig                    0x0800406f   Thumb Code    18  stm32f4xx_tim.o(.text)
    TIM_OC1NPolarityConfig                   0x08004081   Thumb Code    18  stm32f4xx_tim.o(.text)
    TIM_OC2PolarityConfig                    0x08004093   Thumb Code    26  stm32f4xx_tim.o(.text)
    TIM_OC2NPolarityConfig                   0x080040ad   Thumb Code    26  stm32f4xx_tim.o(.text)
    TIM_OC3PolarityConfig                    0x080040c7   Thumb Code    26  stm32f4xx_tim.o(.text)
    TIM_OC3NPolarityConfig                   0x080040e1   Thumb Code    26  stm32f4xx_tim.o(.text)
    TIM_OC4PolarityConfig                    0x080040fb   Thumb Code    26  stm32f4xx_tim.o(.text)
    TIM_CCxCmd                               0x08004115   Thumb Code    30  stm32f4xx_tim.o(.text)
    TIM_CCxNCmd                              0x08004133   Thumb Code    30  stm32f4xx_tim.o(.text)
    TIM_SetIC4Prescaler                      0x08004151   Thumb Code    26  stm32f4xx_tim.o(.text)
    TIM_SetIC3Prescaler                      0x080041bb   Thumb Code    18  stm32f4xx_tim.o(.text)
    TIM_SetIC2Prescaler                      0x08004215   Thumb Code    26  stm32f4xx_tim.o(.text)
    TIM_SetIC1Prescaler                      0x08004289   Thumb Code    18  stm32f4xx_tim.o(.text)
    TIM_ICInit                               0x080042d5   Thumb Code   110  stm32f4xx_tim.o(.text)
    TIM_ICStructInit                         0x08004343   Thumb Code    18  stm32f4xx_tim.o(.text)
    TIM_PWMIConfig                           0x08004355   Thumb Code   124  stm32f4xx_tim.o(.text)
    TIM_GetCapture1                          0x080043d1   Thumb Code     6  stm32f4xx_tim.o(.text)
    TIM_GetCapture2                          0x080043d7   Thumb Code     6  stm32f4xx_tim.o(.text)
    TIM_GetCapture3                          0x080043dd   Thumb Code     6  stm32f4xx_tim.o(.text)
    TIM_GetCapture4                          0x080043e3   Thumb Code     6  stm32f4xx_tim.o(.text)
    TIM_BDTRConfig                           0x080043e9   Thumb Code    32  stm32f4xx_tim.o(.text)
    TIM_BDTRStructInit                       0x08004409   Thumb Code    18  stm32f4xx_tim.o(.text)
    TIM_CtrlPWMOutputs                       0x0800441b   Thumb Code    30  stm32f4xx_tim.o(.text)
    TIM_SelectCOM                            0x08004439   Thumb Code    24  stm32f4xx_tim.o(.text)
    TIM_CCPreloadControl                     0x08004451   Thumb Code    24  stm32f4xx_tim.o(.text)
    TIM_ITConfig                             0x08004469   Thumb Code    18  stm32f4xx_tim.o(.text)
    TIM_GenerateEvent                        0x0800447b   Thumb Code     4  stm32f4xx_tim.o(.text)
    TIM_GetFlagStatus                        0x0800447f   Thumb Code    18  stm32f4xx_tim.o(.text)
    TIM_ClearFlag                            0x08004491   Thumb Code     6  stm32f4xx_tim.o(.text)
    TIM_GetITStatus                          0x08004497   Thumb Code    34  stm32f4xx_tim.o(.text)
    TIM_ClearITPendingBit                    0x080044b9   Thumb Code     6  stm32f4xx_tim.o(.text)
    TIM_DMAConfig                            0x080044bf   Thumb Code    10  stm32f4xx_tim.o(.text)
    TIM_DMACmd                               0x080044c9   Thumb Code    18  stm32f4xx_tim.o(.text)
    TIM_SelectCCDMA                          0x080044db   Thumb Code    24  stm32f4xx_tim.o(.text)
    TIM_InternalClockConfig                  0x080044f3   Thumb Code    12  stm32f4xx_tim.o(.text)
    TIM_SelectInputTrigger                   0x080044ff   Thumb Code    18  stm32f4xx_tim.o(.text)
    TIM_ITRxExternalClockConfig              0x08004511   Thumb Code    24  stm32f4xx_tim.o(.text)
    TIM_TIxExternalClockConfig               0x08004529   Thumb Code    62  stm32f4xx_tim.o(.text)
    TIM_ETRConfig                            0x08004567   Thumb Code    28  stm32f4xx_tim.o(.text)
    TIM_ETRClockMode1Config                  0x08004583   Thumb Code    54  stm32f4xx_tim.o(.text)
    TIM_ETRClockMode2Config                  0x080045b9   Thumb Code    32  stm32f4xx_tim.o(.text)
    TIM_SelectOutputTrigger                  0x080045d9   Thumb Code    18  stm32f4xx_tim.o(.text)
    TIM_SelectSlaveMode                      0x080045eb   Thumb Code    18  stm32f4xx_tim.o(.text)
    TIM_SelectMasterSlaveMode                0x080045fd   Thumb Code    18  stm32f4xx_tim.o(.text)
    TIM_EncoderInterfaceConfig               0x0800460f   Thumb Code    66  stm32f4xx_tim.o(.text)
    TIM_SelectHallSensor                     0x08004651   Thumb Code    24  stm32f4xx_tim.o(.text)
    TIM_RemapConfig                          0x08004669   Thumb Code     6  stm32f4xx_tim.o(.text)
    USART_DeInit                             0x08004671   Thumb Code   206  stm32f4xx_usart.o(.text)
    USART_Init                               0x0800473f   Thumb Code   204  stm32f4xx_usart.o(.text)
    USART_StructInit                         0x0800480b   Thumb Code    24  stm32f4xx_usart.o(.text)
    USART_ClockInit                          0x08004823   Thumb Code    32  stm32f4xx_usart.o(.text)
    USART_ClockStructInit                    0x08004843   Thumb Code    12  stm32f4xx_usart.o(.text)
    USART_Cmd                                0x0800484f   Thumb Code    24  stm32f4xx_usart.o(.text)
    USART_SetPrescaler                       0x08004867   Thumb Code    16  stm32f4xx_usart.o(.text)
    USART_OverSampling8Cmd                   0x08004877   Thumb Code    22  stm32f4xx_usart.o(.text)
    USART_OneBitMethodCmd                    0x0800488d   Thumb Code    24  stm32f4xx_usart.o(.text)
    USART_SendData                           0x080048a5   Thumb Code     8  stm32f4xx_usart.o(.text)
    USART_ReceiveData                        0x080048ad   Thumb Code    10  stm32f4xx_usart.o(.text)
    USART_SetAddress                         0x080048b7   Thumb Code    18  stm32f4xx_usart.o(.text)
    USART_ReceiverWakeUpCmd                  0x080048c9   Thumb Code    24  stm32f4xx_usart.o(.text)
    USART_WakeUpConfig                       0x080048e1   Thumb Code    18  stm32f4xx_usart.o(.text)
    USART_LINBreakDetectLengthConfig         0x080048f3   Thumb Code    18  stm32f4xx_usart.o(.text)
    USART_LINCmd                             0x08004905   Thumb Code    24  stm32f4xx_usart.o(.text)
    USART_SendBreak                          0x0800491d   Thumb Code    10  stm32f4xx_usart.o(.text)
    USART_HalfDuplexCmd                      0x08004927   Thumb Code    24  stm32f4xx_usart.o(.text)
    USART_SetGuardTime                       0x0800493f   Thumb Code    16  stm32f4xx_usart.o(.text)
    USART_SmartCardCmd                       0x0800494f   Thumb Code    24  stm32f4xx_usart.o(.text)
    USART_SmartCardNACKCmd                   0x08004967   Thumb Code    24  stm32f4xx_usart.o(.text)
    USART_IrDAConfig                         0x0800497f   Thumb Code    18  stm32f4xx_usart.o(.text)
    USART_IrDACmd                            0x08004991   Thumb Code    24  stm32f4xx_usart.o(.text)
    USART_DMACmd                             0x080049a9   Thumb Code    18  stm32f4xx_usart.o(.text)
    USART_ITConfig                           0x080049bb   Thumb Code    74  stm32f4xx_usart.o(.text)
    USART_GetFlagStatus                      0x08004a05   Thumb Code    26  stm32f4xx_usart.o(.text)
    USART_ClearFlag                          0x08004a1f   Thumb Code    18  stm32f4xx_usart.o(.text)
    USART_GetITStatus                        0x08004a31   Thumb Code   118  stm32f4xx_usart.o(.text)
    USART_ClearITPendingBit                  0x08004aa7   Thumb Code    30  stm32f4xx_usart.o(.text)
    RTC_WaitForSynchro                       0x08004ac5   Thumb Code    92  stm32f4xx_rtc.o(.text)
    RTC_EnterInitMode                        0x08004b21   Thumb Code    84  stm32f4xx_rtc.o(.text)
    RTC_DeInit                               0x08004b75   Thumb Code   204  stm32f4xx_rtc.o(.text)
    RTC_ExitInitMode                         0x08004c41   Thumb Code    18  stm32f4xx_rtc.o(.text)
    RTC_Init                                 0x08004c53   Thumb Code    94  stm32f4xx_rtc.o(.text)
    RTC_StructInit                           0x08004cb1   Thumb Code    14  stm32f4xx_rtc.o(.text)
    RTC_WriteProtectionCmd                   0x08004cbf   Thumb Code    22  stm32f4xx_rtc.o(.text)
    RTC_RefClockCmd                          0x08004cd5   Thumb Code    76  stm32f4xx_rtc.o(.text)
    RTC_BypassShadowCmd                      0x08004d21   Thumb Code    54  stm32f4xx_rtc.o(.text)
    RTC_SetTime                              0x08004d89   Thumb Code   200  stm32f4xx_rtc.o(.text)
    RTC_TimeStructInit                       0x08004e51   Thumb Code    12  stm32f4xx_rtc.o(.text)
    RTC_GetTime                              0x08004e5d   Thumb Code    74  stm32f4xx_rtc.o(.text)
    RTC_GetSubSecond                         0x08004ea7   Thumb Code    30  stm32f4xx_rtc.o(.text)
    RTC_SetDate                              0x08004ec5   Thumb Code   190  stm32f4xx_rtc.o(.text)
    RTC_DateStructInit                       0x08004f83   Thumb Code    14  stm32f4xx_rtc.o(.text)
    RTC_GetDate                              0x08004f91   Thumb Code    70  stm32f4xx_rtc.o(.text)
    RTC_SetAlarm                             0x08004fd7   Thumb Code   230  stm32f4xx_rtc.o(.text)
    RTC_AlarmStructInit                      0x080050bd   Thumb Code    22  stm32f4xx_rtc.o(.text)
    RTC_GetAlarm                             0x080050d3   Thumb Code   114  stm32f4xx_rtc.o(.text)
    RTC_AlarmCmd                             0x08005145   Thumb Code   112  stm32f4xx_rtc.o(.text)
    RTC_AlarmSubSecondConfig                 0x080051b5   Thumb Code    46  stm32f4xx_rtc.o(.text)
    RTC_GetAlarmSubSecond                    0x080051e3   Thumb Code    34  stm32f4xx_rtc.o(.text)
    RTC_WakeUpClockConfig                    0x08005205   Thumb Code    42  stm32f4xx_rtc.o(.text)
    RTC_SetWakeUpCounter                     0x0800522f   Thumb Code    22  stm32f4xx_rtc.o(.text)
    RTC_GetWakeUpCounter                     0x08005245   Thumb Code    10  stm32f4xx_rtc.o(.text)
    RTC_WakeUpCmd                            0x0800524f   Thumb Code   116  stm32f4xx_rtc.o(.text)
    RTC_DayLightSavingConfig                 0x080052c3   Thumb Code    50  stm32f4xx_rtc.o(.text)
    RTC_GetStoreOperation                    0x080052f5   Thumb Code    12  stm32f4xx_rtc.o(.text)
    RTC_OutputConfig                         0x08005301   Thumb Code    60  stm32f4xx_rtc.o(.text)
    RTC_CoarseCalibConfig                    0x0800533d   Thumb Code    52  stm32f4xx_rtc.o(.text)
    RTC_CoarseCalibCmd                       0x08005371   Thumb Code    76  stm32f4xx_rtc.o(.text)
    RTC_CalibOutputCmd                       0x080053bd   Thumb Code    54  stm32f4xx_rtc.o(.text)
    RTC_CalibOutputConfig                    0x080053f3   Thumb Code    42  stm32f4xx_rtc.o(.text)
    RTC_SmoothCalibConfig                    0x0800541d   Thumb Code    90  stm32f4xx_rtc.o(.text)
    RTC_TimeStampCmd                         0x08005477   Thumb Code    54  stm32f4xx_rtc.o(.text)
    RTC_GetTimeStamp                         0x080054ad   Thumb Code   144  stm32f4xx_rtc.o(.text)
    RTC_GetTimeStampSubSecond                0x0800553d   Thumb Code     8  stm32f4xx_rtc.o(.text)
    RTC_TamperTriggerConfig                  0x08005545   Thumb Code    38  stm32f4xx_rtc.o(.text)
    RTC_TamperCmd                            0x0800556b   Thumb Code    34  stm32f4xx_rtc.o(.text)
    RTC_TamperFilterConfig                   0x0800558d   Thumb Code    26  stm32f4xx_rtc.o(.text)
    RTC_TamperSamplingFreqConfig             0x080055a7   Thumb Code    26  stm32f4xx_rtc.o(.text)
    RTC_TamperPinsPrechargeDuration          0x080055c1   Thumb Code    26  stm32f4xx_rtc.o(.text)
    RTC_TimeStampOnTamperDetectionCmd        0x080055db   Thumb Code    38  stm32f4xx_rtc.o(.text)
    RTC_TamperPullUpCmd                      0x08005601   Thumb Code    38  stm32f4xx_rtc.o(.text)
    RTC_WriteBackupRegister                  0x08005627   Thumb Code    26  stm32f4xx_rtc.o(.text)
    RTC_ReadBackupRegister                   0x08005641   Thumb Code    28  stm32f4xx_rtc.o(.text)
    RTC_TamperPinSelection                   0x0800565d   Thumb Code    26  stm32f4xx_rtc.o(.text)
    RTC_TimeStampPinSelection                0x08005677   Thumb Code    26  stm32f4xx_rtc.o(.text)
    RTC_OutputTypeConfig                     0x08005691   Thumb Code    26  stm32f4xx_rtc.o(.text)
    RTC_SynchroShiftConfig                   0x080056ab   Thumb Code   130  stm32f4xx_rtc.o(.text)
    RTC_ITConfig                             0x0800572d   Thumb Code    94  stm32f4xx_rtc.o(.text)
    RTC_GetFlagStatus                        0x0800578b   Thumb Code    34  stm32f4xx_rtc.o(.text)
    RTC_ClearFlag                            0x080057ad   Thumb Code    28  stm32f4xx_rtc.o(.text)
    RTC_GetITStatus                          0x080057c9   Thumb Code    60  stm32f4xx_rtc.o(.text)
    RTC_ClearITPendingBit                    0x08005805   Thumb Code    32  stm32f4xx_rtc.o(.text)
    PWR_DeInit                               0x0800582d   Thumb Code    22  stm32f4xx_pwr.o(.text)
    PWR_BackupAccessCmd                      0x08005843   Thumb Code     6  stm32f4xx_pwr.o(.text)
    PWR_PVDLevelConfig                       0x08005849   Thumb Code    18  stm32f4xx_pwr.o(.text)
    PWR_PVDCmd                               0x0800585b   Thumb Code     6  stm32f4xx_pwr.o(.text)
    PWR_WakeUpPinCmd                         0x08005861   Thumb Code     8  stm32f4xx_pwr.o(.text)
    PWR_BackupRegulatorCmd                   0x08005869   Thumb Code     8  stm32f4xx_pwr.o(.text)
    PWR_MainRegulatorModeConfig              0x08005871   Thumb Code    18  stm32f4xx_pwr.o(.text)
    PWR_OverDriveCmd                         0x08005883   Thumb Code     6  stm32f4xx_pwr.o(.text)
    PWR_OverDriveSWCmd                       0x08005889   Thumb Code     6  stm32f4xx_pwr.o(.text)
    PWR_UnderDriveCmd                        0x0800588f   Thumb Code    30  stm32f4xx_pwr.o(.text)
    PWR_MainRegulatorLowVoltageCmd           0x080058ad   Thumb Code    18  stm32f4xx_pwr.o(.text)
    PWR_LowRegulatorLowVoltageCmd            0x080058bf   Thumb Code    18  stm32f4xx_pwr.o(.text)
    PWR_FlashPowerDownCmd                    0x080058d1   Thumb Code     6  stm32f4xx_pwr.o(.text)
    PWR_EnterSTOPMode                        0x080058d7   Thumb Code    58  stm32f4xx_pwr.o(.text)
    PWR_EnterUnderDriveSTOPMode              0x08005911   Thumb Code    58  stm32f4xx_pwr.o(.text)
    PWR_EnterSTANDBYMode                     0x0800594b   Thumb Code    32  stm32f4xx_pwr.o(.text)
    PWR_GetFlagStatus                        0x0800596b   Thumb Code    20  stm32f4xx_pwr.o(.text)
    PWR_ClearFlag                            0x0800597f   Thumb Code    14  stm32f4xx_pwr.o(.text)
    EXTI_DeInit                              0x08005999   Thumb Code    28  stm32f4xx_exti.o(.text)
    EXTI_Init                                0x080059b5   Thumb Code   142  stm32f4xx_exti.o(.text)
    EXTI_StructInit                          0x08005a43   Thumb Code    16  stm32f4xx_exti.o(.text)
    EXTI_GenerateSWInterrupt                 0x08005a53   Thumb Code    16  stm32f4xx_exti.o(.text)
    EXTI_GetFlagStatus                       0x08005a63   Thumb Code    22  stm32f4xx_exti.o(.text)
    EXTI_ClearFlag                           0x08005a79   Thumb Code     8  stm32f4xx_exti.o(.text)
    EXTI_GetITStatus                         0x08005a81   Thumb Code    22  stm32f4xx_exti.o(.text)
    EXTI_ClearITPendingBit                   0x08005a97   Thumb Code     8  stm32f4xx_exti.o(.text)
    SysTick_Handler                          0x08005aa9   Thumb Code    16  delay.o(.text)
    delay_init                               0x08005ab9   Thumb Code    58  delay.o(.text)
    delay_us                                 0x08005af3   Thumb Code    68  delay.o(.text)
    delay_ms                                 0x08005b37   Thumb Code    60  delay.o(.text)
    delay_xms                                0x08005b73   Thumb Code    24  delay.o(.text)
    _sys_exit                                0x08005b95   Thumb Code     4  usart.o(.text)
    fputc                                    0x08005b99   Thumb Code    22  usart.o(.text)
    UART1_Init                               0x08005baf   Thumb Code   166  usart.o(.text)
    Uart1_PutChar                            0x08005c55   Thumb Code    30  usart.o(.text)
    Uart1_PutString                          0x08005c73   Thumb Code    26  usart.o(.text)
    USART1_IRQHandler                        0x08005c8d   Thumb Code   236  usart.o(.text)
    USART3_Init                              0x08005d79   Thumb Code   174  usart.o(.text)
    USART3_IRQHandler                        0x08005e27   Thumb Code   224  usart.o(.text)
    Uart3_PutChar                            0x08005f07   Thumb Code    30  usart.o(.text)
    Uart3_PutString                          0x08005f25   Thumb Code    28  usart.o(.text)
    ADC_WriteBytes                           0x08005f71   Thumb Code    26  ad7799.o(.text)
    ADC_ReadBytes                            0x08005f8b   Thumb Code    28  ad7799.o(.text)
    RDY_ON                                   0x08005fa7   Thumb Code    36  ad7799.o(.text)
    RDY_OFF                                  0x08005fcb   Thumb Code    42  ad7799.o(.text)
    AD7799_WaitBusy                          0x08005ff5   Thumb Code    56  ad7799.o(.text)
    AD7799_Reset                             0x0800602d   Thumb Code    32  ad7799.o(.text)
    AD7799_ReadReg                           0x0800604d   Thumb Code    48  ad7799.o(.text)
    AD7799_WriteReg                          0x0800607d   Thumb Code    44  ad7799.o(.text)
    AD7799_Calibrate                         0x080060a9   Thumb Code   104  ad7799.o(.text)
    AD7799CS_Init                            0x08006111   Thumb Code    48  ad7799.o(.text)
    AD7799_Init                              0x08006141   Thumb Code    96  ad7799.o(.text)
    AD7799_Start                             0x080061a1   Thumb Code    52  ad7799.o(.text)
    AD7799_Read                              0x080061d5   Thumb Code    50  ad7799.o(.text)
    TIM_PWM_DMA_Config                       0x08006221   Thumb Code   348  dma.o(.text)
    DMA1_Init                                0x0800637d   Thumb Code   162  dma.o(.text)
    HC595Init                                0x08006425   Thumb Code    74  hc595.o(.text)
    HC595Send                                0x0800646f   Thumb Code    70  hc595.o(.text)
    HC595Load                                0x080064b5   Thumb Code    18  hc595.o(.text)
    SwitchOut                                0x080064c7   Thumb Code    22  hc595.o(.text)
    SPI1_ReadWriteByte                       0x080064e9   Thumb Code    50  spi.o(.text)
    SPI1_Init                                0x0800651b   Thumb Code   186  spi.o(.text)
    SPI1_SetSpeed                            0x080065d5   Thumb Code    36  spi.o(.text)
    SPI2_Init                                0x080065f9   Thumb Code   182  spi.o(.text)
    SPI2_ReadWriteByte                       0x080066af   Thumb Code    50  spi.o(.text)
    StepGPIO_Init                            0x080066f1   Thumb Code   172  stepmoto.o(.text)
    StepMotoInit                             0x0800679d   Thumb Code    40  stepmoto.o(.text)
    StepMotoCal                              0x080067c5   Thumb Code   404  stepmoto.o(.text)
    PWM_OFF                                  0x08006959   Thumb Code   108  stepmoto.o(.text)
    IsLmt                                    0x080069c5   Thumb Code    70  stepmoto.o(.text)
    StepMotoMove                             0x08006a0b   Thumb Code  1188  stepmoto.o(.text)
    AllSleep                                 0x08006eaf   Thumb Code    58  stepmoto.o(.text)
    StepMotorHandler                         0x08006ee9   Thumb Code   368  stepmoto.o(.text)
    DMA1_Stream0_IRQHandler                  0x08007059   Thumb Code    30  stepmoto.o(.text)
    DMA1_Stream3_IRQHandler                  0x08007077   Thumb Code    34  stepmoto.o(.text)
    DMA1_Stream7_IRQHandler                  0x08007099   Thumb Code    34  stepmoto.o(.text)
    DMA1_Stream4_IRQHandler                  0x080070bb   Thumb Code    34  stepmoto.o(.text)
    DMA1_Stream5_IRQHandler                  0x080070dd   Thumb Code    34  stepmoto.o(.text)
    TIM2_PWM_Init                            0x08007119   Thumb Code   164  timer.o(.text)
    TIM4_PWM_Config                          0x080071bd   Thumb Code   234  timer.o(.text)
    TIM3_PWM_Config                          0x080072a7   Thumb Code   182  timer.o(.text)
    W25QXX_SendAdrOut                        0x08007369   Thumb Code    36  w25qxx.o(.text)
    W25QXX_ReadID                            0x0800738d   Thumb Code    46  w25qxx.o(.text)
    W25QXX_Init                              0x080073bb   Thumb Code    76  w25qxx.o(.text)
    W25QXX_ReadSR                            0x08007407   Thumb Code    36  w25qxx.o(.text)
    W25QXX_Write_SR                          0x0800742b   Thumb Code    52  w25qxx.o(.text)
    W25QXX_Write_Enable                      0x0800745f   Thumb Code    24  w25qxx.o(.text)
    W25QXX_Write_Disable                     0x08007477   Thumb Code    24  w25qxx.o(.text)
    W25QXX_Read                              0x0800748f   Thumb Code    74  w25qxx.o(.text)
    W25QXX_Wait_Busy                         0x080074d9   Thumb Code    18  w25qxx.o(.text)
    W25QXX_Write_Page                        0x080074eb   Thumb Code    80  w25qxx.o(.text)
    W25QXX_Write_NoCheck                     0x0800753b   Thumb Code    70  w25qxx.o(.text)
    W25QXX_Erase_Sector                      0x08007581   Thumb Code    70  w25qxx.o(.text)
    W25QXX_Write                             0x080075c7   Thumb Code   180  w25qxx.o(.text)
    W25QXX_Erase_Chip                        0x0800767b   Thumb Code    36  w25qxx.o(.text)
    W25QXX_PowerDown                         0x0800769f   Thumb Code    30  w25qxx.o(.text)
    W25QXX_WAKEUP                            0x080076bd   Thumb Code    30  w25qxx.o(.text)
    RTC_Set_Time                             0x080076f9   Thumb Code    36  rtc.o(.text)
    RTC_Set_Date                             0x0800771d   Thumb Code    36  rtc.o(.text)
    RTC_Get_Time                             0x08007741   Thumb Code    44  rtc.o(.text)
    RTC_Get_Date                             0x0800776d   Thumb Code    44  rtc.o(.text)
    My_RTC_Init                              0x08007799   Thumb Code   138  rtc.o(.text)
    RTC_Get_Week                             0x08007823   Thumb Code   122  rtc.o(.text)
    IsLeapYear                               0x0800789d   Thumb Code    50  rtc.o(.text)
    CorrectYear                              0x080078cf   Thumb Code     8  rtc.o(.text)
    IsLegalDate                              0x080078d7   Thumb Code    56  rtc.o(.text)
    CorrectDate                              0x0800790f   Thumb Code    64  rtc.o(.text)
    IsLegalTime                              0x0800794f   Thumb Code    22  rtc.o(.text)
    CorrectTime                              0x08007965   Thumb Code    32  rtc.o(.text)
    EXTI9_5_IRQHandler                       0x08007995   Thumb Code   156  exti.o(.text)
    EXTI15_10_IRQHandler                     0x08007a31   Thumb Code    56  exti.o(.text)
    EXTIX_Init                               0x08007a69   Thumb Code   170  exti.o(.text)
    vListInitialise                          0x08007b21   Thumb Code    26  list.o(.text)
    vListInitialiseItem                      0x08007b3b   Thumb Code     6  list.o(.text)
    vListInsertEnd                           0x08007b41   Thumb Code    24  list.o(.text)
    vListInsert                              0x08007b59   Thumb Code    52  list.o(.text)
    uxListRemove                             0x08007b8d   Thumb Code    40  list.o(.text)
    xQueueGenericReset                       0x08007bb5   Thumb Code   136  queue.o(.text)
    xQueueGenericCreate                      0x08007c6b   Thumb Code    78  queue.o(.text)
    xQueueGenericSend                        0x08007e61   Thumb Code   456  queue.o(.text)
    xQueueCreateMutex                        0x08008045   Thumb Code    34  queue.o(.text)
    xQueueGiveMutexRecursive                 0x08008067   Thumb Code    66  queue.o(.text)
    xQueueGenericReceive                     0x080080ed   Thumb Code   428  queue.o(.text)
    xQueueTakeMutexRecursive                 0x08008299   Thumb Code    76  queue.o(.text)
    xQueueCreateCountingSemaphore            0x080082e5   Thumb Code    80  queue.o(.text)
    xQueueGenericSendFromISR                 0x08008335   Thumb Code   252  queue.o(.text)
    xQueueGiveFromISR                        0x08008431   Thumb Code   228  queue.o(.text)
    xQueueReceiveFromISR                     0x08008515   Thumb Code   190  queue.o(.text)
    xQueuePeekFromISR                        0x080085d3   Thumb Code   158  queue.o(.text)
    uxQueueMessagesWaiting                   0x08008671   Thumb Code    36  queue.o(.text)
    uxQueueSpacesAvailable                   0x08008695   Thumb Code    42  queue.o(.text)
    uxQueueMessagesWaitingFromISR            0x080086bf   Thumb Code    28  queue.o(.text)
    vQueueUnregisterQueue                    0x080086db   Thumb Code    44  queue.o(.text)
    vQueueDelete                             0x08008707   Thumb Code    38  queue.o(.text)
    uxQueueGetQueueNumber                    0x0800872d   Thumb Code     6  queue.o(.text)
    vQueueSetQueueNumber                     0x08008733   Thumb Code     4  queue.o(.text)
    ucQueueGetQueueType                      0x08008737   Thumb Code     8  queue.o(.text)
    xQueueIsQueueEmptyFromISR                0x0800873f   Thumb Code    36  queue.o(.text)
    xQueueIsQueueFullFromISR                 0x08008763   Thumb Code    40  queue.o(.text)
    vQueueAddToRegistry                      0x0800878b   Thumb Code    38  queue.o(.text)
    pcQueueGetName                           0x080087b1   Thumb Code    38  queue.o(.text)
    vQueueWaitForMessageRestricted           0x080087d7   Thumb Code    74  queue.o(.text)
    xQueueCreateSet                          0x08008821   Thumb Code    20  queue.o(.text)
    xQueueAddToSet                           0x08008835   Thumb Code    38  queue.o(.text)
    xQueueRemoveFromSet                      0x0800885b   Thumb Code    48  queue.o(.text)
    xQueueSelectFromSet                      0x0800888b   Thumb Code    26  queue.o(.text)
    xQueueSelectFromSetFromISR               0x080088a5   Thumb Code    22  queue.o(.text)
    xTaskCreate                              0x08008a4d   Thumb Code    96  tasks.o(.text)
    vTaskDelete                              0x08008ae9   Thumb Code   192  tasks.o(.text)
    xTaskIncrementTick                       0x08008ba9   Thumb Code   392  tasks.o(.text)
    xTaskResumeAll                           0x08008d31   Thumb Code   218  tasks.o(.text)
    vTaskSuspendAll                          0x08008e87   Thumb Code    12  tasks.o(.text)
    vTaskDelayUntil                          0x08008e93   Thumb Code   182  tasks.o(.text)
    vTaskDelay                               0x08008f49   Thumb Code    76  tasks.o(.text)
    eTaskGetState                            0x08008f95   Thumb Code   106  tasks.o(.text)
    uxTaskPriorityGet                        0x08008fff   Thumb Code    30  tasks.o(.text)
    uxTaskPriorityGetFromISR                 0x0800901d   Thumb Code    62  tasks.o(.text)
    vTaskPrioritySet                         0x0800905b   Thumb Code   320  tasks.o(.text)
    vTaskSwitchContext                       0x0800919b   Thumb Code   114  tasks.o(.text)
    vTaskSuspend                             0x0800920d   Thumb Code   190  tasks.o(.text)
    vTaskResume                              0x08009317   Thumb Code   122  tasks.o(.text)
    xTaskResumeFromISR                       0x08009391   Thumb Code   152  tasks.o(.text)
    vTaskStartScheduler                      0x0800949f   Thumb Code   112  tasks.o(.text)
    vTaskEndScheduler                        0x0800950f   Thumb Code    32  tasks.o(.text)
    xTaskGetTickCount                        0x0800952f   Thumb Code     6  tasks.o(.text)
    xTaskGetTickCountFromISR                 0x08009535   Thumb Code    16  tasks.o(.text)
    uxTaskGetNumberOfTasks                   0x08009545   Thumb Code     6  tasks.o(.text)
    pcTaskGetName                            0x0800954b   Thumb Code   114  tasks.o(.text)
    vTaskGetInfo                             0x080095d3   Thumb Code   114  tasks.o(.text)
    uxTaskGetSystemState                     0x080096af   Thumb Code   152  tasks.o(.text)
    vTaskPlaceOnEventList                    0x08009747   Thumb Code    46  tasks.o(.text)
    vTaskPlaceOnUnorderedEventList           0x08009775   Thumb Code    88  tasks.o(.text)
    vTaskPlaceOnEventListRestricted          0x080097cd   Thumb Code    54  tasks.o(.text)
    xTaskRemoveFromEventList                 0x08009803   Thumb Code   122  tasks.o(.text)
    xTaskRemoveFromUnorderedEventList        0x0800987d   Thumb Code   142  tasks.o(.text)
    vTaskSetTimeOutState                     0x0800990b   Thumb Code    36  tasks.o(.text)
    xTaskCheckForTimeOut                     0x0800992f   Thumb Code   124  tasks.o(.text)
    vTaskMissedYield                         0x080099ab   Thumb Code     8  tasks.o(.text)
    uxTaskGetTaskNumber                      0x080099b3   Thumb Code    66  tasks.o(.text)
    vTaskSetTaskNumber                       0x080099f5   Thumb Code     8  tasks.o(.text)
    xTaskGetCurrentTaskHandle                0x080099fd   Thumb Code     6  tasks.o(.text)
    xTaskGetSchedulerState                   0x08009a03   Thumb Code    24  tasks.o(.text)
    vTaskPriorityInherit                     0x08009a1b   Thumb Code   164  tasks.o(.text)
    xTaskPriorityDisinherit                  0x08009abf   Thumb Code   176  tasks.o(.text)
    uxTaskResetEventItemValue                0x08009b6f   Thumb Code    24  tasks.o(.text)
    pvTaskIncrementMutexHeldCount            0x08009b87   Thumb Code    26  tasks.o(.text)
    ulTaskNotifyTake                         0x08009ba1   Thumb Code   108  tasks.o(.text)
    xTaskNotifyWait                          0x08009c0d   Thumb Code   150  tasks.o(.text)
    xTaskGenericNotify                       0x08009ca3   Thumb Code   228  tasks.o(.text)
    xTaskGenericNotifyFromISR                0x08009d87   Thumb Code   314  tasks.o(.text)
    vTaskNotifyGiveFromISR                   0x08009ec1   Thumb Code   200  tasks.o(.text)
    xTaskNotifyStateClear                    0x08009f89   Thumb Code    48  tasks.o(.text)
    xTimerGenericCommand                     0x0800a025   Thumb Code   118  timers.o(.text)
    xTimerCreateTimerTask                    0x0800a38d   Thumb Code    56  timers.o(.text)
    xTimerCreate                             0x0800a467   Thumb Code    48  timers.o(.text)
    xTimerGetTimerDaemonTaskHandle           0x0800a497   Thumb Code    38  timers.o(.text)
    xTimerGetPeriod                          0x0800a4bd   Thumb Code    28  timers.o(.text)
    xTimerGetExpiryTime                      0x0800a4d9   Thumb Code    30  timers.o(.text)
    pcTimerGetName                           0x0800a4f7   Thumb Code    28  timers.o(.text)
    xTimerIsTimerActive                      0x0800a513   Thumb Code    50  timers.o(.text)
    pvTimerGetTimerID                        0x0800a545   Thumb Code    38  timers.o(.text)
    vTimerSetTimerID                         0x0800a56b   Thumb Code    38  timers.o(.text)
    xTimerPendFunctionCallFromISR            0x0800a591   Thumb Code    48  timers.o(.text)
    xTimerPendFunctionCall                   0x0800a5c1   Thumb Code    70  timers.o(.text)
    pvPortMalloc                             0x0800a6d3   Thumb Code   262  heap_4.o(.text)
    vPortFree                                0x0800a7d9   Thumb Code   120  heap_4.o(.text)
    xPortGetFreeHeapSize                     0x0800a851   Thumb Code     6  heap_4.o(.text)
    xPortGetMinimumEverFreeHeapSize          0x0800a857   Thumb Code     6  heap_4.o(.text)
    vPortInitialiseBlocks                    0x0800a85d   Thumb Code     2  heap_4.o(.text)
    pxPortInitialiseStack                    0x0800a8df   Thumb Code    38  port.o(.text)
    vPortSetupTimerInterrupt                 0x0800a905   Thumb Code    26  port.o(.text)
    xPortStartScheduler                      0x0800a91f   Thumb Code   258  port.o(.text)
    vPortEndScheduler                        0x0800aa21   Thumb Code    34  port.o(.text)
    vPortEnterCritical                       0x0800aa43   Thumb Code    70  port.o(.text)
    vPortExitCritical                        0x0800aa89   Thumb Code    48  port.o(.text)
    xPortSysTickHandler                      0x0800aab9   Thumb Code    48  port.o(.text)
    vPortValidateInterruptPriority           0x0800aae9   Thumb Code    88  port.o(.text)
    disk_initialize                          0x0800ab9d   Thumb Code    40  diskio.o(.text)
    disk_status                              0x0800abc5   Thumb Code    12  diskio.o(.text)
    disk_read                                0x0800abd1   Thumb Code    78  diskio.o(.text)
    disk_write                               0x0800ac1f   Thumb Code    78  diskio.o(.text)
    disk_ioctl                               0x0800ac6d   Thumb Code    64  diskio.o(.text)
    get_fattime                              0x0800acad   Thumb Code   104  diskio.o(.text)
    clust2sect                               0x0800aec7   Thumb Code    26  ff.o(.text)
    get_fat                                  0x0800aee1   Thumb Code   232  ff.o(.text)
    put_fat                                  0x0800afc9   Thumb Code   310  ff.o(.text)
    dir_sdi                                  0x0800b273   Thumb Code   158  ff.o(.text)
    f_mount                                  0x0800c2e5   Thumb Code    86  ff.o(.text)
    f_open                                   0x0800c33b   Thumb Code   360  ff.o(.text)
    f_read                                   0x0800c4a3   Thumb Code   454  ff.o(.text)
    f_write                                  0x0800c669   Thumb Code   490  ff.o(.text)
    f_sync                                   0x0800c853   Thumb Code   176  ff.o(.text)
    f_close                                  0x0800c903   Thumb Code    36  ff.o(.text)
    f_lseek                                  0x0800c927   Thumb Code   654  ff.o(.text)
    f_opendir                                0x0800cbb5   Thumb Code   114  ff.o(.text)
    f_closedir                               0x0800cc27   Thumb Code    22  ff.o(.text)
    f_readdir                                0x0800cc3d   Thumb Code    92  ff.o(.text)
    f_stat                                   0x0800cc99   Thumb Code    64  ff.o(.text)
    f_getfree                                0x0800ccd9   Thumb Code   258  ff.o(.text)
    f_truncate                               0x0800cddb   Thumb Code   184  ff.o(.text)
    f_unlink                                 0x0800ce93   Thumb Code   170  ff.o(.text)
    f_mkdir                                  0x0800cf3d   Thumb Code   360  ff.o(.text)
    f_chmod                                  0x0800d0a5   Thumb Code    88  ff.o(.text)
    f_utime                                  0x0800d0fd   Thumb Code    90  ff.o(.text)
    f_rename                                 0x0800d157   Thumb Code   288  ff.o(.text)
    f_getlabel                               0x0800d277   Thumb Code   190  ff.o(.text)
    f_setlabel                               0x0800d335   Thumb Code   492  ff.o(.text)
    f_mkfs                                   0x0800d521   Thumb Code  1594  ff.o(.text)
    f_gets                                   0x0800db5b   Thumb Code    82  ff.o(.text)
    f_putc                                   0x0800dbf1   Thumb Code    64  ff.o(.text)
    f_puts                                   0x0800dc31   Thumb Code    74  ff.o(.text)
    f_printf                                 0x0800dc7b   Thumb Code   632  ff.o(.text)
    ff_convert                               0x0800def5   Thumb Code   116  cc936.o(.text)
    ff_wtoupper                              0x0800df69   Thumb Code    46  cc936.o(.text)
    __use_no_semihosting                     0x0800dfa9   Thumb Code     2  use_no_semi_2.o(.text)
    __2printf                                0x0800dfad   Thumb Code    20  noretval__2printf.o(.text)
    __2sprintf                               0x0800dfc5   Thumb Code    34  noretval__2sprintf.o(.text)
    _printf_pre_padding                      0x0800dfed   Thumb Code    44  _printf_pad.o(.text)
    _printf_post_padding                     0x0800e019   Thumb Code    34  _printf_pad.o(.text)
    _printf_str                              0x0800e03b   Thumb Code    82  _printf_str.o(.text)
    _printf_int_dec                          0x0800e08d   Thumb Code   104  _printf_dec.o(.text)
    _printf_int_hex                          0x0800e105   Thumb Code    84  _printf_hex_int.o(.text)
    _printf_longlong_hex                     0x0800e105   Thumb Code     0  _printf_hex_int.o(.text)
    __printf                                 0x0800e15d   Thumb Code   308  __printf_flags_wp.o(.text)
    strcpy                                   0x0800e295   Thumb Code    72  strcpy.o(.text)
    strlen                                   0x0800e2dd   Thumb Code    62  strlen.o(.text)
    __aeabi_memcpy                           0x0800e31b   Thumb Code     0  rt_memcpy_v6.o(.text)
    __rt_memcpy                              0x0800e31b   Thumb Code   138  rt_memcpy_v6.o(.text)
    _memcpy_lastbytes                        0x0800e381   Thumb Code     0  rt_memcpy_v6.o(.text)
    __aeabi_memset                           0x0800e3a5   Thumb Code    16  aeabi_memset.o(.text)
    __aeabi_memclr                           0x0800e3b5   Thumb Code     0  rt_memclr.o(.text)
    __rt_memclr                              0x0800e3b5   Thumb Code    68  rt_memclr.o(.text)
    _memset                                  0x0800e3b9   Thumb Code     0  rt_memclr.o(.text)
    __aeabi_memclr4                          0x0800e3f9   Thumb Code     0  rt_memclr_w.o(.text)
    __aeabi_memclr8                          0x0800e3f9   Thumb Code     0  rt_memclr_w.o(.text)
    __rt_memclr_w                            0x0800e3f9   Thumb Code    78  rt_memclr_w.o(.text)
    _memset_w                                0x0800e3fd   Thumb Code     0  rt_memclr_w.o(.text)
    __use_two_region_memory                  0x0800e447   Thumb Code     2  heapauxi.o(.text)
    __rt_heap_escrow$2region                 0x0800e449   Thumb Code     2  heapauxi.o(.text)
    __rt_heap_expand$2region                 0x0800e44b   Thumb Code     2  heapauxi.o(.text)
    __I$use$semihosting                      0x0800e44d   Thumb Code     0  use_no_semi.o(.text)
    __use_no_semihosting_swi                 0x0800e44d   Thumb Code     2  use_no_semi.o(.text)
    __read_errno                             0x0800e44f   Thumb Code    10  _rserrno.o(.text)
    __set_errno                              0x0800e459   Thumb Code    12  _rserrno.o(.text)
    _printf_int_common                       0x0800e465   Thumb Code   178  _printf_intcommon.o(.text)
    _printf_char_common                      0x0800e523   Thumb Code    32  _printf_char_common.o(.text)
    _sputc                                   0x0800e549   Thumb Code    10  _sputc.o(.text)
    _printf_cs_common                        0x0800e553   Thumb Code    20  _printf_char.o(.text)
    _printf_char                             0x0800e567   Thumb Code    16  _printf_char.o(.text)
    _printf_string                           0x0800e577   Thumb Code     8  _printf_char.o(.text)
    _printf_char_file                        0x0800e581   Thumb Code    32  _printf_char_file.o(.text)
    __aeabi_memcpy4                          0x0800e5a5   Thumb Code     0  rt_memcpy_w.o(.text)
    __aeabi_memcpy8                          0x0800e5a5   Thumb Code     0  rt_memcpy_w.o(.text)
    __rt_memcpy_w                            0x0800e5a5   Thumb Code   100  rt_memcpy_w.o(.text)
    _memcpy_lastbytes_aligned                0x0800e5ed   Thumb Code     0  rt_memcpy_w.o(.text)
    __aeabi_errno_addr                       0x0800e609   Thumb Code     8  rt_errno_addr_intlibspace.o(.text)
    __errno$intlibspace                      0x0800e609   Thumb Code     0  rt_errno_addr_intlibspace.o(.text)
    __rt_errno_addr$intlibspace              0x0800e609   Thumb Code     0  rt_errno_addr_intlibspace.o(.text)
    ferror                                   0x0800e611   Thumb Code     8  ferror.o(.text)
    __user_libspace                          0x0800e619   Thumb Code     8  libspace.o(.text)
    __user_perproc_libspace                  0x0800e619   Thumb Code     0  libspace.o(.text)
    __user_perthread_libspace                0x0800e619   Thumb Code     0  libspace.o(.text)
    __user_setup_stackheap                   0x0800e621   Thumb Code    74  sys_stackheap_outer.o(.text)
    exit                                     0x0800e66b   Thumb Code    12  exit.o(.text)
    __ARM_fpclassify                         0x0800e677   Thumb Code    48  fpclassify.o(i.__ARM_fpclassify)
    __hardfp_exp                             0x0800e6a9   Thumb Code   714  exp.o(i.__hardfp_exp)
    __kernel_poly                            0x0800ea01   Thumb Code   248  poly.o(i.__kernel_poly)
    __mathlib_dbl_infnan                     0x0800eaf9   Thumb Code    20  dunder.o(i.__mathlib_dbl_infnan)
    __mathlib_dbl_overflow                   0x0800eb11   Thumb Code    24  dunder.o(i.__mathlib_dbl_overflow)
    __mathlib_dbl_underflow                  0x0800eb31   Thumb Code    24  dunder.o(i.__mathlib_dbl_underflow)
    _is_digit                                0x0800eb51   Thumb Code    14  __printf_wp.o(i._is_digit)
    __aeabi_dneg                             0x0800eb5f   Thumb Code     0  basic.o(x$fpl$basic)
    _dneg                                    0x0800eb5f   Thumb Code     6  basic.o(x$fpl$basic)
    __aeabi_fneg                             0x0800eb65   Thumb Code     0  basic.o(x$fpl$basic)
    _fneg                                    0x0800eb65   Thumb Code     6  basic.o(x$fpl$basic)
    _dabs                                    0x0800eb6b   Thumb Code     6  basic.o(x$fpl$basic)
    _fabs                                    0x0800eb71   Thumb Code     6  basic.o(x$fpl$basic)
    __aeabi_dadd                             0x0800eb79   Thumb Code     0  daddsub_clz.o(x$fpl$dadd)
    _dadd                                    0x0800eb79   Thumb Code   332  daddsub_clz.o(x$fpl$dadd)
    __fpl_dcmp_Inf                           0x0800ecc9   Thumb Code    24  dcmpi.o(x$fpl$dcmpinf)
    __aeabi_ddiv                             0x0800ece1   Thumb Code     0  ddiv.o(x$fpl$ddiv)
    _ddiv                                    0x0800ece1   Thumb Code   552  ddiv.o(x$fpl$ddiv)
    __aeabi_d2iz                             0x0800ef91   Thumb Code     0  dfix.o(x$fpl$dfix)
    _dfix                                    0x0800ef91   Thumb Code    94  dfix.o(x$fpl$dfix)
    __aeabi_d2uiz                            0x0800eff1   Thumb Code     0  dfixu.o(x$fpl$dfixu)
    _dfixu                                   0x0800eff1   Thumb Code    90  dfixu.o(x$fpl$dfixu)
    __aeabi_i2d                              0x0800f04b   Thumb Code     0  dflt_clz.o(x$fpl$dflt)
    _dflt                                    0x0800f04b   Thumb Code    46  dflt_clz.o(x$fpl$dflt)
    __aeabi_ui2d                             0x0800f079   Thumb Code     0  dflt_clz.o(x$fpl$dfltu)
    _dfltu                                   0x0800f079   Thumb Code    38  dflt_clz.o(x$fpl$dfltu)
    __aeabi_cdcmple                          0x0800f0a1   Thumb Code     0  dleqf.o(x$fpl$dleqf)
    _dcmple                                  0x0800f0a1   Thumb Code   120  dleqf.o(x$fpl$dleqf)
    __fpl_dcmple_InfNaN                      0x0800f103   Thumb Code     0  dleqf.o(x$fpl$dleqf)
    __aeabi_dmul                             0x0800f119   Thumb Code     0  dmul.o(x$fpl$dmul)
    _dmul                                    0x0800f119   Thumb Code   332  dmul.o(x$fpl$dmul)
    __fpl_dnaninf                            0x0800f26d   Thumb Code   156  dnaninf.o(x$fpl$dnaninf)
    __fpl_dretinf                            0x0800f309   Thumb Code    12  dretinf.o(x$fpl$dretinf)
    __aeabi_cdrcmple                         0x0800f315   Thumb Code     0  drleqf.o(x$fpl$drleqf)
    _drcmple                                 0x0800f315   Thumb Code   108  drleqf.o(x$fpl$drleqf)
    __aeabi_drsub                            0x0800f381   Thumb Code     0  daddsub_clz.o(x$fpl$drsb)
    _drsb                                    0x0800f381   Thumb Code    22  daddsub_clz.o(x$fpl$drsb)
    __aeabi_dsub                             0x0800f399   Thumb Code     0  daddsub_clz.o(x$fpl$dsub)
    _dsub                                    0x0800f399   Thumb Code   464  daddsub_clz.o(x$fpl$dsub)
    _fp_init                                 0x0800f56d   Thumb Code    10  fpinit.o(x$fpl$fpinit)
    __fplib_config_fpu_vfp                   0x0800f575   Thumb Code     0  fpinit.o(x$fpl$fpinit)
    __fplib_config_pureend_doubles           0x0800f575   Thumb Code     0  fpinit.o(x$fpl$fpinit)
    __I$use$fp                               0x0800f576   Number         0  usenofp.o(x$fpl$usenofp)
    table_week                               0x0800f576   Data          12  rtc.o(.constdata)
    Region$$Table$$Base                      0x0803a318   Number         0  anon$$obj.o(Region$$Table)
    Region$$Table$$Limit                     0x0803a338   Number         0  anon$$obj.o(Region$$Table)
    Com_Task_Handler                         0x20000000   Data           4  main.o(.data)
    HMI_Task_Handler                         0x20000004   Data           4  main.o(.data)
    Motion_Task_Handler                      0x20000008   Data           4  main.o(.data)
    Start_Task_Handler                       0x2000000c   Data           4  main.o(.data)
    Com_Queue                                0x20000010   Data           4  main.o(.data)
    Hmi_Queue                                0x20000014   Data           4  main.o(.data)
    Motion_Queue                             0x20000018   Data           4  main.o(.data)
    motion_state1                            0x2000001c   Data           6  main.o(.data)
    MutexSemMotion                           0x20000024   Data           4  main.o(.data)
    fres                                     0x20000028   Data           1  main.o(.data)
    curDir                                   0x20000029   Data          64  main.o(.data)
    curFilename                              0x20000069   Data          32  main.o(.data)
    curFileFlag                              0x2000008c   Data           4  main.o(.data)
    SystemCoreClock                          0x20000090   Data           4  system_stm32f4xx.o(.data)
    AHBPrescTable                            0x20000094   Data          16  system_stm32f4xx.o(.data)
    __stdout                                 0x200000b8   Data           4  usart.o(.data)
    COM_RX_STA                               0x200000bc   Data           2  usart.o(.data)
    HMI_RX_STA                               0x200000be   Data           2  usart.o(.data)
    SteppRun                                 0x200000c4   Data           4  stepmoto.o(.data)
    StepMotor                                0x200000c8   Data         560  stepmoto.o(.data)
    W25QXX_TYPE                              0x200002f8   Data           2  w25qxx.o(.data)
    pxCurrentTCB                             0x200002fc   Data           4  tasks.o(.data)
    FLASH_SECTOR_COUNT                       0x20000370   Data           2  diskio.o(.data)
    fs                                       0x20000374   Data         560  main.o(.bss)
    file                                     0x200005a4   Data         552  main.o(.bss)
    fileinfo                                 0x200007cc   Data          32  main.o(.bss)
    dir                                      0x200007ec   Data          36  main.o(.bss)
    filename                                 0x20000810   Data          32  main.o(.bss)
    COM_RX_BUF                               0x20000830   Data          64  usart.o(.bss)
    HMI_RX_BUF                               0x20000870   Data          16  usart.o(.bss)
    SteppAccelBuf                            0x20000880   Data         200  stepmoto.o(.bss)
    SteppDecelBuf                            0x20000948   Data         200  stepmoto.o(.bss)
    tmpS                                     0x20000a10   Data         100  stepmoto.o(.bss)
    W25QXX_BUFFER                            0x20000a74   Data        4096  w25qxx.o(.bss)
    xQueueRegistry                           0x20001a74   Data          64  queue.o(.bss)
    __libspace_start                         0x20006fcc   Data          96  libspace.o(.bss)
    __temporary_stack_top$libspace           0x2000702c   Data           0  libspace.o(.bss)



==============================================================================

Memory Map of the image

  Image Entry point : 0x08000189

  Load Region LR_IROM1 (Base: 0x08000000, Size: 0x0003a6ac, Max: 0x00100000, ABSOLUTE, COMPRESSED[0x0003a438])

    Execution Region ER_IROM1 (Base: 0x08000000, Size: 0x0003a338, Max: 0x00100000, ABSOLUTE)

    Base Addr    Size         Type   Attr      Idx    E Section Name        Object

    0x08000000   0x00000188   Data   RO          297    RESET               startup_stm32f40_41xxx.o
    0x08000188   0x00000008   Code   RO         1238  * !!!main             c_w.l(__main.o)
    0x08000190   0x00000034   Code   RO         1492    !!!scatter          c_w.l(__scatter.o)
    0x080001c4   0x0000005a   Code   RO         1490    !!dczerorl2         c_w.l(__dczerorl2.o)
    0x0800021e   0x00000002   PAD
    0x08000220   0x0000001c   Code   RO         1494    !!handler_zi        c_w.l(__scatter_zi.o)
    0x0800023c   0x00000000   Code   RO         1223    .ARM.Collect$$_printf_percent$$00000000  c_w.l(_printf_percent.o)
    0x0800023c   0x00000006   Code   RO         1222    .ARM.Collect$$_printf_percent$$00000009  c_w.l(_printf_d.o)
    0x08000242   0x00000006   Code   RO         1221    .ARM.Collect$$_printf_percent$$0000000C  c_w.l(_printf_x.o)
    0x08000248   0x00000006   Code   RO         1219    .ARM.Collect$$_printf_percent$$00000013  c_w.l(_printf_c.o)
    0x0800024e   0x00000006   Code   RO         1220    .ARM.Collect$$_printf_percent$$00000014  c_w.l(_printf_s.o)
    0x08000254   0x00000004   Code   RO         1293    .ARM.Collect$$_printf_percent$$00000017  c_w.l(_printf_percent_end.o)
    0x08000258   0x00000002   Code   RO         1368    .ARM.Collect$$libinit$$00000000  c_w.l(libinit.o)
    0x0800025a   0x00000004   Code   RO         1371    .ARM.Collect$$libinit$$00000001  c_w.l(libinit2.o)
    0x0800025e   0x00000000   Code   RO         1374    .ARM.Collect$$libinit$$00000004  c_w.l(libinit2.o)
    0x0800025e   0x00000000   Code   RO         1377    .ARM.Collect$$libinit$$0000000A  c_w.l(libinit2.o)
    0x0800025e   0x00000000   Code   RO         1379    .ARM.Collect$$libinit$$0000000C  c_w.l(libinit2.o)
    0x0800025e   0x00000000   Code   RO         1381    .ARM.Collect$$libinit$$0000000E  c_w.l(libinit2.o)
    0x0800025e   0x00000000   Code   RO         1384    .ARM.Collect$$libinit$$00000011  c_w.l(libinit2.o)
    0x0800025e   0x00000000   Code   RO         1386    .ARM.Collect$$libinit$$00000013  c_w.l(libinit2.o)
    0x0800025e   0x00000000   Code   RO         1388    .ARM.Collect$$libinit$$00000015  c_w.l(libinit2.o)
    0x0800025e   0x00000000   Code   RO         1390    .ARM.Collect$$libinit$$00000017  c_w.l(libinit2.o)
    0x0800025e   0x00000000   Code   RO         1392    .ARM.Collect$$libinit$$00000019  c_w.l(libinit2.o)
    0x0800025e   0x00000000   Code   RO         1394    .ARM.Collect$$libinit$$0000001B  c_w.l(libinit2.o)
    0x0800025e   0x00000000   Code   RO         1396    .ARM.Collect$$libinit$$0000001D  c_w.l(libinit2.o)
    0x0800025e   0x00000000   Code   RO         1398    .ARM.Collect$$libinit$$0000001F  c_w.l(libinit2.o)
    0x0800025e   0x00000000   Code   RO         1400    .ARM.Collect$$libinit$$00000021  c_w.l(libinit2.o)
    0x0800025e   0x00000000   Code   RO         1402    .ARM.Collect$$libinit$$00000023  c_w.l(libinit2.o)
    0x0800025e   0x00000000   Code   RO         1404    .ARM.Collect$$libinit$$00000025  c_w.l(libinit2.o)
    0x0800025e   0x00000000   Code   RO         1408    .ARM.Collect$$libinit$$0000002C  c_w.l(libinit2.o)
    0x0800025e   0x00000000   Code   RO         1410    .ARM.Collect$$libinit$$0000002E  c_w.l(libinit2.o)
    0x0800025e   0x00000000   Code   RO         1412    .ARM.Collect$$libinit$$00000030  c_w.l(libinit2.o)
    0x0800025e   0x00000000   Code   RO         1414    .ARM.Collect$$libinit$$00000032  c_w.l(libinit2.o)
    0x0800025e   0x00000002   Code   RO         1415    .ARM.Collect$$libinit$$00000033  c_w.l(libinit2.o)
    0x08000260   0x00000002   Code   RO         1433    .ARM.Collect$$libshutdown$$00000000  c_w.l(libshutdown.o)
    0x08000262   0x00000000   Code   RO         1444    .ARM.Collect$$libshutdown$$00000003  c_w.l(libshutdown2.o)
    0x08000262   0x00000000   Code   RO         1447    .ARM.Collect$$libshutdown$$00000006  c_w.l(libshutdown2.o)
    0x08000262   0x00000000   Code   RO         1450    .ARM.Collect$$libshutdown$$00000009  c_w.l(libshutdown2.o)
    0x08000262   0x00000000   Code   RO         1452    .ARM.Collect$$libshutdown$$0000000B  c_w.l(libshutdown2.o)
    0x08000262   0x00000000   Code   RO         1455    .ARM.Collect$$libshutdown$$0000000E  c_w.l(libshutdown2.o)
    0x08000262   0x00000002   Code   RO         1456    .ARM.Collect$$libshutdown$$0000000F  c_w.l(libshutdown2.o)
    0x08000264   0x00000000   Code   RO         1280    .ARM.Collect$$rtentry$$00000000  c_w.l(__rtentry.o)
    0x08000264   0x00000000   Code   RO         1329    .ARM.Collect$$rtentry$$00000002  c_w.l(__rtentry2.o)
    0x08000264   0x00000006   Code   RO         1341    .ARM.Collect$$rtentry$$00000004  c_w.l(__rtentry4.o)
    0x0800026a   0x00000000   Code   RO         1331    .ARM.Collect$$rtentry$$00000009  c_w.l(__rtentry2.o)
    0x0800026a   0x00000004   Code   RO         1332    .ARM.Collect$$rtentry$$0000000A  c_w.l(__rtentry2.o)
    0x0800026e   0x00000000   Code   RO         1334    .ARM.Collect$$rtentry$$0000000C  c_w.l(__rtentry2.o)
    0x0800026e   0x00000008   Code   RO         1335    .ARM.Collect$$rtentry$$0000000D  c_w.l(__rtentry2.o)
    0x08000276   0x00000002   Code   RO         1369    .ARM.Collect$$rtexit$$00000000  c_w.l(rtexit.o)
    0x08000278   0x00000000   Code   RO         1417    .ARM.Collect$$rtexit$$00000002  c_w.l(rtexit2.o)
    0x08000278   0x00000004   Code   RO         1418    .ARM.Collect$$rtexit$$00000003  c_w.l(rtexit2.o)
    0x0800027c   0x00000006   Code   RO         1419    .ARM.Collect$$rtexit$$00000004  c_w.l(rtexit2.o)
    0x08000282   0x00000002   PAD
    0x08000284   0x000000b6   Code   RO         1045    .emb_text           port.o
    0x0800033a   0x00000002   PAD
    0x0800033c   0x000021a0   Code   RO            3    .text               main.o
    0x080024dc   0x00000014   Code   RO          222    .text               stm32f4xx_it.o
    0x080024f0   0x00000210   Code   RO          271    .text               system_stm32f4xx.o
    0x08002700   0x00000040   Code   RO          298    .text               startup_stm32f40_41xxx.o
    0x08002740   0x000000e0   Code   RO          304    .text               misc.o
    0x08002820   0x000003a8   Code   RO          324    .text               stm32f4xx_dma.o
    0x08002bc8   0x00000294   Code   RO          344    .text               stm32f4xx_gpio.o
    0x08002e5c   0x0000065c   Code   RO          364    .text               stm32f4xx_rcc.o
    0x080034b8   0x00000480   Code   RO          386    .text               stm32f4xx_spi.o
    0x08003938   0x00000094   Code   RO          406    .text               stm32f4xx_syscfg.o
    0x080039cc   0x00000ca2   Code   RO          426    .text               stm32f4xx_tim.o
    0x0800466e   0x00000002   PAD
    0x08004670   0x00000454   Code   RO          446    .text               stm32f4xx_usart.o
    0x08004ac4   0x00000d68   Code   RO          466    .text               stm32f4xx_rtc.o
    0x0800582c   0x0000016c   Code   RO          486    .text               stm32f4xx_pwr.o
    0x08005998   0x00000110   Code   RO          506    .text               stm32f4xx_exti.o
    0x08005aa8   0x000000ec   Code   RO          526    .text               delay.o
    0x08005b94   0x000003dc   Code   RO          582    .text               usart.o
    0x08005f70   0x000002b0   Code   RO          617    .text               ad7799.o
    0x08006220   0x00000204   Code   RO          640    .text               dma.o
    0x08006424   0x000000c4   Code   RO          663    .text               hc595.o
    0x080064e8   0x00000208   Code   RO          686    .text               spi.o
    0x080066f0   0x00000a28   Code   RO          709    .text               stepmoto.o
    0x08007118   0x00000250   Code   RO          743    .text               timer.o
    0x08007368   0x00000390   Code   RO          769    .text               w25qxx.o
    0x080076f8   0x0000029c   Code   RO          796    .text               rtc.o
    0x08007994   0x0000018c   Code   RO          823    .text               exti.o
    0x08007b20   0x00000094   Code   RO          914    .text               list.o
    0x08007bb4   0x00000d0c   Code   RO          934    .text               queue.o
    0x080088c0   0x00001714   Code   RO          960    .text               tasks.o
    0x08009fd4   0x0000063c   Code   RO          999    .text               timers.o
    0x0800a610   0x0000029c   Code   RO         1022    .text               heap_4.o
    0x0800a8ac   0x000002f0   Code   RO         1046    .text               port.o
    0x0800ab9c   0x0000017c   Code   RO         1083    .text               diskio.o
    0x0800ad18   0x000031da   Code   RO         1110    .text               ff.o
    0x0800def2   0x00000002   PAD
    0x0800def4   0x000000b4   Code   RO         1135    .text               cc936.o
    0x0800dfa8   0x00000002   Code   RO         1160    .text               c_w.l(use_no_semi_2.o)
    0x0800dfaa   0x00000002   PAD
    0x0800dfac   0x00000018   Code   RO         1166    .text               c_w.l(noretval__2printf.o)
    0x0800dfc4   0x00000028   Code   RO         1168    .text               c_w.l(noretval__2sprintf.o)
    0x0800dfec   0x0000004e   Code   RO         1172    .text               c_w.l(_printf_pad.o)
    0x0800e03a   0x00000052   Code   RO         1174    .text               c_w.l(_printf_str.o)
    0x0800e08c   0x00000078   Code   RO         1176    .text               c_w.l(_printf_dec.o)
    0x0800e104   0x00000058   Code   RO         1181    .text               c_w.l(_printf_hex_int.o)
    0x0800e15c   0x00000138   Code   RO         1211    .text               c_w.l(__printf_flags_wp.o)
    0x0800e294   0x00000048   Code   RO         1224    .text               c_w.l(strcpy.o)
    0x0800e2dc   0x0000003e   Code   RO         1226    .text               c_w.l(strlen.o)
    0x0800e31a   0x0000008a   Code   RO         1228    .text               c_w.l(rt_memcpy_v6.o)
    0x0800e3a4   0x00000010   Code   RO         1230    .text               c_w.l(aeabi_memset.o)
    0x0800e3b4   0x00000044   Code   RO         1232    .text               c_w.l(rt_memclr.o)
    0x0800e3f8   0x0000004e   Code   RO         1234    .text               c_w.l(rt_memclr_w.o)
    0x0800e446   0x00000006   Code   RO         1236    .text               c_w.l(heapauxi.o)
    0x0800e44c   0x00000002   Code   RO         1278    .text               c_w.l(use_no_semi.o)
    0x0800e44e   0x00000016   Code   RO         1281    .text               c_w.l(_rserrno.o)
    0x0800e464   0x000000b2   Code   RO         1283    .text               c_w.l(_printf_intcommon.o)
    0x0800e516   0x00000002   PAD
    0x0800e518   0x00000030   Code   RO         1285    .text               c_w.l(_printf_char_common.o)
    0x0800e548   0x0000000a   Code   RO         1287    .text               c_w.l(_sputc.o)
    0x0800e552   0x0000002c   Code   RO         1289    .text               c_w.l(_printf_char.o)
    0x0800e57e   0x00000002   PAD
    0x0800e580   0x00000024   Code   RO         1291    .text               c_w.l(_printf_char_file.o)
    0x0800e5a4   0x00000064   Code   RO         1294    .text               c_w.l(rt_memcpy_w.o)
    0x0800e608   0x00000008   Code   RO         1346    .text               c_w.l(rt_errno_addr_intlibspace.o)
    0x0800e610   0x00000008   Code   RO         1350    .text               c_w.l(ferror.o)
    0x0800e618   0x00000008   Code   RO         1356    .text               c_w.l(libspace.o)
    0x0800e620   0x0000004a   Code   RO         1359    .text               c_w.l(sys_stackheap_outer.o)
    0x0800e66a   0x0000000c   Code   RO         1361    .text               c_w.l(exit.o)
    0x0800e676   0x00000030   Code   RO         1323    i.__ARM_fpclassify  m_wm.l(fpclassify.o)
    0x0800e6a6   0x00000002   PAD
    0x0800e6a8   0x00000358   Code   RO         1264    i.__hardfp_exp      m_wm.l(exp.o)
    0x0800ea00   0x000000f8   Code   RO         1325    i.__kernel_poly     m_wm.l(poly.o)
    0x0800eaf8   0x00000014   Code   RO         1310    i.__mathlib_dbl_infnan  m_wm.l(dunder.o)
    0x0800eb0c   0x00000004   PAD
    0x0800eb10   0x00000020   Code   RO         1313    i.__mathlib_dbl_overflow  m_wm.l(dunder.o)
    0x0800eb30   0x00000020   Code   RO         1315    i.__mathlib_dbl_underflow  m_wm.l(dunder.o)
    0x0800eb50   0x0000000e   Code   RO         1209    i._is_digit         c_w.l(__printf_wp.o)
    0x0800eb5e   0x00000018   Code   RO         1240    x$fpl$basic         fz_wm.l(basic.o)
    0x0800eb76   0x00000002   PAD
    0x0800eb78   0x00000150   Code   RO         1242    x$fpl$dadd          fz_wm.l(daddsub_clz.o)
    0x0800ecc8   0x00000018   Code   RO         1354    x$fpl$dcmpinf       fz_wm.l(dcmpi.o)
    0x0800ece0   0x000002b0   Code   RO         1249    x$fpl$ddiv          fz_wm.l(ddiv.o)
    0x0800ef90   0x0000005e   Code   RO         1296    x$fpl$dfix          fz_wm.l(dfix.o)
    0x0800efee   0x00000002   PAD
    0x0800eff0   0x0000005a   Code   RO         1252    x$fpl$dfixu         fz_wm.l(dfixu.o)
    0x0800f04a   0x0000002e   Code   RO         1257    x$fpl$dflt          fz_wm.l(dflt_clz.o)
    0x0800f078   0x00000026   Code   RO         1256    x$fpl$dfltu         fz_wm.l(dflt_clz.o)
    0x0800f09e   0x00000002   PAD
    0x0800f0a0   0x00000078   Code   RO         1300    x$fpl$dleqf         fz_wm.l(dleqf.o)
    0x0800f118   0x00000154   Code   RO         1262    x$fpl$dmul          fz_wm.l(dmul.o)
    0x0800f26c   0x0000009c   Code   RO         1302    x$fpl$dnaninf       fz_wm.l(dnaninf.o)
    0x0800f308   0x0000000c   Code   RO         1304    x$fpl$dretinf       fz_wm.l(dretinf.o)
    0x0800f314   0x0000006c   Code   RO         1306    x$fpl$drleqf        fz_wm.l(drleqf.o)
    0x0800f380   0x00000016   Code   RO         1243    x$fpl$drsb          fz_wm.l(daddsub_clz.o)
    0x0800f396   0x00000002   PAD
    0x0800f398   0x000001d4   Code   RO         1244    x$fpl$dsub          fz_wm.l(daddsub_clz.o)
    0x0800f56c   0x0000000a   Code   RO         1425    x$fpl$fpinit        fz_wm.l(fpinit.o)
    0x0800f576   0x00000000   Code   RO         1308    x$fpl$usenofp       fz_wm.l(usenofp.o)
    0x0800f576   0x0000000c   Data   RO          797    .constdata          rtc.o
    0x0800f582   0x0000003a   Data   RO         1112    .constdata          ff.o
    0x0800f5bc   0x0002acc8   Data   RO         1136    .constdata          cc936.o
    0x0803a284   0x00000028   Data   RO         1182    .constdata          c_w.l(_printf_hex_int.o)
    0x0803a2ac   0x00000011   Data   RO         1212    .constdata          c_w.l(__printf_flags_wp.o)
    0x0803a2bd   0x00000003   PAD
    0x0803a2c0   0x00000058   Data   RO         1267    .constdata          m_wm.l(exp.o)
    0x0803a318   0x00000020   Data   RO         1488    Region$$Table       anon$$obj.o


    Execution Region RW_IRAM1 (Base: 0x20000000, Size: 0x00007630, Max: 0x00020000, ABSOLUTE, COMPRESSED[0x00000100])

    Base Addr    Size         Type   Attr      Idx    E Section Name        Object

    0x20000000   0x00000090   Data   RW            5    .data               main.o
    0x20000090   0x00000014   Data   RW          272    .data               system_stm32f4xx.o
    0x200000a4   0x00000010   Data   RW          365    .data               stm32f4xx_rcc.o
    0x200000b4   0x00000004   Data   RW          527    .data               delay.o
    0x200000b8   0x00000009   Data   RW          584    .data               usart.o
    0x200000c1   0x00000003   PAD
    0x200000c4   0x00000234   Data   RW          711    .data               stepmoto.o
    0x200002f8   0x00000002   Data   RW          771    .data               w25qxx.o
    0x200002fa   0x00000002   PAD
    0x200002fc   0x0000003c   Data   RW          962    .data               tasks.o
    0x20000338   0x00000014   Data   RW         1001    .data               timers.o
    0x2000034c   0x00000018   Data   RW         1024    .data               heap_4.o
    0x20000364   0x0000000c   Data   RW         1047    .data               port.o
    0x20000370   0x00000002   Data   RW         1084    .data               diskio.o
    0x20000372   0x00000002   Data   RW         1113    .data               ff.o
    0x20000374   0x000004bc   Zero   RW            4    .bss                main.o
    0x20000830   0x00000050   Zero   RW          583    .bss                usart.o
    0x20000880   0x000001f4   Zero   RW          710    .bss                stepmoto.o
    0x20000a74   0x00001000   Zero   RW          770    .bss                w25qxx.o
    0x20001a74   0x00000040   Zero   RW          935    .bss                queue.o
    0x20001ab4   0x000002e4   Zero   RW          961    .bss                tasks.o
    0x20001d98   0x00000028   Zero   RW         1000    .bss                timers.o
    0x20001dc0   0x00005000   Zero   RW         1023    .bss                heap_4.o
    0x20006dc0   0x0000020c   Zero   RW         1111    .bss                ff.o
    0x20006fcc   0x00000060   Zero   RW         1357    .bss                c_w.l(libspace.o)
    0x2000702c   0x00000004   PAD
    0x20007030   0x00000200   Zero   RW          296    HEAP                startup_stm32f40_41xxx.o
    0x20007230   0x00000400   Zero   RW          295    STACK               startup_stm32f40_41xxx.o


==============================================================================

Image component sizes


      Code (inc. data)   RO Data    RW Data    ZI Data      Debug   Object Name

       688         26          0          0          0       3590   ad7799.o
       180         18     175304          0          0       2073   cc936.o
       236         10          0          4          0       1553   delay.o
       380          4          0          2          0       4251   diskio.o
       516          6          0          0          0        875   dma.o
         0          0          0          0          0      11604   event_groups.o
       396         14          0          0          0       1073   exti.o
     12762        150         58          2        524      36010   ff.o
       196         12          0          0          0       1078   hc595.o
       668         78          0         24      20480       3232   heap_4.o
       148          0          0          0          0       1850   list.o
      8608       1398          0        144       1212     345660   main.o
       224         20          0          0          0       1741   misc.o
       934        108          0         12          0       8131   port.o
      3340         52          0          0         64      15706   queue.o
       668         16         12          0          0       4574   rtc.o
       520         16          0          0          0       1522   spi.o
        64         26        392          0       1536        796   startup_stm32f40_41xxx.o
      2600        156          0        564        500       5628   stepmoto.o
       936         32          0          0          0       6217   stm32f4xx_dma.o
       272         10          0          0          0       2187   stm32f4xx_exti.o
       660         44          0          0          0       4021   stm32f4xx_gpio.o
        20          0          0          0          0        923   stm32f4xx_it.o
       364         12          0          0          0       3699   stm32f4xx_pwr.o
      1628         52          0         16          0      12776   stm32f4xx_rcc.o
      3432         44          0          0          0      14980   stm32f4xx_rtc.o
      1152         36          0          0          0       6765   stm32f4xx_spi.o
       148         12          0          0          0       1805   stm32f4xx_syscfg.o
      3234         60          0          0          0      22220   stm32f4xx_tim.o
      1108         34          0          0          0       7716   stm32f4xx_usart.o
       528         46          0         20          0       1711   system_stm32f4xx.o
      5908        376          0         60        740      30470   tasks.o
       592         12          0          0          0       1300   timer.o
      1596        108          0         20         40       8316   timers.o
       988         48          0          9         80       5117   usart.o
       912         30          0          2       4096       4447   w25qxx.o

    ----------------------------------------------------------------------
     56612       3066     175798        884      29272     585617   Object Totals
         0          0         32          0          0          0   (incl. Generated)
         6          0          0          5          0          0   (incl. Padding)

    ----------------------------------------------------------------------

      Code (inc. data)   RO Data    RW Data    ZI Data      Debug   Library Member Name

        90          0          0          0          0          0   __dczerorl2.o
         8          0          0          0          0         68   __main.o
       312          4         17          0          0         92   __printf_flags_wp.o
        14          0          0          0          0         68   __printf_wp.o
         0          0          0          0          0          0   __rtentry.o
        12          0          0          0          0          0   __rtentry2.o
         6          0          0          0          0          0   __rtentry4.o
        52          8          0          0          0          0   __scatter.o
        28          0          0          0          0          0   __scatter_zi.o
         6          0          0          0          0          0   _printf_c.o
        44          0          0          0          0        108   _printf_char.o
        48          6          0          0          0         96   _printf_char_common.o
        36          4          0          0          0         80   _printf_char_file.o
         6          0          0          0          0          0   _printf_d.o
       120         16          0          0          0         92   _printf_dec.o
        88          4         40          0          0         88   _printf_hex_int.o
       178          0          0          0          0         88   _printf_intcommon.o
        78          0          0          0          0        108   _printf_pad.o
         0          0          0          0          0          0   _printf_percent.o
         4          0          0          0          0          0   _printf_percent_end.o
         6          0          0          0          0          0   _printf_s.o
        82          0          0          0          0         80   _printf_str.o
         6          0          0          0          0          0   _printf_x.o
        22          0          0          0          0        100   _rserrno.o
        10          0          0          0          0         68   _sputc.o
        16          0          0          0          0         68   aeabi_memset.o
        12          0          0          0          0         72   exit.o
         8          0          0          0          0         68   ferror.o
         6          0          0          0          0        152   heapauxi.o
         2          0          0          0          0          0   libinit.o
         6          0          0          0          0          0   libinit2.o
         2          0          0          0          0          0   libshutdown.o
         2          0          0          0          0          0   libshutdown2.o
         8          4          0          0         96         68   libspace.o
        24          4          0          0          0         84   noretval__2printf.o
        40          6          0          0          0         84   noretval__2sprintf.o
         8          4          0          0          0         68   rt_errno_addr_intlibspace.o
        68          0          0          0          0         68   rt_memclr.o
        78          0          0          0          0         80   rt_memclr_w.o
       138          0          0          0          0         68   rt_memcpy_v6.o
       100          0          0          0          0         80   rt_memcpy_w.o
         2          0          0          0          0          0   rtexit.o
        10          0          0          0          0          0   rtexit2.o
        72          0          0          0          0         80   strcpy.o
        62          0          0          0          0         76   strlen.o
        74          0          0          0          0         80   sys_stackheap_outer.o
         2          0          0          0          0         68   use_no_semi.o
         2          0          0          0          0         68   use_no_semi_2.o
        24          0          0          0          0        164   basic.o
       826         16          0          0          0        492   daddsub_clz.o
        24          0          0          0          0        116   dcmpi.o
       688        140          0          0          0        256   ddiv.o
        94          4          0          0          0        140   dfix.o
        90          4          0          0          0        140   dfixu.o
        84          0          0          0          0        232   dflt_clz.o
       120          4          0          0          0        140   dleqf.o
       340         12          0          0          0        152   dmul.o
       156          4          0          0          0        140   dnaninf.o
        12          0          0          0          0        116   dretinf.o
       108          0          0          0          0        128   drleqf.o
        10          0          0          0          0        116   fpinit.o
         0          0          0          0          0          0   usenofp.o
        84         16          0          0          0        372   dunder.o
       856        142         88          0          0        288   exp.o
        48          0          0          0          0        124   fpclassify.o
       248          0          0          0          0        152   poly.o

    ----------------------------------------------------------------------
      5834        402        148          0        100       5736   Library Totals
        24          0          3          0          4          0   (incl. Padding)

    ----------------------------------------------------------------------

      Code (inc. data)   RO Data    RW Data    ZI Data      Debug   Library Name

      1998         60         57          0         96       2468   c_w.l
      2576        184          0          0          0       2332   fz_wm.l
      1236        158         88          0          0        936   m_wm.l

    ----------------------------------------------------------------------
      5834        402        148          0        100       5736   Library Totals

    ----------------------------------------------------------------------

==============================================================================


      Code (inc. data)   RO Data    RW Data    ZI Data      Debug   

     62446       3468     175946        884      29372     579701   Grand Totals
     62446       3468     175946        256      29372     579701   ELF Image Totals (compressed)
     62446       3468     175946        256          0          0   ROM Totals

==============================================================================

    Total RO  Size (Code + RO Data)               238392 ( 232.80kB)
    Total RW  Size (RW Data + ZI Data)             30256 (  29.55kB)
    Total ROM Size (Code + RO Data + RW Data)     238648 ( 233.05kB)

==============================================================================

