Component: ARM Compiler 5.05 update 1 (build 106) Tool: armlink [4d0efa]

==============================================================================

Section Cross References

    main.o(.text) refers to _printf_percent.o(.ARM.Collect$$_printf_percent$$00000000) for _printf_percent
    main.o(.text) refers to _printf_s.o(.ARM.Collect$$_printf_percent$$00000014) for _printf_s
    main.o(.text) refers to _printf_str.o(.text) for _printf_str
    main.o(.text) refers to _printf_x.o(.ARM.Collect$$_printf_percent$$0000000C) for _printf_x
    main.o(.text) refers to _printf_hex_int.o(.text) for _printf_longlong_hex
    main.o(.text) refers to queue.o(.text) for xQueueGenericReceive
    main.o(.text) refers to noretval__2printf.o(.text) for __2printf
    main.o(.text) refers to stepmoto.o(.text) for StepMoto1Move
    main.o(.text) refers to hc595.o(.text) for SwitchOut
    main.o(.text) refers to rt_memclr_w.o(.text) for __aeabi_memclr4
    main.o(.text) refers to main.o(.data) for Step_Queue
    main.o(.text) refers to rt_memcpy_v6.o(.text) for __aeabi_memcpy
    main.o(.text) refers to port.o(.text) for vPortEnterCritical
    main.o(.text) refers to tasks.o(.text) for xTaskCreate
    main.o(.text) refers to misc.o(.text) for NVIC_PriorityGroupConfig
    main.o(.text) refers to delay.o(.text) for delay_init
    main.o(.text) refers to usart.o(.text) for UART1_Init
    system_stm32f4xx.o(.text) refers to system_stm32f4xx.o(.data) for SystemCoreClock
    startup_stm32f40_41xxx.o(STACK) refers (Special) to heapauxi.o(.text) for __use_two_region_memory
    startup_stm32f40_41xxx.o(HEAP) refers (Special) to heapauxi.o(.text) for __use_two_region_memory
    startup_stm32f40_41xxx.o(RESET) refers (Special) to heapauxi.o(.text) for __use_two_region_memory
    startup_stm32f40_41xxx.o(RESET) refers to startup_stm32f40_41xxx.o(STACK) for __initial_sp
    startup_stm32f40_41xxx.o(RESET) refers to startup_stm32f40_41xxx.o(.text) for Reset_Handler
    startup_stm32f40_41xxx.o(RESET) refers to stm32f4xx_it.o(.text) for NMI_Handler
    startup_stm32f40_41xxx.o(RESET) refers to port.o(.emb_text) for SVC_Handler
    startup_stm32f40_41xxx.o(RESET) refers to delay.o(.text) for SysTick_Handler
    startup_stm32f40_41xxx.o(RESET) refers to stepmoto.o(.text) for DMA1_Stream0_IRQHandler
    startup_stm32f40_41xxx.o(RESET) refers to usart.o(.text) for USART1_IRQHandler
    startup_stm32f40_41xxx.o(.text) refers (Special) to heapauxi.o(.text) for __use_two_region_memory
    startup_stm32f40_41xxx.o(.text) refers to system_stm32f4xx.o(.text) for SystemInit
    startup_stm32f40_41xxx.o(.text) refers to __main.o(!!!main) for __main
    startup_stm32f40_41xxx.o(.text) refers to startup_stm32f40_41xxx.o(HEAP) for Heap_Mem
    startup_stm32f40_41xxx.o(.text) refers to startup_stm32f40_41xxx.o(STACK) for Stack_Mem
    stm32f4xx_gpio.o(.text) refers to stm32f4xx_rcc.o(.text) for RCC_AHB1PeriphResetCmd
    stm32f4xx_rcc.o(.text) refers to stm32f4xx_rcc.o(.data) for APBAHBPrescTable
    stm32f4xx_spi.o(.text) refers to stm32f4xx_rcc.o(.text) for RCC_APB2PeriphResetCmd
    stm32f4xx_syscfg.o(.text) refers to stm32f4xx_rcc.o(.text) for RCC_APB2PeriphResetCmd
    stm32f4xx_tim.o(.text) refers to stm32f4xx_rcc.o(.text) for RCC_APB2PeriphResetCmd
    stm32f4xx_usart.o(.text) refers to stm32f4xx_rcc.o(.text) for RCC_APB2PeriphResetCmd
    delay.o(.text) refers to tasks.o(.text) for xTaskGetSchedulerState
    delay.o(.text) refers to port.o(.text) for xPortSysTickHandler
    delay.o(.text) refers to misc.o(.text) for SysTick_CLKSourceConfig
    delay.o(.text) refers to delay.o(.data) for fac_us
    usart.o(.rev16_text) refers (Special) to use_no_semi_2.o(.text) for __use_no_semihosting
    usart.o(.revsh_text) refers (Special) to use_no_semi_2.o(.text) for __use_no_semihosting
    usart.o(.text) refers (Special) to use_no_semi_2.o(.text) for __use_no_semihosting
    usart.o(.text) refers to stm32f4xx_rcc.o(.text) for RCC_AHB1PeriphClockCmd
    usart.o(.text) refers to stm32f4xx_gpio.o(.text) for GPIO_PinAFConfig
    usart.o(.text) refers to stm32f4xx_usart.o(.text) for USART_Init
    usart.o(.text) refers to misc.o(.text) for NVIC_Init
    usart.o(.text) refers to rt_memclr.o(.text) for __aeabi_memclr
    usart.o(.text) refers to queue.o(.text) for xQueueGenericSendFromISR
    usart.o(.text) refers to usart.o(.data) for COM_RX_STA
    usart.o(.text) refers to usart.o(.bss) for COM_RX_BUF
    usart.o(.text) refers to main.o(.data) for Com_Queue
    usart.o(.bss) refers (Special) to use_no_semi_2.o(.text) for __use_no_semihosting
    usart.o(.data) refers (Special) to use_no_semi_2.o(.text) for __use_no_semihosting
    ad7799.o(.text) refers to spi.o(.text) for SPI1_ReadWriteByte
    ad7799.o(.text) refers to stm32f4xx_gpio.o(.text) for GPIO_Init
    ad7799.o(.text) refers to delay.o(.text) for delay_ms
    ad7799.o(.text) refers to stm32f4xx_rcc.o(.text) for RCC_AHB1PeriphClockCmd
[...]
    .ARM.Collect$$rtexit$$00000002           0x08000232   Section        0  rtexit2.o(.ARM.Collect$$rtexit$$00000002)
    .ARM.Collect$$rtexit$$00000003           0x08000232   Section        4  rtexit2.o(.ARM.Collect$$rtexit$$00000003)
    .ARM.Collect$$rtexit$$00000004           0x08000236   Section        6  rtexit2.o(.ARM.Collect$$rtexit$$00000004)
    .emb_text                                0x0800023c   Section      182  port.o(.emb_text)
    $v0                                      0x0800023c   Number         0  port.o(.emb_text)
    .text                                    0x080002f4   Section        0  main.o(.text)
    .text                                    0x080009ec   Section        0  stm32f4xx_it.o(.text)
    .text                                    0x08000a00   Section        0  system_stm32f4xx.o(.text)
    SetSysClock                              0x08000a01   Thumb Code   220  system_stm32f4xx.o(.text)
    .text                                    0x08000c10   Section       64  startup_stm32f40_41xxx.o(.text)
    $v0                                      0x08000c10   Number         0  startup_stm32f40_41xxx.o(.text)
    .text                                    0x08000c50   Section        0  misc.o(.text)
    .text                                    0x08000d30   Section        0  stm32f4xx_dma.o(.text)
    .text                                    0x080010d8   Section        0  stm32f4xx_gpio.o(.text)
    .text                                    0x0800136c   Section        0  stm32f4xx_rcc.o(.text)
    .text                                    0x080019c8   Section        0  stm32f4xx_tim.o(.text)
    TI4_Config                               0x08002167   Thumb Code    80  stm32f4xx_tim.o(.text)
    TI3_Config                               0x080021c9   Thumb Code    72  stm32f4xx_tim.o(.text)
    TI2_Config                               0x0800222b   Thumb Code    90  stm32f4xx_tim.o(.text)
    TI1_Config                               0x08002297   Thumb Code    58  stm32f4xx_tim.o(.text)
    .text                                    0x0800266c   Section        0  stm32f4xx_usart.o(.text)
    .text                                    0x08002ac0   Section        0  delay.o(.text)
    .text                                    0x08002bac   Section        0  usart.o(.text)
    .text                                    0x08002f80   Section        0  dma.o(.text)
    .text                                    0x08003024   Section        0  hc595.o(.text)
    .text                                    0x080030dc   Section        0  stepmoto.o(.text)
    .text                                    0x080032d4   Section        0  timer.o(.text)
    .text                                    0x080033d8   Section        0  list.o(.text)
    .text                                    0x0800346c   Section        0  queue.o(.text)
    prvInitialiseNewQueue                    0x080034f5   Thumb Code    46  queue.o(.text)
    prvCopyDataToQueue                       0x08003571   Thumb Code   124  queue.o(.text)
    prvNotifyQueueSetContainer               0x080035ed   Thumb Code   124  queue.o(.text)
    prvUnlockQueue                           0x08003669   Thumb Code   146  queue.o(.text)
    prvIsQueueFull                           0x080036fb   Thumb Code    30  queue.o(.text)
    prvInitialiseMutex                       0x080038e1   Thumb Code    28  queue.o(.text)
    prvIsQueueEmpty                          0x08003961   Thumb Code    26  queue.o(.text)
    prvCopyDataFromQueue                     0x0800397b   Thumb Code    42  queue.o(.text)
    .text                                    0x08004178   Section        0  tasks.o(.text)
    prvInitialiseTaskLists                   0x08004179   Thumb Code    70  tasks.o(.text)
    prvAddNewTaskToReadyList                 0x080041bf   Thumb Code   156  tasks.o(.text)
    prvInitialiseNewTask                     0x0800425b   Thumb Code   170  tasks.o(.text)
    prvResetNextTaskUnblockTime              0x08004365   Thumb Code    42  tasks.o(.text)
    prvDeleteTCB                             0x0800438f   Thumb Code    18  tasks.o(.text)
    prvAddCurrentTaskToDelayedList           0x080046c3   Thumb Code   124  tasks.o(.text)
    prvTaskIsTaskSuspended                   0x08004b83   Thumb Code    76  tasks.o(.text)
    prvCheckTasksWaitingTermination          0x08004ce1   Thumb Code    86  tasks.o(.text)
    prvIdleTask                              0x08004d37   Thumb Code    32  tasks.o(.text)
    prvTaskCheckFreeStackSpace               0x08004e75   Thumb Code    22  tasks.o(.text)
    prvListTasksWithinSingleList             0x08004efd   Thumb Code   106  tasks.o(.text)
    .text                                    0x0800588c   Section        0  timers.o(.text)
    prvInsertTimerInActiveList               0x0800588d   Thumb Code    80  timers.o(.text)
    prvSwitchTimerLists                      0x08005953   Thumb Code   140  timers.o(.text)
    prvSampleTimeNow                         0x080059df   Thumb Code    40  timers.o(.text)
    prvProcessReceivedCommands               0x08005a07   Thumb Code   254  timers.o(.text)
    prvProcessExpiredTimer                   0x08005b05   Thumb Code    84  timers.o(.text)
    prvProcessTimerOrBlockTask               0x08005b59   Thumb Code   102  timers.o(.text)
    prvGetNextExpireTime                     0x08005bbf   Thumb Code    36  timers.o(.text)
    prvTimerTask                             0x08005be3   Thumb Code    26  timers.o(.text)
    prvCheckForValidListAndQueue             0x08005bfd   Thumb Code    72  timers.o(.text)
    prvInitialiseNewTimer                    0x08005c7d   Thumb Code   162  timers.o(.text)
    .text                                    0x08005ec8   Section        0  heap_4.o(.text)
    prvInsertBlockIntoFreeList               0x08005ec9   Thumb Code    96  heap_4.o(.text)
    prvHeapInit                              0x08005f29   Thumb Code    98  heap_4.o(.text)
    .text                                    0x08006164   Section        0  port.o(.text)
    prvTaskExitError                         0x08006165   Thumb Code    50  port.o(.text)
    .text                                    0x08006454   Section        2  use_no_semi_2.o(.text)
    .text                                    0x08006458   Section        0  noretval__2printf.o(.text)
    .text                                    0x08006470   Section        0  _printf_str.o(.text)
    .text                                    0x080064c4   Section        0  _printf_dec.o(.text)
    .text                                    0x0800653c   Section        0  _printf_hex_int.o(.text)
    .text                                    0x08006594   Section        0  __printf_flags.o(.text)
    .text                                    0x08006628   Section      138  rt_memcpy_v6.o(.text)
    .text                                    0x080066b2   Section       16  aeabi_memset.o(.text)
    .text                                    0x080066c2   Section       68  rt_memclr.o(.text)
    .text                                    0x08006706   Section       78  rt_memclr_w.o(.text)
    .text                                    0x08006754   Section        0  heapauxi.o(.text)
    .text                                    0x0800675a   Section        2  use_no_semi.o(.text)
    .text                                    0x0800675c   Section        0  _printf_intcommon.o(.text)
    .text                                    0x0800680e   Section        0  _printf_char.o(.text)
    .text                                    0x0800683c   Section        0  _printf_char_file.o(.text)
    .text                                    0x08006860   Section      100  rt_memcpy_w.o(.text)
    .text                                    0x080068c4   Section        0  _printf_char_common.o(.text)
    _printf_input_char                       0x080068c5   Thumb Code    10  _printf_char_common.o(.text)
    .text                                    0x080068f4   Section        0  ferror.o(.text)
    .text                                    0x080068fc   Section       74  sys_stackheap_outer.o(.text)
    .text                                    0x08006946   Section        0  exit.o(.text)
    .text                                    0x08006954   Section        8  libspace.o(.text)
    x$fpl$fpinit                             0x0800695c   Section       10  fpinit.o(x$fpl$fpinit)
    $v0                                      0x0800695c   Number         0  fpinit.o(x$fpl$fpinit)
    .constdata                               0x08006966   Section       96  stepmoto.o(.constdata)
    .constdata                               0x080069c6   Section       40  _printf_hex_int.o(.constdata)
    uc_hextab                                0x080069c6   Data          20  _printf_hex_int.o(.constdata)
    lc_hextab                                0x080069da   Data          20  _printf_hex_int.o(.constdata)
    .constdata                               0x080069ee   Section       17  __printf_flags.o(.constdata)
    maptable                                 0x080069ee   Data          17  __printf_flags.o(.constdata)
    .data                                    0x20000000   Section       48  main.o(.data)
    valve_state                              0x2000002c   Data           4  main.o(.data)
    .data                                    0x20000030   Section       20  system_stm32f4xx.o(.data)
    .data                                    0x20000044   Section       16  stm32f4xx_rcc.o(.data)
    APBAHBPrescTable                         0x20000044   Data          16  stm32f4xx_rcc.o(.data)
    .data                                    0x20000054   Section        4  delay.o(.data)
    fac_us                                   0x20000054   Data           1  delay.o(.data)
    fac_ms                                   0x20000056   Data           2  delay.o(.data)
    .data                                    0x20000058   Section        8  usart.o(.data)
    .data                                    0x20000060   Section        7  stepmoto.o(.data)
    .data                                    0x20000068   Section       60  tasks.o(.data)
    pxDelayedTaskList                        0x2000006c   Data           4  tasks.o(.data)
    pxOverflowDelayedTaskList                0x20000070   Data           4  tasks.o(.data)
    uxDeletedTasksWaitingCleanUp             0x20000074   Data           4  tasks.o(.data)
    uxCurrentNumberOfTasks                   0x20000078   Data           4  tasks.o(.data)
    xTickCount                               0x2000007c   Data           4  tasks.o(.data)
    uxTopReadyPriority                       0x20000080   Data           4  tasks.o(.data)
    xSchedulerRunning                        0x20000084   Data           4  tasks.o(.data)
    uxPendedTicks                            0x20000088   Data           4  tasks.o(.data)
    xYieldPending                            0x2000008c   Data           4  tasks.o(.data)
    xNumOfOverflows                          0x20000090   Data           4  tasks.o(.data)
    uxTaskNumber                             0x20000094   Data           4  tasks.o(.data)
    xNextTaskUnblockTime                     0x20000098   Data           4  tasks.o(.data)
    xIdleTaskHandle                          0x2000009c   Data           4  tasks.o(.data)
    uxSchedulerSuspended                     0x200000a0   Data           4  tasks.o(.data)
    .data                                    0x200000a4   Section       20  timers.o(.data)
    pxCurrentTimerList                       0x200000a4   Data           4  timers.o(.data)
    pxOverflowTimerList                      0x200000a8   Data           4  timers.o(.data)
    xTimerQueue                              0x200000ac   Data           4  timers.o(.data)
    xTimerTaskHandle                         0x200000b0   Data           4  timers.o(.data)
    xLastTime                                0x200000b4   Data           4  timers.o(.data)
    .data                                    0x200000b8   Section       24  heap_4.o(.data)
    xStart                                   0x200000b8   Data           8  heap_4.o(.data)
    pxEnd                                    0x200000c0   Data           4  heap_4.o(.data)
    xFreeBytesRemaining                      0x200000c4   Data           4  heap_4.o(.data)
    xMinimumEverFreeBytesRemaining           0x200000c8   Data           4  heap_4.o(.data)
    xBlockAllocatedBit                       0x200000cc   Data           4  heap_4.o(.data)
    .data                                    0x200000d0   Section       12  port.o(.data)
    uxCriticalNesting                        0x200000d0   Data           4  port.o(.data)
    ucMaxSysCallPriority                     0x200000d4   Data           1  port.o(.data)
    ulMaxPRIGROUPValue                       0x200000d8   Data           4  port.o(.data)
    .bss                                     0x200000dc   Section       80  usart.o(.bss)
    .bss                                     0x2000012c   Section      192  stepmoto.o(.bss)
    .bss                                     0x200001ec   Section       64  queue.o(.bss)
    .bss                                     0x2000022c   Section      740  tasks.o(.bss)
    pxReadyTasksLists                        0x2000022c   Data         640  tasks.o(.bss)
    xDelayedTaskList1                        0x200004ac   Data          20  tasks.o(.bss)
    xDelayedTaskList2                        0x200004c0   Data          20  tasks.o(.bss)
    xPendingReadyList                        0x200004d4   Data          20  tasks.o(.bss)
    xTasksWaitingTermination                 0x200004e8   Data          20  tasks.o(.bss)
    xSuspendedTaskList                       0x200004fc   Data          20  tasks.o(.bss)
    .bss                                     0x20000510   Section       40  timers.o(.bss)
    xActiveTimerList1                        0x20000510   Data          20  timers.o(.bss)
    xActiveTimerList2                        0x20000524   Data          20  timers.o(.bss)
    .bss                                     0x20000538   Section    20480  heap_4.o(.bss)
    ucHeap                                   0x20000538   Data       20480  heap_4.o(.bss)
    .bss                                     0x20005538   Section       96  libspace.o(.bss)
    HEAP                                     0x20005598   Section      512  startup_stm32f40_41xxx.o(HEAP)
    Heap_Mem                                 0x20005598   Data         512  startup_stm32f40_41xxx.o(HEAP)
    STACK                                    0x20005798   Section     1024  startup_stm32f40_41xxx.o(STACK)
    Stack_Mem                                0x20005798   Data        1024  startup_stm32f40_41xxx.o(STACK)
    __initial_sp                             0x20005b98   Data           0  startup_stm32f40_41xxx.o(STACK)

    Global Symbols

    Symbol Name                              Value     Ov Type        Size  Object(Section)

    BuildAttributes$$THM_ISAv4$E$P$D$K$B$S$7EM$VFPi3$EXTD16$VFPS$VFMA$PE$A:L22UL41UL21$X:L11$S22US41US21$IEEE1$IW$USESV6$~STKCKD$USESV7$~SHL$OSPACE$ROPI$EBA8$UX$STANDARDLIB$REQ8$PRES8$EABIv2 0x00000000   Number         0  anon$$obj.o ABSOLUTE
    __ARM_use_no_argv                        0x00000000   Number         0  main.o ABSOLUTE
    _printf_flags                            0x00000000   Number         0  printf_stubs.o ABSOLUTE
    _printf_return_value                     0x00000000   Number         0  printf_stubs.o ABSOLUTE
    _printf_sizespec                         0x00000000   Number         0  printf_stubs.o ABSOLUTE
    _printf_widthprec                        0x00000000   Number         0  printf_stubs.o ABSOLUTE
    __ARM_exceptions_init                     - Undefined Weak Reference
    __alloca_initialize                       - Undefined Weak Reference
    __arm_preinit_                            - Undefined Weak Reference
    __cpp_initialize__aeabi_                  - Undefined Weak Reference
    __cxa_finalize                            - Undefined Weak Reference
    __rt_locale                               - Undefined Weak Reference
    __sigvec_lookup                           - Undefined Weak Reference
    _atexit_init                              - Undefined Weak Reference
    _call_atexit_fns                          - Undefined Weak Reference
    _clock_init                               - Undefined Weak Reference
    _fp_trap_init                             - Undefined Weak Reference
    _fp_trap_shutdown                         - Undefined Weak Reference
    _get_lc_collate                           - Undefined Weak Reference
    _get_lc_ctype                             - Undefined Weak Reference
    _get_lc_monetary                          - Undefined Weak Reference
    _get_lc_numeric                           - Undefined Weak Reference
    _get_lc_time                              - Undefined Weak Reference
    _getenv_init                              - Undefined Weak Reference
    _handle_redirection                       - Undefined Weak Reference
    _init_alloc                               - Undefined Weak Reference
    _init_user_alloc                          - Undefined Weak Reference
    _initio                                   - Undefined Weak Reference
    _mutex_acquire                            - Undefined Weak Reference
    _mutex_release                            - Undefined Weak Reference
    _printf_mbtowc                            - Undefined Weak Reference
    _printf_post_padding                      - Undefined Weak Reference
    _printf_pre_padding                       - Undefined Weak Reference
    _printf_truncate_signed                   - Undefined Weak Reference
    _printf_truncate_unsigned                 - Undefined Weak Reference
    _rand_init                                - Undefined Weak Reference
    _signal_finish                            - Undefined Weak Reference
    _signal_init                              - Undefined Weak Reference
    _terminate_alloc                          - Undefined Weak Reference
    _terminate_user_alloc                     - Undefined Weak Reference
    _terminateio                              - Undefined Weak Reference
    __Vectors_Size                           0x00000188   Number         0  startup_stm32f40_41xxx.o ABSOLUTE
    __Vectors                                0x08000000   Data           4  startup_stm32f40_41xxx.o(RESET)
    __Vectors_End                            0x08000188   Data           0  startup_stm32f40_41xxx.o(RESET)
    __main                                   0x08000189   Thumb Code     8  __main.o(!!!main)
    __scatterload                            0x08000191   Thumb Code     0  __scatter.o(!!!scatter)
    __scatterload_rt2                        0x08000191   Thumb Code    44  __scatter.o(!!!scatter)
    __scatterload_rt2_thumb_only             0x08000191   Thumb Code     0  __scatter.o(!!!scatter)
    __scatterload_null                       0x0800019f   Thumb Code     0  __scatter.o(!!!scatter)
    __scatterload_copy                       0x080001c5   Thumb Code    26  __scatter_copy.o(!!handler_copy)
    __scatterload_zeroinit                   0x080001e1   Thumb Code    28  __scatter_zi.o(!!handler_zi)
    _printf_d                                0x080001fd   Thumb Code     0  _printf_d.o(.ARM.Collect$$_printf_percent$$00000009)
    _printf_percent                          0x080001fd   Thumb Code     0  _printf_percent.o(.ARM.Collect$$_printf_percent$$00000000)
    _printf_x                                0x08000203   Thumb Code     0  _printf_x.o(.ARM.Collect$$_printf_percent$$0000000C)
    _printf_s                                0x08000209   Thumb Code     0  _printf_s.o(.ARM.Collect$$_printf_percent$$00000014)
    _printf_percent_end                      0x0800020f   Thumb Code     0  _printf_percent_end.o(.ARM.Collect$$_printf_percent$$00000017)
    __rt_lib_init                            0x08000213   Thumb Code     0  libinit.o(.ARM.Collect$$libinit$$00000000)
    __rt_lib_init_fp_1                       0x08000215   Thumb Code     0  libinit2.o(.ARM.Collect$$libinit$$00000001)
    __rt_lib_init_alloca_1                   0x08000219   Thumb Code     0  libinit2.o(.ARM.Collect$$libinit$$0000002E)
    __rt_lib_init_argv_1                     0x08000219   Thumb Code     0  libinit2.o(.ARM.Collect$$libinit$$0000002C)
    __rt_lib_init_atexit_1                   0x08000219   Thumb Code     0  libinit2.o(.ARM.Collect$$libinit$$0000001B)
    __rt_lib_init_clock_1                    0x08000219   Thumb Code     0  libinit2.o(.ARM.Collect$$libinit$$00000021)
    __rt_lib_init_cpp_1                      0x08000219   Thumb Code     0  libinit2.o(.ARM.Collect$$libinit$$00000032)
    __rt_lib_init_exceptions_1               0x08000219   Thumb Code     0  libinit2.o(.ARM.Collect$$libinit$$00000030)
    __rt_lib_init_fp_trap_1                  0x08000219   Thumb Code     0  libinit2.o(.ARM.Collect$$libinit$$0000001F)
    __rt_lib_init_getenv_1                   0x08000219   Thumb Code     0  libinit2.o(.ARM.Collect$$libinit$$00000023)
    __rt_lib_init_heap_1                     0x08000219   Thumb Code     0  libinit2.o(.ARM.Collect$$libinit$$0000000A)
    __rt_lib_init_lc_collate_1               0x08000219   Thumb Code     0  libinit2.o(.ARM.Collect$$libinit$$00000011)
    __rt_lib_init_lc_ctype_1                 0x08000219   Thumb Code     0  libinit2.o(.ARM.Collect$$libinit$$00000013)
    __rt_lib_init_lc_monetary_1              0x08000219   Thumb Code     0  libinit2.o(.ARM.Collect$$libinit$$00000015)
    __rt_lib_init_lc_numeric_1               0x08000219   Thumb Code     0  libinit2.o(.ARM.Collect$$libinit$$00000017)
    __rt_lib_init_lc_time_1                  0x08000219   Thumb Code     0  libinit2.o(.ARM.Collect$$libinit$$00000019)
    __rt_lib_init_preinit_1                  0x08000219   Thumb Code     0  libinit2.o(.ARM.Collect$$libinit$$00000004)
    __rt_lib_init_rand_1                     0x08000219   Thumb Code     0  libinit2.o(.ARM.Collect$$libinit$$0000000E)
    __rt_lib_init_return                     0x08000219   Thumb Code     0  libinit2.o(.ARM.Collect$$libinit$$00000033)
    __rt_lib_init_signal_1                   0x08000219   Thumb Code     0  libinit2.o(.ARM.Collect$$libinit$$0000001D)
    __rt_lib_init_stdio_1                    0x08000219   Thumb Code     0  libinit2.o(.ARM.Collect$$libinit$$00000025)
    __rt_lib_init_user_alloc_1               0x08000219   Thumb Code     0  libinit2.o(.ARM.Collect$$libinit$$0000000C)
    __rt_lib_shutdown                        0x0800021b   Thumb Code     0  libshutdown.o(.ARM.Collect$$libshutdown$$00000000)
    __rt_lib_shutdown_fp_trap_1              0x0800021d   Thumb Code     0  libshutdown2.o(.ARM.Collect$$libshutdown$$00000006)
    __rt_lib_shutdown_heap_1                 0x0800021d   Thumb Code     0  libshutdown2.o(.ARM.Collect$$libshutdown$$0000000E)
    __rt_lib_shutdown_return                 0x0800021d   Thumb Code     0  libshutdown2.o(.ARM.Collect$$libshutdown$$0000000F)
    __rt_lib_shutdown_signal_1               0x0800021d   Thumb Code     0  libshutdown2.o(.ARM.Collect$$libshutdown$$00000009)
    __rt_lib_shutdown_stdio_1                0x0800021d   Thumb Code     0  libshutdown2.o(.ARM.Collect$$libshutdown$$00000003)
    __rt_lib_shutdown_user_alloc_1           0x0800021d   Thumb Code     0  libshutdown2.o(.ARM.Collect$$libshutdown$$0000000B)
    __rt_entry                               0x0800021f   Thumb Code     0  __rtentry.o(.ARM.Collect$$rtentry$$00000000)
    __rt_entry_presh_1                       0x0800021f   Thumb Code     0  __rtentry2.o(.ARM.Collect$$rtentry$$00000002)
    __rt_entry_sh                            0x0800021f   Thumb Code     0  __rtentry4.o(.ARM.Collect$$rtentry$$00000004)
    __rt_entry_li                            0x08000225   Thumb Code     0  __rtentry2.o(.ARM.Collect$$rtentry$$0000000A)
    __rt_entry_postsh_1                      0x08000225   Thumb Code     0  __rtentry2.o(.ARM.Collect$$rtentry$$00000009)
    __rt_entry_main                          0x08000229   Thumb Code     0  __rtentry2.o(.ARM.Collect$$rtentry$$0000000D)
    __rt_entry_postli_1                      0x08000229   Thumb Code     0  __rtentry2.o(.ARM.Collect$$rtentry$$0000000C)
    __rt_exit                                0x08000231   Thumb Code     0  rtexit.o(.ARM.Collect$$rtexit$$00000000)
    __rt_exit_ls                             0x08000233   Thumb Code     0  rtexit2.o(.ARM.Collect$$rtexit$$00000003)
    __rt_exit_prels_1                        0x08000233   Thumb Code     0  rtexit2.o(.ARM.Collect$$rtexit$$00000002)
    __rt_exit_exit                           0x08000237   Thumb Code     0  rtexit2.o(.ARM.Collect$$rtexit$$00000004)
    SVC_Handler                              0x0800023d   Thumb Code    28  port.o(.emb_text)
    __asm___6_port_c_39a90d8d__prvStartFirstTask 0x0800025d   Thumb Code    28  port.o(.emb_text)
    __asm___6_port_c_39a90d8d__prvEnableVFP  0x0800027d   Thumb Code    16  port.o(.emb_text)
    PendSV_Handler                           0x08000291   Thumb Code    88  port.o(.emb_text)
    vPortGetIPSR                             0x080002ed   Thumb Code     6  port.o(.emb_text)
    step_task                                0x080002f5   Thumb Code   136  main.o(.text)
    valve_task                               0x0800037d   Thumb Code   202  main.o(.text)
    hmi_task                                 0x08000447   Thumb Code    38  main.o(.text)
    str_len                                  0x0800046d   Thumb Code    28  main.o(.text)
    decodeCmd                                0x08000489   Thumb Code   446  main.o(.text)
    com_task                                 0x08000647   Thumb Code   596  main.o(.text)
    start_task                               0x0800089b   Thumb Code   172  main.o(.text)
    main                                     0x08000947   Thumb Code    70  main.o(.text)
    NMI_Handler                              0x080009ed   Thumb Code     2  stm32f4xx_it.o(.text)
    HardFault_Handler                        0x080009ef   Thumb Code     4  stm32f4xx_it.o(.text)
    MemManage_Handler                        0x080009f3   Thumb Code     4  stm32f4xx_it.o(.text)
    BusFault_Handler                         0x080009f7   Thumb Code     4  stm32f4xx_it.o(.text)
    UsageFault_Handler                       0x080009fb   Thumb Code     4  stm32f4xx_it.o(.text)
    DebugMon_Handler                         0x080009ff   Thumb Code     2  stm32f4xx_it.o(.text)
    SystemInit                               0x08000add   Thumb Code    88  system_stm32f4xx.o(.text)
    SystemCoreClockUpdate                    0x08000b35   Thumb Code   174  system_stm32f4xx.o(.text)
    Reset_Handler                            0x08000c11   Thumb Code     8  startup_stm32f40_41xxx.o(.text)
    ADC_IRQHandler                           0x08000c2b   Thumb Code     0  startup_stm32f40_41xxx.o(.text)
    CAN1_RX0_IRQHandler                      0x08000c2b   Thumb Code     0  startup_stm32f40_41xxx.o(.text)
    CAN1_RX1_IRQHandler                      0x08000c2b   Thumb Code     0  startup_stm32f40_41xxx.o(.text)
    CAN1_SCE_IRQHandler                      0x08000c2b   Thumb Code     0  startup_stm32f40_41xxx.o(.text)
    CAN1_TX_IRQHandler                       0x08000c2b   Thumb Code     0  startup_stm32f40_41xxx.o(.text)
    CAN2_RX0_IRQHandler                      0x08000c2b   Thumb Code     0  startup_stm32f40_41xxx.o(.text)
    CAN2_RX1_IRQHandler                      0x08000c2b   Thumb Code     0  startup_stm32f40_41xxx.o(.text)
    CAN2_SCE_IRQHandler                      0x08000c2b   Thumb Code     0  startup_stm32f40_41xxx.o(.text)
    CAN2_TX_IRQHandler                       0x08000c2b   Thumb Code     0  startup_stm32f40_41xxx.o(.text)
    CRYP_IRQHandler                          0x08000c2b   Thumb Code     0  startup_stm32f40_41xxx.o(.text)
    DCMI_IRQHandler                          0x08000c2b   Thumb Code     0  startup_stm32f40_41xxx.o(.text)
    DMA1_Stream1_IRQHandler                  0x08000c2b   Thumb Code     0  startup_stm32f40_41xxx.o(.text)
    DMA1_Stream2_IRQHandler                  0x08000c2b   Thumb Code     0  startup_stm32f40_41xxx.o(.text)
    DMA1_Stream3_IRQHandler                  0x08000c2b   Thumb Code     0  startup_stm32f40_41xxx.o(.text)
    DMA1_Stream4_IRQHandler                  0x08000c2b   Thumb Code     0  startup_stm32f40_41xxx.o(.text)
    DMA1_Stream5_IRQHandler                  0x08000c2b   Thumb Code     0  startup_stm32f40_41xxx.o(.text)
    DMA1_Stream6_IRQHandler                  0x08000c2b   Thumb Code     0  startup_stm32f40_41xxx.o(.text)
    DMA1_Stream7_IRQHandler                  0x08000c2b   Thumb Code     0  startup_stm32f40_41xxx.o(.text)
    DMA2_Stream0_IRQHandler                  0x08000c2b   Thumb Code     0  startup_stm32f40_41xxx.o(.text)
    DMA2_Stream1_IRQHandler                  0x08000c2b   Thumb Code     0  startup_stm32f40_41xxx.o(.text)
    DMA2_Stream2_IRQHandler                  0x08000c2b   Thumb Code     0  startup_stm32f40_41xxx.o(.text)
    DMA2_Stream3_IRQHandler                  0x08000c2b   Thumb Code     0  startup_stm32f40_41xxx.o(.text)
    DMA2_Stream4_IRQHandler                  0x08000c2b   Thumb Code     0  startup_stm32f40_41xxx.o(.text)
    DMA2_Stream5_IRQHandler                  0x08000c2b   Thumb Code     0  startup_stm32f40_41xxx.o(.text)
    DMA2_Stream6_IRQHandler                  0x08000c2b   Thumb Code     0  startup_stm32f40_41xxx.o(.text)
    DMA2_Stream7_IRQHandler                  0x08000c2b   Thumb Code     0  startup_stm32f40_41xxx.o(.text)
    ETH_IRQHandler                           0x08000c2b   Thumb Code     0  startup_stm32f40_41xxx.o(.text)
    ETH_WKUP_IRQHandler                      0x08000c2b   Thumb Code     0  startup_stm32f40_41xxx.o(.text)
    EXTI0_IRQHandler                         0x08000c2b   Thumb Code     0  startup_stm32f40_41xxx.o(.text)
    EXTI15_10_IRQHandler                     0x08000c2b   Thumb Code     0  startup_stm32f40_41xxx.o(.text)
    EXTI1_IRQHandler                         0x08000c2b   Thumb Code     0  startup_stm32f40_41xxx.o(.text)
    EXTI2_IRQHandler                         0x08000c2b   Thumb Code     0  startup_stm32f40_41xxx.o(.text)
    EXTI3_IRQHandler                         0x08000c2b   Thumb Code     0  startup_stm32f40_41xxx.o(.text)
    EXTI4_IRQHandler                         0x08000c2b   Thumb Code     0  startup_stm32f40_41xxx.o(.text)
    EXTI9_5_IRQHandler                       0x08000c2b   Thumb Code     0  startup_stm32f40_41xxx.o(.text)
    FLASH_IRQHandler                         0x08000c2b   Thumb Code     0  startup_stm32f40_41xxx.o(.text)
    FPU_IRQHandler                           0x08000c2b   Thumb Code     0  startup_stm32f40_41xxx.o(.text)
    FSMC_IRQHandler                          0x08000c2b   Thumb Code     0  startup_stm32f40_41xxx.o(.text)
    HASH_RNG_IRQHandler                      0x08000c2b   Thumb Code     0  startup_stm32f40_41xxx.o(.text)
    I2C1_ER_IRQHandler                       0x08000c2b   Thumb Code     0  startup_stm32f40_41xxx.o(.text)
    I2C1_EV_IRQHandler                       0x08000c2b   Thumb Code     0  startup_stm32f40_41xxx.o(.text)
    I2C2_ER_IRQHandler                       0x08000c2b   Thumb Code     0  startup_stm32f40_41xxx.o(.text)
    I2C2_EV_IRQHandler                       0x08000c2b   Thumb Code     0  startup_stm32f40_41xxx.o(.text)
    I2C3_ER_IRQHandler                       0x08000c2b   Thumb Code     0  startup_stm32f40_41xxx.o(.text)
    I2C3_EV_IRQHandler                       0x08000c2b   Thumb Code     0  startup_stm32f40_41xxx.o(.text)
    OTG_FS_IRQHandler                        0x08000c2b   Thumb Code     0  startup_stm32f40_41xxx.o(.text)
    OTG_FS_WKUP_IRQHandler                   0x08000c2b   Thumb Code     0  startup_stm32f40_41xxx.o(.text)
    OTG_HS_EP1_IN_IRQHandler                 0x08000c2b   Thumb Code     0  startup_stm32f40_41xxx.o(.text)
    OTG_HS_EP1_OUT_IRQHandler                0x08000c2b   Thumb Code     0  startup_stm32f40_41xxx.o(.text)
    OTG_HS_IRQHandler                        0x08000c2b   Thumb Code     0  startup_stm32f40_41xxx.o(.text)
    OTG_HS_WKUP_IRQHandler                   0x08000c2b   Thumb Code     0  startup_stm32f40_41xxx.o(.text)
    PVD_IRQHandler                           0x08000c2b   Thumb Code     0  startup_stm32f40_41xxx.o(.text)
    RCC_IRQHandler                           0x08000c2b   Thumb Code     0  startup_stm32f40_41xxx.o(.text)
    RTC_Alarm_IRQHandler                     0x08000c2b   Thumb Code     0  startup_stm32f40_41xxx.o(.text)
    RTC_WKUP_IRQHandler                      0x08000c2b   Thumb Code     0  startup_stm32f40_41xxx.o(.text)
    SDIO_IRQHandler                          0x08000c2b   Thumb Code     0  startup_stm32f40_41xxx.o(.text)
    SPI1_IRQHandler                          0x08000c2b   Thumb Code     0  startup_stm32f40_41xxx.o(.text)
    SPI2_IRQHandler                          0x08000c2b   Thumb Code     0  startup_stm32f40_41xxx.o(.text)
    SPI3_IRQHandler                          0x08000c2b   Thumb Code     0  startup_stm32f40_41xxx.o(.text)
    TAMP_STAMP_IRQHandler                    0x08000c2b   Thumb Code     0  startup_stm32f40_41xxx.o(.text)
    TIM1_BRK_TIM9_IRQHandler                 0x08000c2b   Thumb Code     0  startup_stm32f40_41xxx.o(.text)
    TIM1_CC_IRQHandler                       0x08000c2b   Thumb Code     0  startup_stm32f40_41xxx.o(.text)
    TIM1_TRG_COM_TIM11_IRQHandler            0x08000c2b   Thumb Code     0  startup_stm32f40_41xxx.o(.text)
    TIM1_UP_TIM10_IRQHandler                 0x08000c2b   Thumb Code     0  startup_stm32f40_41xxx.o(.text)
    TIM2_IRQHandler                          0x08000c2b   Thumb Code     0  startup_stm32f40_41xxx.o(.text)
    TIM3_IRQHandler                          0x08000c2b   Thumb Code     0  startup_stm32f40_41xxx.o(.text)
    TIM4_IRQHandler                          0x08000c2b   Thumb Code     0  startup_stm32f40_41xxx.o(.text)
    TIM5_IRQHandler                          0x08000c2b   Thumb Code     0  startup_stm32f40_41xxx.o(.text)
    TIM6_DAC_IRQHandler                      0x08000c2b   Thumb Code     0  startup_stm32f40_41xxx.o(.text)
    TIM7_IRQHandler                          0x08000c2b   Thumb Code     0  startup_stm32f40_41xxx.o(.text)
    TIM8_BRK_TIM12_IRQHandler                0x08000c2b   Thumb Code     0  startup_stm32f40_41xxx.o(.text)
    TIM8_CC_IRQHandler                       0x08000c2b   Thumb Code     0  startup_stm32f40_41xxx.o(.text)
    TIM8_TRG_COM_TIM14_IRQHandler            0x08000c2b   Thumb Code     0  startup_stm32f40_41xxx.o(.text)
    TIM8_UP_TIM13_IRQHandler                 0x08000c2b   Thumb Code     0  startup_stm32f40_41xxx.o(.text)
    UART4_IRQHandler                         0x08000c2b   Thumb Code     0  startup_stm32f40_41xxx.o(.text)
    UART5_IRQHandler                         0x08000c2b   Thumb Code     0  startup_stm32f40_41xxx.o(.text)
    USART2_IRQHandler                        0x08000c2b   Thumb Code     0  startup_stm32f40_41xxx.o(.text)
    USART6_IRQHandler                        0x08000c2b   Thumb Code     0  startup_stm32f40_41xxx.o(.text)
    WWDG_IRQHandler                          0x08000c2b   Thumb Code     0  startup_stm32f40_41xxx.o(.text)
    __user_initial_stackheap                 0x08000c2d   Thumb Code     0  startup_stm32f40_41xxx.o(.text)
    NVIC_PriorityGroupConfig                 0x08000c51   Thumb Code    10  misc.o(.text)
    NVIC_Init                                0x08000c5b   Thumb Code   106  misc.o(.text)
    NVIC_SetVectorTable                      0x08000cc5   Thumb Code    14  misc.o(.text)
    NVIC_SystemLPConfig                      0x08000cd3   Thumb Code    34  misc.o(.text)
    SysTick_CLKSourceConfig                  0x08000cf5   Thumb Code    40  misc.o(.text)
    DMA_DeInit                               0x08000d31   Thumb Code   324  stm32f4xx_dma.o(.text)
    DMA_Init                                 0x08000e75   Thumb Code    82  stm32f4xx_dma.o(.text)
    DMA_StructInit                           0x08000ec7   Thumb Code    34  stm32f4xx_dma.o(.text)
    DMA_Cmd                                  0x08000ee9   Thumb Code    22  stm32f4xx_dma.o(.text)
    DMA_PeriphIncOffsetSizeConfig            0x08000eff   Thumb Code    22  stm32f4xx_dma.o(.text)
    DMA_FlowControllerConfig                 0x08000f15   Thumb Code    22  stm32f4xx_dma.o(.text)
    DMA_SetCurrDataCounter                   0x08000f2b   Thumb Code     4  stm32f4xx_dma.o(.text)
    DMA_GetCurrDataCounter                   0x08000f2f   Thumb Code     8  stm32f4xx_dma.o(.text)
    DMA_DoubleBufferModeConfig               0x08000f37   Thumb Code    24  stm32f4xx_dma.o(.text)
    DMA_DoubleBufferModeCmd                  0x08000f4f   Thumb Code    22  stm32f4xx_dma.o(.text)
    DMA_MemoryTargetConfig                   0x08000f65   Thumb Code    10  stm32f4xx_dma.o(.text)
    DMA_GetCurrentMemoryTarget               0x08000f6f   Thumb Code    20  stm32f4xx_dma.o(.text)
    DMA_GetCmdStatus                         0x08000f83   Thumb Code    20  stm32f4xx_dma.o(.text)
    DMA_GetFIFOStatus                        0x08000f97   Thumb Code    12  stm32f4xx_dma.o(.text)
    DMA_GetFlagStatus                        0x08000fa3   Thumb Code    56  stm32f4xx_dma.o(.text)
    DMA_ClearFlag                            0x08000fdb   Thumb Code    40  stm32f4xx_dma.o(.text)
    DMA_ITConfig                             0x08001003   Thumb Code    58  stm32f4xx_dma.o(.text)
    DMA_GetITStatus                          0x0800103d   Thumb Code    84  stm32f4xx_dma.o(.text)
    DMA_ClearITPendingBit                    0x08001091   Thumb Code    40  stm32f4xx_dma.o(.text)
    GPIO_DeInit                              0x080010d9   Thumb Code   268  stm32f4xx_gpio.o(.text)
    GPIO_Init                                0x080011e5   Thumb Code   144  stm32f4xx_gpio.o(.text)
    GPIO_StructInit                          0x08001275   Thumb Code    18  stm32f4xx_gpio.o(.text)
    GPIO_PinLockConfig                       0x08001287   Thumb Code    34  stm32f4xx_gpio.o(.text)
    GPIO_ReadInputDataBit                    0x080012a9   Thumb Code    18  stm32f4xx_gpio.o(.text)
    GPIO_ReadInputData                       0x080012bb   Thumb Code     8  stm32f4xx_gpio.o(.text)
    GPIO_ReadOutputDataBit                   0x080012c3   Thumb Code    18  stm32f4xx_gpio.o(.text)
    GPIO_ReadOutputData                      0x080012d5   Thumb Code     8  stm32f4xx_gpio.o(.text)
    GPIO_SetBits                             0x080012dd   Thumb Code     4  stm32f4xx_gpio.o(.text)
    GPIO_ResetBits                           0x080012e1   Thumb Code     4  stm32f4xx_gpio.o(.text)
    GPIO_WriteBit                            0x080012e5   Thumb Code    10  stm32f4xx_gpio.o(.text)
    GPIO_Write                               0x080012ef   Thumb Code     4  stm32f4xx_gpio.o(.text)
    GPIO_ToggleBits                          0x080012f3   Thumb Code     8  stm32f4xx_gpio.o(.text)
    GPIO_PinAFConfig                         0x080012fb   Thumb Code    70  stm32f4xx_gpio.o(.text)
    RCC_DeInit                               0x0800136d   Thumb Code    82  stm32f4xx_rcc.o(.text)
    RCC_HSEConfig                            0x080013bf   Thumb Code    14  stm32f4xx_rcc.o(.text)
    RCC_GetFlagStatus                        0x080013cd   Thumb Code    60  stm32f4xx_rcc.o(.text)
    RCC_WaitForHSEStartUp                    0x08001409   Thumb Code    56  stm32f4xx_rcc.o(.text)
    RCC_AdjustHSICalibrationValue            0x08001441   Thumb Code    20  stm32f4xx_rcc.o(.text)
    RCC_HSICmd                               0x08001455   Thumb Code     6  stm32f4xx_rcc.o(.text)
    RCC_LSEConfig                            0x0800145b   Thumb Code    46  stm32f4xx_rcc.o(.text)
    RCC_LSICmd                               0x08001489   Thumb Code     6  stm32f4xx_rcc.o(.text)
    RCC_PLLConfig                            0x0800148f   Thumb Code    32  stm32f4xx_rcc.o(.text)
    RCC_PLLCmd                               0x080014af   Thumb Code     6  stm32f4xx_rcc.o(.text)
    RCC_PLLI2SConfig                         0x080014b5   Thumb Code    14  stm32f4xx_rcc.o(.text)
    RCC_PLLI2SCmd                            0x080014c3   Thumb Code     6  stm32f4xx_rcc.o(.text)
    RCC_PLLSAIConfig                         0x080014c9   Thumb Code    20  stm32f4xx_rcc.o(.text)
    RCC_PLLSAICmd                            0x080014dd   Thumb Code     6  stm32f4xx_rcc.o(.text)
    RCC_ClockSecuritySystemCmd               0x080014e3   Thumb Code     6  stm32f4xx_rcc.o(.text)
    RCC_MCO1Config                           0x080014e9   Thumb Code    28  stm32f4xx_rcc.o(.text)
    RCC_MCO2Config                           0x08001505   Thumb Code    28  stm32f4xx_rcc.o(.text)
    RCC_SYSCLKConfig                         0x08001521   Thumb Code    20  stm32f4xx_rcc.o(.text)
    RCC_GetSYSCLKSource                      0x08001535   Thumb Code    12  stm32f4xx_rcc.o(.text)
    RCC_HCLKConfig                           0x08001541   Thumb Code    20  stm32f4xx_rcc.o(.text)
    RCC_PCLK1Config                          0x08001555   Thumb Code    20  stm32f4xx_rcc.o(.text)
    RCC_PCLK2Config                          0x08001569   Thumb Code    22  stm32f4xx_rcc.o(.text)
    RCC_GetClocksFreq                        0x0800157f   Thumb Code   222  stm32f4xx_rcc.o(.text)
    RCC_RTCCLKConfig                         0x0800165d   Thumb Code    54  stm32f4xx_rcc.o(.text)
    RCC_RTCCLKCmd                            0x08001693   Thumb Code     8  stm32f4xx_rcc.o(.text)
    RCC_BackupResetCmd                       0x0800169b   Thumb Code     8  stm32f4xx_rcc.o(.text)
    RCC_I2SCLKConfig                         0x080016a3   Thumb Code     6  stm32f4xx_rcc.o(.text)
    RCC_SAIPLLI2SClkDivConfig                0x080016a9   Thumb Code    26  stm32f4xx_rcc.o(.text)
    RCC_SAIPLLSAIClkDivConfig                0x080016c3   Thumb Code    28  stm32f4xx_rcc.o(.text)
    RCC_SAIBlockACLKConfig                   0x080016df   Thumb Code    20  stm32f4xx_rcc.o(.text)
    RCC_SAIBlockBCLKConfig                   0x080016f3   Thumb Code    20  stm32f4xx_rcc.o(.text)
    RCC_LTDCCLKDivConfig                     0x08001707   Thumb Code    20  stm32f4xx_rcc.o(.text)
    RCC_TIMCLKPresConfig                     0x0800171b   Thumb Code     6  stm32f4xx_rcc.o(.text)
    RCC_AHB1PeriphClockCmd                   0x08001721   Thumb Code    34  stm32f4xx_rcc.o(.text)
    RCC_AHB2PeriphClockCmd                   0x08001743   Thumb Code    78  stm32f4xx_rcc.o(.text)
    RCC_AHB3PeriphClockCmd                   0x08001791   Thumb Code    34  stm32f4xx_rcc.o(.text)
    RCC_APB1PeriphClockCmd                   0x080017b3   Thumb Code    34  stm32f4xx_rcc.o(.text)
    RCC_APB2PeriphClockCmd                   0x080017d5   Thumb Code    34  stm32f4xx_rcc.o(.text)
    RCC_AHB1PeriphResetCmd                   0x080017f7   Thumb Code    34  stm32f4xx_rcc.o(.text)
    RCC_AHB2PeriphResetCmd                   0x08001819   Thumb Code    34  stm32f4xx_rcc.o(.text)
    RCC_AHB3PeriphResetCmd                   0x0800183b   Thumb Code    34  stm32f4xx_rcc.o(.text)
    RCC_APB1PeriphResetCmd                   0x0800185d   Thumb Code    34  stm32f4xx_rcc.o(.text)
    RCC_APB2PeriphResetCmd                   0x0800187f   Thumb Code    34  stm32f4xx_rcc.o(.text)
    RCC_AHB1PeriphClockLPModeCmd             0x080018a1   Thumb Code    34  stm32f4xx_rcc.o(.text)
    RCC_AHB2PeriphClockLPModeCmd             0x080018c3   Thumb Code    34  stm32f4xx_rcc.o(.text)
    RCC_AHB3PeriphClockLPModeCmd             0x080018e5   Thumb Code    34  stm32f4xx_rcc.o(.text)
    RCC_APB1PeriphClockLPModeCmd             0x08001907   Thumb Code    34  stm32f4xx_rcc.o(.text)
    RCC_APB2PeriphClockLPModeCmd             0x08001929   Thumb Code    34  stm32f4xx_rcc.o(.text)
    RCC_LSEModeConfig                        0x0800194b   Thumb Code    40  stm32f4xx_rcc.o(.text)
    RCC_ITConfig                             0x08001973   Thumb Code    34  stm32f4xx_rcc.o(.text)
    RCC_ClearFlag                            0x08001995   Thumb Code    18  stm32f4xx_rcc.o(.text)
    RCC_GetITStatus                          0x080019a7   Thumb Code    22  stm32f4xx_rcc.o(.text)
    RCC_ClearITPendingBit                    0x080019bd   Thumb Code     8  stm32f4xx_rcc.o(.text)
    TIM_DeInit                               0x080019c9   Thumb Code   346  stm32f4xx_tim.o(.text)
    TIM_TimeBaseInit                         0x08001b23   Thumb Code   104  stm32f4xx_tim.o(.text)
    TIM_TimeBaseStructInit                   0x08001b8b   Thumb Code    18  stm32f4xx_tim.o(.text)
    TIM_PrescalerConfig                      0x08001b9d   Thumb Code     6  stm32f4xx_tim.o(.text)
    TIM_CounterModeConfig                    0x08001ba3   Thumb Code    18  stm32f4xx_tim.o(.text)
    TIM_SetCounter                           0x08001bb5   Thumb Code     4  stm32f4xx_tim.o(.text)
    TIM_SetAutoreload                        0x08001bb9   Thumb Code     4  stm32f4xx_tim.o(.text)
    TIM_GetCounter                           0x08001bbd   Thumb Code     6  stm32f4xx_tim.o(.text)
    TIM_GetPrescaler                         0x08001bc3   Thumb Code     6  stm32f4xx_tim.o(.text)
    TIM_UpdateDisableConfig                  0x08001bc9   Thumb Code    24  stm32f4xx_tim.o(.text)
    TIM_UpdateRequestConfig                  0x08001be1   Thumb Code    24  stm32f4xx_tim.o(.text)
    TIM_ARRPreloadConfig                     0x08001bf9   Thumb Code    24  stm32f4xx_tim.o(.text)
    TIM_SelectOnePulseMode                   0x08001c11   Thumb Code    18  stm32f4xx_tim.o(.text)
    TIM_SetClockDivision                     0x08001c23   Thumb Code    18  stm32f4xx_tim.o(.text)
    TIM_Cmd                                  0x08001c35   Thumb Code    24  stm32f4xx_tim.o(.text)
    TIM_OC1Init                              0x08001c4d   Thumb Code   114  stm32f4xx_tim.o(.text)
    TIM_OC2Init                              0x08001cbf   Thumb Code   154  stm32f4xx_tim.o(.text)
    TIM_OC3Init                              0x08001d59   Thumb Code   204  stm32f4xx_tim.o(.text)
    TIM_OC4Init                              0x08001e25   Thumb Code   112  stm32f4xx_tim.o(.text)
    TIM_OCStructInit                         0x08001e95   Thumb Code    20  stm32f4xx_tim.o(.text)
    TIM_SelectOCxM                           0x08001ea9   Thumb Code    86  stm32f4xx_tim.o(.text)
    TIM_SetCompare1                          0x08001eff   Thumb Code     4  stm32f4xx_tim.o(.text)
    TIM_SetCompare2                          0x08001f03   Thumb Code     4  stm32f4xx_tim.o(.text)
    TIM_SetCompare3                          0x08001f07   Thumb Code     4  stm32f4xx_tim.o(.text)
    TIM_SetCompare4                          0x08001f0b   Thumb Code     4  stm32f4xx_tim.o(.text)
    TIM_ForcedOC1Config                      0x08001f0f   Thumb Code    18  stm32f4xx_tim.o(.text)
    TIM_ForcedOC2Config                      0x08001f21   Thumb Code    26  stm32f4xx_tim.o(.text)
    TIM_ForcedOC3Config                      0x08001f3b   Thumb Code    18  stm32f4xx_tim.o(.text)
    TIM_ForcedOC4Config                      0x08001f4d   Thumb Code    26  stm32f4xx_tim.o(.text)
    TIM_OC1PreloadConfig                     0x08001f67   Thumb Code    18  stm32f4xx_tim.o(.text)
    TIM_OC2PreloadConfig                     0x08001f79   Thumb Code    26  stm32f4xx_tim.o(.text)
    TIM_OC3PreloadConfig                     0x08001f93   Thumb Code    18  stm32f4xx_tim.o(.text)
    TIM_OC4PreloadConfig                     0x08001fa5   Thumb Code    26  stm32f4xx_tim.o(.text)
    TIM_OC1FastConfig                        0x08001fbf   Thumb Code    18  stm32f4xx_tim.o(.text)
    TIM_OC2FastConfig                        0x08001fd1   Thumb Code    26  stm32f4xx_tim.o(.text)
    TIM_OC3FastConfig                        0x08001feb   Thumb Code    18  stm32f4xx_tim.o(.text)
    TIM_OC4FastConfig                        0x08001ffd   Thumb Code    26  stm32f4xx_tim.o(.text)
    TIM_ClearOC1Ref                          0x08002017   Thumb Code    18  stm32f4xx_tim.o(.text)
    TIM_ClearOC2Ref                          0x08002029   Thumb Code    24  stm32f4xx_tim.o(.text)
    TIM_ClearOC3Ref                          0x08002041   Thumb Code    18  stm32f4xx_tim.o(.text)
    TIM_ClearOC4Ref                          0x08002053   Thumb Code    24  stm32f4xx_tim.o(.text)
    TIM_OC1PolarityConfig                    0x0800206b   Thumb Code    18  stm32f4xx_tim.o(.text)
    TIM_OC1NPolarityConfig                   0x0800207d   Thumb Code    18  stm32f4xx_tim.o(.text)
    TIM_OC2PolarityConfig                    0x0800208f   Thumb Code    26  stm32f4xx_tim.o(.text)
    TIM_OC2NPolarityConfig                   0x080020a9   Thumb Code    26  stm32f4xx_tim.o(.text)
    TIM_OC3PolarityConfig                    0x080020c3   Thumb Code    26  stm32f4xx_tim.o(.text)
    TIM_OC3NPolarityConfig                   0x080020dd   Thumb Code    26  stm32f4xx_tim.o(.text)
    TIM_OC4PolarityConfig                    0x080020f7   Thumb Code    26  stm32f4xx_tim.o(.text)
    TIM_CCxCmd                               0x08002111   Thumb Code    30  stm32f4xx_tim.o(.text)
    TIM_CCxNCmd                              0x0800212f   Thumb Code    30  stm32f4xx_tim.o(.text)
    TIM_SetIC4Prescaler                      0x0800214d   Thumb Code    26  stm32f4xx_tim.o(.text)
    TIM_SetIC3Prescaler                      0x080021b7   Thumb Code    18  stm32f4xx_tim.o(.text)
    TIM_SetIC2Prescaler                      0x08002211   Thumb Code    26  stm32f4xx_tim.o(.text)
    TIM_SetIC1Prescaler                      0x08002285   Thumb Code    18  stm32f4xx_tim.o(.text)
    TIM_ICInit                               0x080022d1   Thumb Code   110  stm32f4xx_tim.o(.text)
    TIM_ICStructInit                         0x0800233f   Thumb Code    18  stm32f4xx_tim.o(.text)
    TIM_PWMIConfig                           0x08002351   Thumb Code   124  stm32f4xx_tim.o(.text)
    TIM_GetCapture1                          0x080023cd   Thumb Code     6  stm32f4xx_tim.o(.text)
    TIM_GetCapture2                          0x080023d3   Thumb Code     6  stm32f4xx_tim.o(.text)
    TIM_GetCapture3                          0x080023d9   Thumb Code     6  stm32f4xx_tim.o(.text)
    TIM_GetCapture4                          0x080023df   Thumb Code     6  stm32f4xx_tim.o(.text)
    TIM_BDTRConfig                           0x080023e5   Thumb Code    32  stm32f4xx_tim.o(.text)
    TIM_BDTRStructInit                       0x08002405   Thumb Code    18  stm32f4xx_tim.o(.text)
    TIM_CtrlPWMOutputs                       0x08002417   Thumb Code    30  stm32f4xx_tim.o(.text)
    TIM_SelectCOM                            0x08002435   Thumb Code    24  stm32f4xx_tim.o(.text)
    TIM_CCPreloadControl                     0x0800244d   Thumb Code    24  stm32f4xx_tim.o(.text)
    TIM_ITConfig                             0x08002465   Thumb Code    18  stm32f4xx_tim.o(.text)
    TIM_GenerateEvent                        0x08002477   Thumb Code     4  stm32f4xx_tim.o(.text)
    TIM_GetFlagStatus                        0x0800247b   Thumb Code    18  stm32f4xx_tim.o(.text)
    TIM_ClearFlag                            0x0800248d   Thumb Code     6  stm32f4xx_tim.o(.text)
    TIM_GetITStatus                          0x08002493   Thumb Code    34  stm32f4xx_tim.o(.text)
    TIM_ClearITPendingBit                    0x080024b5   Thumb Code     6  stm32f4xx_tim.o(.text)
    TIM_DMAConfig                            0x080024bb   Thumb Code    10  stm32f4xx_tim.o(.text)
    TIM_DMACmd                               0x080024c5   Thumb Code    18  stm32f4xx_tim.o(.text)
    TIM_SelectCCDMA                          0x080024d7   Thumb Code    24  stm32f4xx_tim.o(.text)
    TIM_InternalClockConfig                  0x080024ef   Thumb Code    12  stm32f4xx_tim.o(.text)
    TIM_SelectInputTrigger                   0x080024fb   Thumb Code    18  stm32f4xx_tim.o(.text)
    TIM_ITRxExternalClockConfig              0x0800250d   Thumb Code    24  stm32f4xx_tim.o(.text)
    TIM_TIxExternalClockConfig               0x08002525   Thumb Code    62  stm32f4xx_tim.o(.text)
    TIM_ETRConfig                            0x08002563   Thumb Code    28  stm32f4xx_tim.o(.text)
    TIM_ETRClockMode1Config                  0x0800257f   Thumb Code    54  stm32f4xx_tim.o(.text)
    TIM_ETRClockMode2Config                  0x080025b5   Thumb Code    32  stm32f4xx_tim.o(.text)
    TIM_SelectOutputTrigger                  0x080025d5   Thumb Code    18  stm32f4xx_tim.o(.text)
    TIM_SelectSlaveMode                      0x080025e7   Thumb Code    18  stm32f4xx_tim.o(.text)
    TIM_SelectMasterSlaveMode                0x080025f9   Thumb Code    18  stm32f4xx_tim.o(.text)
    TIM_EncoderInterfaceConfig               0x0800260b   Thumb Code    66  stm32f4xx_tim.o(.text)
    TIM_SelectHallSensor                     0x0800264d   Thumb Code    24  stm32f4xx_tim.o(.text)
    TIM_RemapConfig                          0x08002665   Thumb Code     6  stm32f4xx_tim.o(.text)
    USART_DeInit                             0x0800266d   Thumb Code   206  stm32f4xx_usart.o(.text)
    USART_Init                               0x0800273b   Thumb Code   204  stm32f4xx_usart.o(.text)
    USART_StructInit                         0x08002807   Thumb Code    24  stm32f4xx_usart.o(.text)
    USART_ClockInit                          0x0800281f   Thumb Code    32  stm32f4xx_usart.o(.text)
    USART_ClockStructInit                    0x0800283f   Thumb Code    12  stm32f4xx_usart.o(.text)
    USART_Cmd                                0x0800284b   Thumb Code    24  stm32f4xx_usart.o(.text)
    USART_SetPrescaler                       0x08002863   Thumb Code    16  stm32f4xx_usart.o(.text)
    USART_OverSampling8Cmd                   0x08002873   Thumb Code    22  stm32f4xx_usart.o(.text)
    USART_OneBitMethodCmd                    0x08002889   Thumb Code    24  stm32f4xx_usart.o(.text)
    USART_SendData                           0x080028a1   Thumb Code     8  stm32f4xx_usart.o(.text)
    USART_ReceiveData                        0x080028a9   Thumb Code    10  stm32f4xx_usart.o(.text)
    USART_SetAddress                         0x080028b3   Thumb Code    18  stm32f4xx_usart.o(.text)
    USART_ReceiverWakeUpCmd                  0x080028c5   Thumb Code    24  stm32f4xx_usart.o(.text)
    USART_WakeUpConfig                       0x080028dd   Thumb Code    18  stm32f4xx_usart.o(.text)
    USART_LINBreakDetectLengthConfig         0x080028ef   Thumb Code    18  stm32f4xx_usart.o(.text)
    USART_LINCmd                             0x08002901   Thumb Code    24  stm32f4xx_usart.o(.text)
    USART_SendBreak                          0x08002919   Thumb Code    10  stm32f4xx_usart.o(.text)
    USART_HalfDuplexCmd                      0x08002923   Thumb Code    24  stm32f4xx_usart.o(.text)
    USART_SetGuardTime                       0x0800293b   Thumb Code    16  stm32f4xx_usart.o(.text)
    USART_SmartCardCmd                       0x0800294b   Thumb Code    24  stm32f4xx_usart.o(.text)
    USART_SmartCardNACKCmd                   0x08002963   Thumb Code    24  stm32f4xx_usart.o(.text)
    USART_IrDAConfig                         0x0800297b   Thumb Code    18  stm32f4xx_usart.o(.text)
    USART_IrDACmd                            0x0800298d   Thumb Code    24  stm32f4xx_usart.o(.text)
    USART_DMACmd                             0x080029a5   Thumb Code    18  stm32f4xx_usart.o(.text)
    USART_ITConfig                           0x080029b7   Thumb Code    74  stm32f4xx_usart.o(.text)
    USART_GetFlagStatus                      0x08002a01   Thumb Code    26  stm32f4xx_usart.o(.text)
    USART_ClearFlag                          0x08002a1b   Thumb Code    18  stm32f4xx_usart.o(.text)
    USART_GetITStatus                        0x08002a2d   Thumb Code   118  stm32f4xx_usart.o(.text)
    USART_ClearITPendingBit                  0x08002aa3   Thumb Code    30  stm32f4xx_usart.o(.text)
    SysTick_Handler                          0x08002ac1   Thumb Code    16  delay.o(.text)
    delay_init                               0x08002ad1   Thumb Code    58  delay.o(.text)
    delay_us                                 0x08002b0b   Thumb Code    68  delay.o(.text)
    delay_ms                                 0x08002b4f   Thumb Code    60  delay.o(.text)
    delay_xms                                0x08002b8b   Thumb Code    24  delay.o(.text)
    _sys_exit                                0x08002bad   Thumb Code     4  usart.o(.text)
    fputc                                    0x08002bb1   Thumb Code    22  usart.o(.text)
    UART1_Init                               0x08002bc7   Thumb Code   166  usart.o(.text)
    Uart1_PutChar                            0x08002c6d   Thumb Code    30  usart.o(.text)
    Uart1_PutString                          0x08002c8b   Thumb Code    26  usart.o(.text)
    USART1_IRQHandler                        0x08002ca5   Thumb Code   236  usart.o(.text)
    USART3_Init                              0x08002d91   Thumb Code   164  usart.o(.text)
    USART3_IRQHandler                        0x08002e35   Thumb Code   228  usart.o(.text)
    Uart3_PutChar                            0x08002f19   Thumb Code    30  usart.o(.text)
    Uart3_PutString                          0x08002f37   Thumb Code    28  usart.o(.text)
    TIM4_PWMDMA_Config                       0x08002f81   Thumb Code   114  dma.o(.text)
    DMA1_Init                                0x08002ff3   Thumb Code    42  dma.o(.text)
    HC595Init                                0x08003025   Thumb Code    74  hc595.o(.text)
    HC595Send                                0x0800306f   Thumb Code    56  hc595.o(.text)
    HC595Load                                0x080030a7   Thumb Code    18  hc595.o(.text)
    SwitchOut                                0x080030b9   Thumb Code    22  hc595.o(.text)
    StepGPIO_Init                            0x080030dd   Thumb Code    94  stepmoto.o(.text)
    StepMotoInit                             0x0800313b   Thumb Code    16  stepmoto.o(.text)
    StepMoto1Move                            0x0800314b   Thumb Code   156  stepmoto.o(.text)
    DMA1_Stream0_IRQHandler                  0x080031e7   Thumb Code   190  stepmoto.o(.text)
    TIM3_Init                                0x080032d5   Thumb Code   122  timer.o(.text)
    TIM4_PWM_Config                          0x0800334f   Thumb Code   124  timer.o(.text)
    vListInitialise                          0x080033d9   Thumb Code    26  list.o(.text)
    vListInitialiseItem                      0x080033f3   Thumb Code     6  list.o(.text)
    vListInsertEnd                           0x080033f9   Thumb Code    24  list.o(.text)
    vListInsert                              0x08003411   Thumb Code    52  list.o(.text)
    uxListRemove                             0x08003445   Thumb Code    40  list.o(.text)
    xQueueGenericReset                       0x0800346d   Thumb Code   136  queue.o(.text)
    xQueueGenericCreate                      0x08003523   Thumb Code    78  queue.o(.text)
    xQueueGenericSend                        0x08003719   Thumb Code   456  queue.o(.text)
    xQueueCreateMutex                        0x080038fd   Thumb Code    34  queue.o(.text)
    xQueueGiveMutexRecursive                 0x0800391f   Thumb Code    66  queue.o(.text)
    xQueueGenericReceive                     0x080039a5   Thumb Code   428  queue.o(.text)
    xQueueTakeMutexRecursive                 0x08003b51   Thumb Code    76  queue.o(.text)
    xQueueCreateCountingSemaphore            0x08003b9d   Thumb Code    80  queue.o(.text)
    xQueueGenericSendFromISR                 0x08003bed   Thumb Code   252  queue.o(.text)
    xQueueGiveFromISR                        0x08003ce9   Thumb Code   228  queue.o(.text)
    xQueueReceiveFromISR                     0x08003dcd   Thumb Code   190  queue.o(.text)
    xQueuePeekFromISR                        0x08003e8b   Thumb Code   158  queue.o(.text)
    uxQueueMessagesWaiting                   0x08003f29   Thumb Code    36  queue.o(.text)
    uxQueueSpacesAvailable                   0x08003f4d   Thumb Code    42  queue.o(.text)
    uxQueueMessagesWaitingFromISR            0x08003f77   Thumb Code    28  queue.o(.text)
    vQueueUnregisterQueue                    0x08003f93   Thumb Code    44  queue.o(.text)
    vQueueDelete                             0x08003fbf   Thumb Code    38  queue.o(.text)
    uxQueueGetQueueNumber                    0x08003fe5   Thumb Code     6  queue.o(.text)
    vQueueSetQueueNumber                     0x08003feb   Thumb Code     4  queue.o(.text)
    ucQueueGetQueueType                      0x08003fef   Thumb Code     8  queue.o(.text)
    xQueueIsQueueEmptyFromISR                0x08003ff7   Thumb Code    36  queue.o(.text)
    xQueueIsQueueFullFromISR                 0x0800401b   Thumb Code    40  queue.o(.text)
    vQueueAddToRegistry                      0x08004043   Thumb Code    38  queue.o(.text)
    pcQueueGetName                           0x08004069   Thumb Code    38  queue.o(.text)
    vQueueWaitForMessageRestricted           0x0800408f   Thumb Code    74  queue.o(.text)
    xQueueCreateSet                          0x080040d9   Thumb Code    20  queue.o(.text)
    xQueueAddToSet                           0x080040ed   Thumb Code    38  queue.o(.text)
    xQueueRemoveFromSet                      0x08004113   Thumb Code    48  queue.o(.text)
    xQueueSelectFromSet                      0x08004143   Thumb Code    26  queue.o(.text)
    xQueueSelectFromSetFromISR               0x0800415d   Thumb Code    22  queue.o(.text)
    xTaskCreate                              0x08004305   Thumb Code    96  tasks.o(.text)
    vTaskDelete                              0x080043a1   Thumb Code   192  tasks.o(.text)
    xTaskIncrementTick                       0x08004461   Thumb Code   392  tasks.o(.text)
    xTaskResumeAll                           0x080045e9   Thumb Code   218  tasks.o(.text)
    vTaskSuspendAll                          0x0800473f   Thumb Code    12  tasks.o(.text)
    vTaskDelayUntil                          0x0800474b   Thumb Code   182  tasks.o(.text)
    vTaskDelay                               0x08004801   Thumb Code    76  tasks.o(.text)
    eTaskGetState                            0x0800484d   Thumb Code   106  tasks.o(.text)
    uxTaskPriorityGet                        0x080048b7   Thumb Code    30  tasks.o(.text)
    uxTaskPriorityGetFromISR                 0x080048d5   Thumb Code    62  tasks.o(.text)
    vTaskPrioritySet                         0x08004913   Thumb Code   320  tasks.o(.text)
    vTaskSwitchContext                       0x08004a53   Thumb Code   114  tasks.o(.text)
    vTaskSuspend                             0x08004ac5   Thumb Code   190  tasks.o(.text)
    vTaskResume                              0x08004bcf   Thumb Code   122  tasks.o(.text)
    xTaskResumeFromISR                       0x08004c49   Thumb Code   152  tasks.o(.text)
    vTaskStartScheduler                      0x08004d57   Thumb Code   112  tasks.o(.text)
    vTaskEndScheduler                        0x08004dc7   Thumb Code    32  tasks.o(.text)
    xTaskGetTickCount                        0x08004de7   Thumb Code     6  tasks.o(.text)
    xTaskGetTickCountFromISR                 0x08004ded   Thumb Code    16  tasks.o(.text)
    uxTaskGetNumberOfTasks                   0x08004dfd   Thumb Code     6  tasks.o(.text)
    pcTaskGetName                            0x08004e03   Thumb Code   114  tasks.o(.text)
    vTaskGetInfo                             0x08004e8b   Thumb Code   114  tasks.o(.text)
    uxTaskGetSystemState                     0x08004f67   Thumb Code   152  tasks.o(.text)
    vTaskPlaceOnEventList                    0x08004fff   Thumb Code    46  tasks.o(.text)
    vTaskPlaceOnUnorderedEventList           0x0800502d   Thumb Code    88  tasks.o(.text)
    vTaskPlaceOnEventListRestricted          0x08005085   Thumb Code    54  tasks.o(.text)
    xTaskRemoveFromEventList                 0x080050bb   Thumb Code   122  tasks.o(.text)
    xTaskRemoveFromUnorderedEventList        0x08005135   Thumb Code   142  tasks.o(.text)
    vTaskSetTimeOutState                     0x080051c3   Thumb Code    36  tasks.o(.text)
    xTaskCheckForTimeOut                     0x080051e7   Thumb Code   124  tasks.o(.text)
    vTaskMissedYield                         0x08005263   Thumb Code     8  tasks.o(.text)
    uxTaskGetTaskNumber                      0x0800526b   Thumb Code    66  tasks.o(.text)
    vTaskSetTaskNumber                       0x080052ad   Thumb Code     8  tasks.o(.text)
    xTaskGetCurrentTaskHandle                0x080052b5   Thumb Code     6  tasks.o(.text)
    xTaskGetSchedulerState                   0x080052bb   Thumb Code    24  tasks.o(.text)
    vTaskPriorityInherit                     0x080052d3   Thumb Code   164  tasks.o(.text)
    xTaskPriorityDisinherit                  0x08005377   Thumb Code   176  tasks.o(.text)
    uxTaskResetEventItemValue                0x08005427   Thumb Code    24  tasks.o(.text)
    pvTaskIncrementMutexHeldCount            0x0800543f   Thumb Code    26  tasks.o(.text)
    ulTaskNotifyTake                         0x08005459   Thumb Code   108  tasks.o(.text)
    xTaskNotifyWait                          0x080054c5   Thumb Code   150  tasks.o(.text)
    xTaskGenericNotify                       0x0800555b   Thumb Code   228  tasks.o(.text)
    xTaskGenericNotifyFromISR                0x0800563f   Thumb Code   314  tasks.o(.text)
    vTaskNotifyGiveFromISR                   0x08005779   Thumb Code   200  tasks.o(.text)
    xTaskNotifyStateClear                    0x08005841   Thumb Code    48  tasks.o(.text)
    xTimerGenericCommand                     0x080058dd   Thumb Code   118  timers.o(.text)
    xTimerCreateTimerTask                    0x08005c45   Thumb Code    56  timers.o(.text)
    xTimerCreate                             0x08005d1f   Thumb Code    48  timers.o(.text)
    xTimerGetTimerDaemonTaskHandle           0x08005d4f   Thumb Code    38  timers.o(.text)
    xTimerGetPeriod                          0x08005d75   Thumb Code    28  timers.o(.text)
    xTimerGetExpiryTime                      0x08005d91   Thumb Code    30  timers.o(.text)
    pcTimerGetName                           0x08005daf   Thumb Code    28  timers.o(.text)
    xTimerIsTimerActive                      0x08005dcb   Thumb Code    50  timers.o(.text)
    pvTimerGetTimerID                        0x08005dfd   Thumb Code    38  timers.o(.text)
    vTimerSetTimerID                         0x08005e23   Thumb Code    38  timers.o(.text)
    xTimerPendFunctionCallFromISR            0x08005e49   Thumb Code    48  timers.o(.text)
    xTimerPendFunctionCall                   0x08005e79   Thumb Code    70  timers.o(.text)
    pvPortMalloc                             0x08005f8b   Thumb Code   262  heap_4.o(.text)
    vPortFree                                0x08006091   Thumb Code   120  heap_4.o(.text)
    xPortGetFreeHeapSize                     0x08006109   Thumb Code     6  heap_4.o(.text)
    xPortGetMinimumEverFreeHeapSize          0x0800610f   Thumb Code     6  heap_4.o(.text)
    vPortInitialiseBlocks                    0x08006115   Thumb Code     2  heap_4.o(.text)
    pxPortInitialiseStack                    0x08006197   Thumb Code    38  port.o(.text)
    vPortSetupTimerInterrupt                 0x080061bd   Thumb Code    26  port.o(.text)
    xPortStartScheduler                      0x080061d7   Thumb Code   258  port.o(.text)
    vPortEndScheduler                        0x080062d9   Thumb Code    34  port.o(.text)
    vPortEnterCritical                       0x080062fb   Thumb Code    70  port.o(.text)
    vPortExitCritical                        0x08006341   Thumb Code    48  port.o(.text)
    xPortSysTickHandler                      0x08006371   Thumb Code    48  port.o(.text)
    vPortValidateInterruptPriority           0x080063a1   Thumb Code    88  port.o(.text)
    __use_no_semihosting                     0x08006455   Thumb Code     2  use_no_semi_2.o(.text)
    __2printf                                0x08006459   Thumb Code    20  noretval__2printf.o(.text)
    _printf_str                              0x08006471   Thumb Code    82  _printf_str.o(.text)
    _printf_int_dec                          0x080064c5   Thumb Code   104  _printf_dec.o(.text)
    _printf_int_hex                          0x0800653d   Thumb Code    84  _printf_hex_int.o(.text)
    _printf_longlong_hex                     0x0800653d   Thumb Code     0  _printf_hex_int.o(.text)
    __printf                                 0x08006595   Thumb Code   144  __printf_flags.o(.text)
    __aeabi_memcpy                           0x08006629   Thumb Code     0  rt_memcpy_v6.o(.text)
    __rt_memcpy                              0x08006629   Thumb Code   138  rt_memcpy_v6.o(.text)
    _memcpy_lastbytes                        0x0800668f   Thumb Code     0  rt_memcpy_v6.o(.text)
    __aeabi_memset                           0x080066b3   Thumb Code    16  aeabi_memset.o(.text)
    __aeabi_memclr                           0x080066c3   Thumb Code     0  rt_memclr.o(.text)
    __rt_memclr                              0x080066c3   Thumb Code    68  rt_memclr.o(.text)
    _memset                                  0x080066c7   Thumb Code     0  rt_memclr.o(.text)
    __aeabi_memclr4                          0x08006707   Thumb Code     0  rt_memclr_w.o(.text)
    __aeabi_memclr8                          0x08006707   Thumb Code     0  rt_memclr_w.o(.text)
    __rt_memclr_w                            0x08006707   Thumb Code    78  rt_memclr_w.o(.text)
    _memset_w                                0x0800670b   Thumb Code     0  rt_memclr_w.o(.text)
    __use_two_region_memory                  0x08006755   Thumb Code     2  heapauxi.o(.text)
    __rt_heap_escrow$2region                 0x08006757   Thumb Code     2  heapauxi.o(.text)
    __rt_heap_expand$2region                 0x08006759   Thumb Code     2  heapauxi.o(.text)
    __I$use$semihosting                      0x0800675b   Thumb Code     0  use_no_semi.o(.text)
    __use_no_semihosting_swi                 0x0800675b   Thumb Code     2  use_no_semi.o(.text)
    _printf_int_common                       0x0800675d   Thumb Code   178  _printf_intcommon.o(.text)
    _printf_cs_common                        0x0800680f   Thumb Code    20  _printf_char.o(.text)
    _printf_char                             0x08006823   Thumb Code    16  _printf_char.o(.text)
    _printf_string                           0x08006833   Thumb Code     8  _printf_char.o(.text)
    _printf_char_file                        0x0800683d   Thumb Code    32  _printf_char_file.o(.text)
    __aeabi_memcpy4                          0x08006861   Thumb Code     0  rt_memcpy_w.o(.text)
    __aeabi_memcpy8                          0x08006861   Thumb Code     0  rt_memcpy_w.o(.text)
    __rt_memcpy_w                            0x08006861   Thumb Code   100  rt_memcpy_w.o(.text)
    _memcpy_lastbytes_aligned                0x080068a9   Thumb Code     0  rt_memcpy_w.o(.text)
    _printf_char_common                      0x080068cf   Thumb Code    32  _printf_char_common.o(.text)
    ferror                                   0x080068f5   Thumb Code     8  ferror.o(.text)
    __user_setup_stackheap                   0x080068fd   Thumb Code    74  sys_stackheap_outer.o(.text)
    exit                                     0x08006947   Thumb Code    12  exit.o(.text)
    __user_libspace                          0x08006955   Thumb Code     8  libspace.o(.text)
    __user_perproc_libspace                  0x08006955   Thumb Code     0  libspace.o(.text)
    __user_perthread_libspace                0x08006955   Thumb Code     0  libspace.o(.text)
    _fp_init                                 0x0800695d   Thumb Code    10  fpinit.o(x$fpl$fpinit)
    __fplib_config_fpu_vfp                   0x08006965   Thumb Code     0  fpinit.o(x$fpl$fpinit)
    __fplib_config_pureend_doubles           0x08006965   Thumb Code     0  fpinit.o(x$fpl$fpinit)
    SteppMotoBuf1                            0x08006966   Data          96  stepmoto.o(.constdata)
    Region$$Table$$Base                      0x08006a00   Number         0  anon$$obj.o(Region$$Table)
    Region$$Table$$Limit                     0x08006a20   Number         0  anon$$obj.o(Region$$Table)
    Com_Task_Handler                         0x20000000   Data           4  main.o(.data)
    HMI_Task_Handler                         0x20000004   Data           4  main.o(.data)
    Valve_Task_Handler                       0x20000008   Data           4  main.o(.data)
    Step_Task_Handler                        0x2000000c   Data           4  main.o(.data)
    Start_Task_Handler                       0x20000010   Data           4  main.o(.data)
    Com_Queue                                0x20000014   Data           4  main.o(.data)
    Hmi_Queue                                0x20000018   Data           4  main.o(.data)
    Valve_Queue                              0x2000001c   Data           4  main.o(.data)
    Step_Queue                               0x20000020   Data           4  main.o(.data)
    Pump_Queue                               0x20000024   Data           4  main.o(.data)
    GetPWMCnt                                0x20000028   Data           4  main.o(.data)
    SystemCoreClock                          0x20000030   Data           4  system_stm32f4xx.o(.data)
    AHBPrescTable                            0x20000034   Data          16  system_stm32f4xx.o(.data)
    __stdout                                 0x20000058   Data           4  usart.o(.data)
    COM_RX_STA                               0x2000005c   Data           2  usart.o(.data)
    HMI_RX_STA                               0x2000005e   Data           2  usart.o(.data)
    Stepper_Mid_Steps                        0x20000060   Data           4  stepmoto.o(.data)
    Stepper_Run                              0x20000064   Data           2  stepmoto.o(.data)
    Stepper_Period                           0x20000066   Data           1  stepmoto.o(.data)
    pxCurrentTCB                             0x20000068   Data           4  tasks.o(.data)
    COM_RX_BUF                               0x200000dc   Data          64  usart.o(.bss)
    HMI_RX_BUF                               0x2000011c   Data          16  usart.o(.bss)
    SteppAccelBuf                            0x2000012c   Data          96  stepmoto.o(.bss)
    SteppDecelBuf                            0x2000018c   Data          96  stepmoto.o(.bss)
    xQueueRegistry                           0x200001ec   Data          64  queue.o(.bss)
    __libspace_start                         0x20005538   Data          96  libspace.o(.bss)
    __temporary_stack_top$libspace           0x20005598   Data           0  libspace.o(.bss)



==============================================================================

Memory Map of the image

  Image Entry point : 0x08000189

  Load Region LR_IROM1 (Base: 0x08000000, Size: 0x00006afc, Max: 0x00100000, ABSOLUTE)

    Execution Region ER_IROM1 (Base: 0x08000000, Size: 0x00006a20, Max: 0x00100000, ABSOLUTE)

    Base Addr    Size         Type   Attr      Idx    E Section Name        Object

    0x08000000   0x00000188   Data   RO          268    RESET               startup_stm32f40_41xxx.o
    0x08000188   0x00000008   Code   RO          985  * !!!main             c_w.l(__main.o)
    0x08000190   0x00000034   Code   RO         1156    !!!scatter          c_w.l(__scatter.o)
    0x080001c4   0x0000001a   Code   RO         1158    !!handler_copy      c_w.l(__scatter_copy.o)
    0x080001de   0x00000002   PAD
    0x080001e0   0x0000001c   Code   RO         1160    !!handler_zi        c_w.l(__scatter_zi.o)
    0x080001fc   0x00000000   Code   RO          974    .ARM.Collect$$_printf_percent$$00000000  c_w.l(_printf_percent.o)
    0x080001fc   0x00000006   Code   RO          973    .ARM.Collect$$_printf_percent$$00000009  c_w.l(_printf_d.o)
    0x08000202   0x00000006   Code   RO          972    .ARM.Collect$$_printf_percent$$0000000C  c_w.l(_printf_x.o)
    0x08000208   0x00000006   Code   RO          971    .ARM.Collect$$_printf_percent$$00000014  c_w.l(_printf_s.o)
    0x0800020e   0x00000004   Code   RO          996    .ARM.Collect$$_printf_percent$$00000017  c_w.l(_printf_percent_end.o)
    0x08000212   0x00000002   Code   RO         1031    .ARM.Collect$$libinit$$00000000  c_w.l(libinit.o)
    0x08000214   0x00000004   Code   RO         1037    .ARM.Collect$$libinit$$00000001  c_w.l(libinit2.o)
    0x08000218   0x00000000   Code   RO         1040    .ARM.Collect$$libinit$$00000004  c_w.l(libinit2.o)
    0x08000218   0x00000000   Code   RO         1043    .ARM.Collect$$libinit$$0000000A  c_w.l(libinit2.o)
    0x08000218   0x00000000   Code   RO         1045    .ARM.Collect$$libinit$$0000000C  c_w.l(libinit2.o)
    0x08000218   0x00000000   Code   RO         1047    .ARM.Collect$$libinit$$0000000E  c_w.l(libinit2.o)
    0x08000218   0x00000000   Code   RO         1050    .ARM.Collect$$libinit$$00000011  c_w.l(libinit2.o)
    0x08000218   0x00000000   Code   RO         1052    .ARM.Collect$$libinit$$00000013  c_w.l(libinit2.o)
    0x08000218   0x00000000   Code   RO         1054    .ARM.Collect$$libinit$$00000015  c_w.l(libinit2.o)
    0x08000218   0x00000000   Code   RO         1056    .ARM.Collect$$libinit$$00000017  c_w.l(libinit2.o)
    0x08000218   0x00000000   Code   RO         1058    .ARM.Collect$$libinit$$00000019  c_w.l(libinit2.o)
    0x08000218   0x00000000   Code   RO         1060    .ARM.Collect$$libinit$$0000001B  c_w.l(libinit2.o)
    0x08000218   0x00000000   Code   RO         1062    .ARM.Collect$$libinit$$0000001D  c_w.l(libinit2.o)
    0x08000218   0x00000000   Code   RO         1064    .ARM.Collect$$libinit$$0000001F  c_w.l(libinit2.o)
    0x08000218   0x00000000   Code   RO         1066    .ARM.Collect$$libinit$$00000021  c_w.l(libinit2.o)
    0x08000218   0x00000000   Code   RO         1068    .ARM.Collect$$libinit$$00000023  c_w.l(libinit2.o)
    0x08000218   0x00000000   Code   RO         1070    .ARM.Collect$$libinit$$00000025  c_w.l(libinit2.o)
    0x08000218   0x00000000   Code   RO         1074    .ARM.Collect$$libinit$$0000002C  c_w.l(libinit2.o)
    0x08000218   0x00000000   Code   RO         1076    .ARM.Collect$$libinit$$0000002E  c_w.l(libinit2.o)
    0x08000218   0x00000000   Code   RO         1078    .ARM.Collect$$libinit$$00000030  c_w.l(libinit2.o)
    0x08000218   0x00000000   Code   RO         1080    .ARM.Collect$$libinit$$00000032  c_w.l(libinit2.o)
    0x08000218   0x00000002   Code   RO         1081    .ARM.Collect$$libinit$$00000033  c_w.l(libinit2.o)
    0x0800021a   0x00000002   Code   RO         1099    .ARM.Collect$$libshutdown$$00000000  c_w.l(libshutdown.o)
    0x0800021c   0x00000000   Code   RO         1110    .ARM.Collect$$libshutdown$$00000003  c_w.l(libshutdown2.o)
    0x0800021c   0x00000000   Code   RO         1113    .ARM.Collect$$libshutdown$$00000006  c_w.l(libshutdown2.o)
    0x0800021c   0x00000000   Code   RO         1116    .ARM.Collect$$libshutdown$$00000009  c_w.l(libshutdown2.o)
    0x0800021c   0x00000000   Code   RO         1118    .ARM.Collect$$libshutdown$$0000000B  c_w.l(libshutdown2.o)
    0x0800021c   0x00000000   Code   RO         1121    .ARM.Collect$$libshutdown$$0000000E  c_w.l(libshutdown2.o)
    0x0800021c   0x00000002   Code   RO         1122    .ARM.Collect$$libshutdown$$0000000F  c_w.l(libshutdown2.o)
    0x0800021e   0x00000000   Code   RO          989    .ARM.Collect$$rtentry$$00000000  c_w.l(__rtentry.o)
    0x0800021e   0x00000000   Code   RO         1000    .ARM.Collect$$rtentry$$00000002  c_w.l(__rtentry2.o)
    0x0800021e   0x00000006   Code   RO         1012    .ARM.Collect$$rtentry$$00000004  c_w.l(__rtentry4.o)
    0x08000224   0x00000000   Code   RO         1002    .ARM.Collect$$rtentry$$00000009  c_w.l(__rtentry2.o)
    0x08000224   0x00000004   Code   RO         1003    .ARM.Collect$$rtentry$$0000000A  c_w.l(__rtentry2.o)
    0x08000228   0x00000000   Code   RO         1005    .ARM.Collect$$rtentry$$0000000C  c_w.l(__rtentry2.o)
    0x08000228   0x00000008   Code   RO         1006    .ARM.Collect$$rtentry$$0000000D  c_w.l(__rtentry2.o)
    0x08000230   0x00000002   Code   RO         1035    .ARM.Collect$$rtexit$$00000000  c_w.l(rtexit.o)
    0x08000232   0x00000000   Code   RO         1083    .ARM.Collect$$rtexit$$00000002  c_w.l(rtexit2.o)
    0x08000232   0x00000004   Code   RO         1084    .ARM.Collect$$rtexit$$00000003  c_w.l(rtexit2.o)
    0x08000236   0x00000006   Code   RO         1085    .ARM.Collect$$rtexit$$00000004  c_w.l(rtexit2.o)
    0x0800023c   0x000000b6   Code   RO          880    .emb_text           port.o
    0x080002f2   0x00000002   PAD
    0x080002f4   0x000006f8   Code   RO            3    .text               main.o
    0x080009ec   0x00000014   Code   RO          193    .text               stm32f4xx_it.o
    0x08000a00   0x00000210   Code   RO          242    .text               system_stm32f4xx.o
    0x08000c10   0x00000040   Code   RO          269    .text               startup_stm32f40_41xxx.o
    0x08000c50   0x000000e0   Code   RO          275    .text               misc.o
    0x08000d30   0x000003a8   Code   RO          295    .text               stm32f4xx_dma.o
    0x080010d8   0x00000294   Code   RO          315    .text               stm32f4xx_gpio.o
    0x0800136c   0x0000065c   Code   RO          335    .text               stm32f4xx_rcc.o
    0x080019c8   0x00000ca2   Code   RO          397    .text               stm32f4xx_tim.o
    0x0800266a   0x00000002   PAD
    0x0800266c   0x00000454   Code   RO          417    .text               stm32f4xx_usart.o
    0x08002ac0   0x000000ec   Code   RO          437    .text               delay.o
    0x08002bac   0x000003d4   Code   RO          493    .text               usart.o
    0x08002f80   0x000000a4   Code   RO          554    .text               dma.o
    0x08003024   0x000000b8   Code   RO          577    .text               hc595.o
    0x080030dc   0x000001f8   Code   RO          624    .text               stepmoto.o
    0x080032d4   0x00000104   Code   RO          655    .text               timer.o
    0x080033d8   0x00000094   Code   RO          749    .text               list.o
    0x0800346c   0x00000d0c   Code   RO          769    .text               queue.o
    0x08004178   0x00001714   Code   RO          795    .text               tasks.o
    0x0800588c   0x0000063c   Code   RO          834    .text               timers.o
    0x08005ec8   0x0000029c   Code   RO          857    .text               heap_4.o
    0x08006164   0x000002f0   Code   RO          881    .text               port.o
    0x08006454   0x00000002   Code   RO          918    .text               c_w.l(use_no_semi_2.o)
    0x08006456   0x00000002   PAD
    0x08006458   0x00000018   Code   RO          922    .text               c_w.l(noretval__2printf.o)
    0x08006470   0x00000052   Code   RO          926    .text               c_w.l(_printf_str.o)
    0x080064c2   0x00000002   PAD
    0x080064c4   0x00000078   Code   RO          928    .text               c_w.l(_printf_dec.o)
    0x0800653c   0x00000058   Code   RO          933    .text               c_w.l(_printf_hex_int.o)
    0x08006594   0x00000094   Code   RO          951    .text               c_w.l(__printf_flags.o)
    0x08006628   0x0000008a   Code   RO          975    .text               c_w.l(rt_memcpy_v6.o)
    0x080066b2   0x00000010   Code   RO          977    .text               c_w.l(aeabi_memset.o)
    0x080066c2   0x00000044   Code   RO          979    .text               c_w.l(rt_memclr.o)
    0x08006706   0x0000004e   Code   RO          981    .text               c_w.l(rt_memclr_w.o)
    0x08006754   0x00000006   Code   RO          983    .text               c_w.l(heapauxi.o)
    0x0800675a   0x00000002   Code   RO          987    .text               c_w.l(use_no_semi.o)
    0x0800675c   0x000000b2   Code   RO          990    .text               c_w.l(_printf_intcommon.o)
    0x0800680e   0x0000002c   Code   RO          992    .text               c_w.l(_printf_char.o)
    0x0800683a   0x00000002   PAD
    0x0800683c   0x00000024   Code   RO          994    .text               c_w.l(_printf_char_file.o)
    0x08006860   0x00000064   Code   RO          997    .text               c_w.l(rt_memcpy_w.o)
    0x080068c4   0x00000030   Code   RO         1014    .text               c_w.l(_printf_char_common.o)
    0x080068f4   0x00000008   Code   RO         1016    .text               c_w.l(ferror.o)
    0x080068fc   0x0000004a   Code   RO         1020    .text               c_w.l(sys_stackheap_outer.o)
    0x08006946   0x0000000c   Code   RO         1024    .text               c_w.l(exit.o)
    0x08006952   0x00000002   PAD
    0x08006954   0x00000008   Code   RO         1032    .text               c_w.l(libspace.o)
    0x0800695c   0x0000000a   Code   RO         1091    x$fpl$fpinit        fz_wm.l(fpinit.o)
    0x08006966   0x00000060   Data   RO          626    .constdata          stepmoto.o
    0x080069c6   0x00000028   Data   RO          934    .constdata          c_w.l(_printf_hex_int.o)
    0x080069ee   0x00000011   Data   RO          952    .constdata          c_w.l(__printf_flags.o)
    0x080069ff   0x00000001   PAD
    0x08006a00   0x00000020   Data   RO         1154    Region$$Table       anon$$obj.o


    Execution Region RW_IRAM1 (Base: 0x20000000, Size: 0x00005b98, Max: 0x00020000, ABSOLUTE)

    Base Addr    Size         Type   Attr      Idx    E Section Name        Object

    0x20000000   0x00000030   Data   RW            4    .data               main.o
    0x20000030   0x00000014   Data   RW          243    .data               system_stm32f4xx.o
    0x20000044   0x00000010   Data   RW          336    .data               stm32f4xx_rcc.o
    0x20000054   0x00000004   Data   RW          438    .data               delay.o
    0x20000058   0x00000008   Data   RW          495    .data               usart.o
    0x20000060   0x00000007   Data   RW          627    .data               stepmoto.o
    0x20000067   0x00000001   PAD
    0x20000068   0x0000003c   Data   RW          797    .data               tasks.o
    0x200000a4   0x00000014   Data   RW          836    .data               timers.o
    0x200000b8   0x00000018   Data   RW          859    .data               heap_4.o
    0x200000d0   0x0000000c   Data   RW          882    .data               port.o
    0x200000dc   0x00000050   Zero   RW          494    .bss                usart.o
    0x2000012c   0x000000c0   Zero   RW          625    .bss                stepmoto.o
    0x200001ec   0x00000040   Zero   RW          770    .bss                queue.o
    0x2000022c   0x000002e4   Zero   RW          796    .bss                tasks.o
    0x20000510   0x00000028   Zero   RW          835    .bss                timers.o
    0x20000538   0x00005000   Zero   RW          858    .bss                heap_4.o
    0x20005538   0x00000060   Zero   RW         1033    .bss                c_w.l(libspace.o)
    0x20005598   0x00000200   Zero   RW          267    HEAP                startup_stm32f40_41xxx.o
    0x20005798   0x00000400   Zero   RW          266    STACK               startup_stm32f40_41xxx.o


==============================================================================

Image component sizes


      Code (inc. data)   RO Data    RW Data    ZI Data      Debug   Object Name

       236         10          0          4          0       1553   delay.o
       164          8          0          0          0       1087   dma.o
         0          0          0          0          0      11604   event_groups.o
       184         14          0          0          0       1142   hc595.o
       668         78          0         24      20480       3232   heap_4.o
       148          0          0          0          0       1850   list.o
      1784        172          0         48          0     311103   main.o
       224         20          0          0          0       1741   misc.o
       934        108          0         12          0       8131   port.o
      3340         52          0          0         64      15706   queue.o
        64         26        392          0       1536        796   startup_stm32f40_41xxx.o
       504         48         96          7        192       1936   stepmoto.o
       936         32          0          0          0       6217   stm32f4xx_dma.o
       660         44          0          0          0       4021   stm32f4xx_gpio.o
        20          0          0          0          0        923   stm32f4xx_it.o
      1628         52          0         16          0      12776   stm32f4xx_rcc.o
      3234         60          0          0          0      22220   stm32f4xx_tim.o
      1108         34          0          0          0       7716   stm32f4xx_usart.o
       528         46          0         20          0       1711   system_stm32f4xx.o
      5908        376          0         60        740      30470   tasks.o
       260         14          0          0          0        876   timer.o
      1596        108          0         20         40       8316   timers.o
       980         46          0          8         80       5069   usart.o

    ----------------------------------------------------------------------
     25112       1348        520        220      23132     460196   Object Totals
         0          0         32          0          0          0   (incl. Generated)
         4          0          0          1          0          0   (incl. Padding)

    ----------------------------------------------------------------------

      Code (inc. data)   RO Data    RW Data    ZI Data      Debug   Library Member Name

         8          0          0          0          0         68   __main.o
       148          4         17          0          0         84   __printf_flags.o
         0          0          0          0          0          0   __rtentry.o
        12          0          0          0          0          0   __rtentry2.o
         6          0          0          0          0          0   __rtentry4.o
        52          8          0          0          0          0   __scatter.o
        26          0          0          0          0          0   __scatter_copy.o
        28          0          0          0          0          0   __scatter_zi.o
        44          0          0          0          0        108   _printf_char.o
        48          6          0          0          0         96   _printf_char_common.o
        36          4          0          0          0         80   _printf_char_file.o
         6          0          0          0          0          0   _printf_d.o
       120         16          0          0          0         92   _printf_dec.o
        88          4         40          0          0         88   _printf_hex_int.o
       178          0          0          0          0         88   _printf_intcommon.o
         0          0          0          0          0          0   _printf_percent.o
         4          0          0          0          0          0   _printf_percent_end.o
         6          0          0          0          0          0   _printf_s.o
        82          0          0          0          0         80   _printf_str.o
         6          0          0          0          0          0   _printf_x.o
        16          0          0          0          0         68   aeabi_memset.o
        12          0          0          0          0         72   exit.o
         8          0          0          0          0         68   ferror.o
         6          0          0          0          0        152   heapauxi.o
         2          0          0          0          0          0   libinit.o
         6          0          0          0          0          0   libinit2.o
         2          0          0          0          0          0   libshutdown.o
         2          0          0          0          0          0   libshutdown2.o
         8          4          0          0         96         68   libspace.o
        24          4          0          0          0         84   noretval__2printf.o
        68          0          0          0          0         68   rt_memclr.o
        78          0          0          0          0         80   rt_memclr_w.o
       138          0          0          0          0         68   rt_memcpy_v6.o
       100          0          0          0          0         80   rt_memcpy_w.o
         2          0          0          0          0          0   rtexit.o
        10          0          0          0          0          0   rtexit2.o
        74          0          0          0          0         80   sys_stackheap_outer.o
         2          0          0          0          0         68   use_no_semi.o
         2          0          0          0          0         68   use_no_semi_2.o
        10          0          0          0          0        116   fpinit.o

    ----------------------------------------------------------------------
      1478         50         58          0         96       1924   Library Totals
        10          0          1          0          0          0   (incl. Padding)

    ----------------------------------------------------------------------

      Code (inc. data)   RO Data    RW Data    ZI Data      Debug   Library Name

      1458         50         57          0         96       1808   c_w.l
        10          0          0          0          0        116   fz_wm.l

    ----------------------------------------------------------------------
      1478         50         58          0         96       1924   Library Totals

    ----------------------------------------------------------------------

==============================================================================


      Code (inc. data)   RO Data    RW Data    ZI Data      Debug   

     26590       1398        578        220      23228     456284   Grand Totals
     26590       1398        578        220      23228     456284   ELF Image Totals
     26590       1398        578        220          0          0   ROM Totals

==============================================================================

    Total RO  Size (Code + RO Data)                27168 (  26.53kB)
    Total RW  Size (RW Data + ZI Data)             23448 (  22.90kB)
    Total ROM Size (Code + RO Data + RW Data)      27388 (  26.75kB)

==============================================================================

